[6T7_K4_b] F = x^6 - 6*x^4 + 8*x^2 - 1  (6T7, |G_F| = 24),  K = x^2 + 1,  E: R = x^12 - 6*x^11 + 18*x^10 - 24*x^9 + 20*x^8 - 24*x^7 + 72*x^6 - 90*x^5 + 60*x^4 - 12*x^3 + 1
  disc(E) = [2, 16; 229, 4], class group cyc = [2], time 0.0s
  N (multiple of #mu(L)) = 2227680
  p = 617: split completely; G_F action: nfsplitting + p-adic roots
   S=(1, 1, 1, 2, 2, 2) bal=True q=617^1 sym=True |r|ok=True irr=True ord=True geom=False normrel=True rankM=4 (exact) angle_rank=3
   S=(1, 1, 2, 1, 2, 2) bal=True q=617^1 sym=True |r|ok=True irr=False ord=True geom=False normrel=True rankM=4 (exact) angle_rank=3
   S=(1, 1, 2, 2, 1, 2) bal=True q=617^1 sym=True |r|ok=True irr=True ord=True geom=True normrel=True rankM=6 (exact) angle_rank=5
   S=(1, 1, 2, 2, 2, 1) bal=True q=617^1 sym=True |r|ok=True irr=True ord=True geom=True normrel=True rankM=6 (exact) angle_rank=5
   S=(1, 1, 2, 2, 2, 2) bal=False q=617^1 sym=True |r|ok=True irr=True ord=True geom=True normrel=False rankM=7 (exact) angle_rank=6
   S=(1, 2, 1, 1, 2, 2) bal=True q=617^1 sym=True |r|ok=True irr=True ord=True geom=True normrel=True rankM=6 (exact) angle_rank=5
   S=(1, 2, 1, 2, 1, 2) bal=True q=617^1 sym=True |r|ok=True irr=True ord=True geom=False normrel=True rankM=4 (exact) angle_rank=3
   S=(1, 2, 1, 2, 2, 1) bal=True q=617^1 sym=True |r|ok=True irr=True ord=True geom=True normrel=True rankM=6 (exact) angle_rank=5
   S=(1, 2, 1, 2, 2, 2) bal=False q=617^1 sym=True |r|ok=True irr=True ord=True geom=True normrel=False rankM=7 (exact) angle_rank=6
   S=(1, 2, 2, 1, 1, 2) bal=True q=617^1 sym=True |r|ok=True irr=True ord=True geom=False normrel=True rankM=4 (exact) angle_rank=3
   S=(1, 2, 2, 1, 2, 1) bal=True q=617^1 sym=True |r|ok=True irr=True ord=True geom=True normrel=True rankM=6 (exact) angle_rank=5
   S=(1, 2, 2, 1, 2, 2) bal=False q=617^1 sym=True |r|ok=True irr=True ord=True geom=True normrel=False rankM=7 (exact) angle_rank=6
   S=(1, 2, 2, 2, 1, 1) bal=True q=617^1 sym=True |r|ok=True irr=True ord=True geom=True normrel=True rankM=6 (exact) angle_rank=5
   S=(1, 2, 2, 2, 1, 2) bal=False q=617^1 sym=True |r|ok=True irr=True ord=True geom=True normrel=False rankM=7 (exact) angle_rank=6
   S=(1, 2, 2, 2, 2, 1) bal=False q=617^1 sym=True |r|ok=True irr=False ord=True geom=False normrel=False rankM=4 (exact) angle_rank=3
  p = 1321: split completely; G_F action: nfsplitting + p-adic roots
   S=(1, 1, 1, 2, 2, 2) bal=True q=1321^1 sym=True |r|ok=True irr=True ord=True geom=False normrel=True rankM=4 (exact) angle_rank=3
   S=(1, 1, 2, 1, 2, 2) bal=True q=1321^1 sym=True |r|ok=True irr=True ord=True geom=False normrel=True rankM=4 (exact) angle_rank=3
   S=(1, 1, 2, 2, 1, 2) bal=True q=1321^1 sym=True |r|ok=True irr=True ord=True geom=True normrel=True rankM=6 (exact) angle_rank=5
   S=(1, 1, 2, 2, 2, 1) bal=True q=1321^1 sym=True |r|ok=True irr=True ord=True geom=True normrel=True rankM=6 (exact) angle_rank=5
   S=(1, 1, 2, 2, 2, 2) bal=False q=1321^1 sym=True |r|ok=True irr=True ord=True geom=True normrel=False rankM=7 (exact) angle_rank=6
   S=(1, 2, 1, 1, 2, 2) bal=True q=1321^1 sym=True |r|ok=True irr=True ord=True geom=True normrel=True rankM=6 (exact) angle_rank=5
   S=(1, 2, 1, 2, 1, 2) bal=True q=1321^1 sym=True |r|ok=True irr=True ord=True geom=False normrel=True rankM=4 (exact) angle_rank=3
   S=(1, 2, 1, 2, 2, 1) bal=True q=1321^1 sym=True |r|ok=True irr=True ord=True geom=True normrel=True rankM=6 (exact) angle_rank=5
   S=(1, 2, 1, 2, 2, 2) bal=False q=1321^1 sym=True |r|ok=True irr=True ord=True geom=True normrel=False rankM=7 (exact) angle_rank=6
   S=(1, 2, 2, 1, 1, 2) bal=True q=1321^1 sym=True |r|ok=True irr=True ord=True geom=False normrel=True rankM=4 (exact) angle_rank=3
   S=(1, 2, 2, 1, 2, 1) bal=True q=1321^1 sym=True |r|ok=True irr=True ord=True geom=True normrel=True rankM=6 (exact) angle_rank=5
   S=(1, 2, 2, 1, 2, 2) bal=False q=1321^1 sym=True |r|ok=True irr=True ord=True geom=True normrel=False rankM=7 (exact) angle_rank=6
   S=(1, 2, 2, 2, 1, 1) bal=True q=1321^1 sym=True |r|ok=True irr=True ord=True geom=True normrel=True rankM=6 (exact) angle_rank=5
   S=(1, 2, 2, 2, 1, 2) bal=False q=1321^1 sym=True |r|ok=True irr=True ord=True geom=True normrel=False rankM=7 (exact) angle_rank=6
   S=(1, 2, 2, 2, 2, 1) bal=False q=1321^1 sym=True |r|ok=True irr=False ord=True geom=False normrel=False rankM=4 (exact) angle_rank=3
  p = 2657: split completely; G_F action: nfsplitting + p-adic roots
   S=(1, 1, 1, 2, 2, 2) bal=True q=2657^1 sym=True |r|ok=True irr=True ord=True geom=False normrel=True rankM=4 (exact) angle_rank=3
   S=(1, 1, 2, 1, 2, 2) bal=True q=2657^1 sym=True |r|ok=True irr=False ord=True geom=False normrel=True rankM=4 (exact) angle_rank=3
   S=(1, 1, 2, 2, 1, 2) bal=True q=2657^1 sym=True |r|ok=True irr=True ord=True geom=True normrel=True rankM=6 (exact) angle_rank=5
   S=(1, 1, 2, 2, 2, 1) bal=True q=2657^1 sym=True |r|ok=True irr=True ord=True geom=True normrel=True rankM=6 (exact) angle_rank=5
   S=(1, 1, 2, 2, 2, 2) bal=False q=2657^1 sym=True |r|ok=True irr=True ord=True geom=True normrel=False rankM=7 (exact) angle_rank=6
   S=(1, 2, 1, 1, 2, 2) bal=True q=2657^1 sym=True |r|ok=True irr=True ord=True geom=True normrel=True rankM=6 (exact) angle_rank=5
   S=(1, 2, 1, 2, 1, 2) bal=True q=2657^1 sym=True |r|ok=True irr=True ord=True geom=False normrel=True rankM=4 (exact) angle_rank=3
   S=(1, 2, 1, 2, 2, 1) bal=True q=2657^1 sym=True |r|ok=True irr=True ord=True geom=True normrel=True rankM=6 (exact) angle_rank=5
   S=(1, 2, 1, 2, 2, 2) bal=False q=2657^1 sym=True |r|ok=True irr=True ord=True geom=True normrel=False rankM=7 (exact) angle_rank=6
   S=(1, 2, 2, 1, 1, 2) bal=True q=2657^1 sym=True |r|ok=True irr=False ord=True geom=False normrel=True rankM=4 (exact) angle_rank=3
   S=(1, 2, 2, 1, 2, 1) bal=True q=2657^1 sym=True |r|ok=True irr=True ord=True geom=True normrel=True rankM=6 (exact) angle_rank=5
   S=(1, 2, 2, 1, 2, 2) bal=False q=2657^1 sym=True |r|ok=True irr=True ord=True geom=True normrel=False rankM=7 (exact) angle_rank=6
   S=(1, 2, 2, 2, 1, 1) bal=True q=2657^1 sym=True |r|ok=True irr=True ord=True geom=True normrel=True rankM=6 (exact) angle_rank=5
   S=(1, 2, 2, 2, 1, 2) bal=False q=2657^1 sym=True |r|ok=True irr=True ord=True geom=True normrel=False rankM=7 (exact) angle_rank=6
   S=(1, 2, 2, 2, 2, 1) bal=False q=2657^1 sym=True |r|ok=True irr=False ord=True geom=False normrel=False rankM=4 (exact) angle_rank=3
  p = 2677: split completely; G_F action: nfsplitting + p-adic roots
   S=(1, 1, 1, 2, 2, 2) bal=True q=2677^1 sym=True |r|ok=True irr=True ord=True geom=False normrel=True rankM=4 (exact) angle_rank=3
   S=(1, 1, 2, 1, 2, 2) bal=True q=2677^1 sym=True |r|ok=True irr=True ord=True geom=False normrel=True rankM=4 (exact) angle_rank=3
   S=(1, 1, 2, 2, 1, 2) bal=True q=2677^1 sym=True |r|ok=True irr=True ord=True geom=True normrel=True rankM=6 (exact) angle_rank=5
   S=(1, 1, 2, 2, 2, 1) bal=True q=2677^1 sym=True |r|ok=True irr=True ord=True geom=True normrel=True rankM=6 (exact) angle_rank=5
   S=(1, 1, 2, 2, 2, 2) bal=False q=2677^1 sym=True |r|ok=True irr=True ord=True geom=True normrel=False rankM=7 (exact) angle_rank=6
   S=(1, 2, 1, 1, 2, 2) bal=True q=2677^1 sym=True |r|ok=True irr=True ord=True geom=True normrel=True rankM=6 (exact) angle_rank=5
   S=(1, 2, 1, 2, 1, 2) bal=True q=2677^1 sym=True |r|ok=True irr=False ord=True geom=False normrel=True rankM=4 (exact) angle_rank=3
   S=(1, 2, 1, 2, 2, 1) bal=True q=2677^1 sym=True |r|ok=True irr=True ord=True geom=True normrel=True rankM=6 (exact) angle_rank=5
   S=(1, 2, 1, 2, 2, 2) bal=False q=2677^1 sym=True |r|ok=True irr=True ord=True geom=True normrel=False rankM=7 (exact) angle_rank=6
   S=(1, 2, 2, 1, 1, 2) bal=True q=2677^1 sym=True |r|ok=True irr=True ord=True geom=False normrel=True rankM=4 (exact) angle_rank=3
   S=(1, 2, 2, 1, 2, 1) bal=True q=2677^1 sym=True |r|ok=True irr=True ord=True geom=True normrel=True rankM=6 (exact) angle_rank=5
   S=(1, 2, 2, 1, 2, 2) bal=False q=2677^1 sym=True |r|ok=True irr=True ord=True geom=True normrel=False rankM=7 (exact) angle_rank=6
   S=(1, 2, 2, 2, 1, 1) bal=True q=2677^1 sym=True |r|ok=True irr=True ord=True geom=True normrel=True rankM=6 (exact) angle_rank=5
   S=(1, 2, 2, 2, 1, 2) bal=False q=2677^1 sym=True |r|ok=True irr=True ord=True geom=True normrel=False rankM=7 (exact) angle_rank=6
   S=(1, 2, 2, 2, 2, 1) bal=False q=2677^1 sym=True |r|ok=True irr=False ord=True geom=False normrel=False rankM=4 (exact) angle_rank=3
  p = 2749: split completely; G_F action: nfsplitting + p-adic roots
   S=(1, 1, 1, 2, 2, 2) bal=True q=2749^1 sym=True |r|ok=True irr=True ord=True geom=False normrel=True rankM=4 (exact) angle_rank=3
   S=(1, 1, 2, 1, 2, 2) bal=True q=2749^1 sym=True |r|ok=True irr=True ord=True geom=False normrel=True rankM=4 (exact) angle_rank=3
   S=(1, 1, 2, 2, 1, 2) bal=True q=2749^1 sym=True |r|ok=True irr=True ord=True geom=True normrel=True rankM=6 (exact) angle_rank=5
   S=(1, 1, 2, 2, 2, 1) bal=True q=2749^1 sym=True |r|ok=True irr=True ord=True geom=True normrel=True rankM=6 (exact) angle_rank=5
   S=(1, 1, 2, 2, 2, 2) bal=False q=2749^1 sym=True |r|ok=True irr=True ord=True geom=True normrel=False rankM=7 (exact) angle_rank=6
   S=(1, 2, 1, 1, 2, 2) bal=True q=2749^1 sym=True |r|ok=True irr=True ord=True geom=True normrel=True rankM=6 (exact) angle_rank=5
   S=(1, 2, 1, 2, 1, 2) bal=True q=2749^1 sym=True |r|ok=True irr=True ord=True geom=False normrel=True rankM=4 (exact) angle_rank=3
   S=(1, 2, 1, 2, 2, 1) bal=True q=2749^1 sym=True |r|ok=True irr=True ord=True geom=True normrel=True rankM=6 (exact) angle_rank=5
   S=(1, 2, 1, 2, 2, 2) bal=False q=2749^1 sym=True |r|ok=True irr=True ord=True geom=True normrel=False rankM=7 (exact) angle_rank=6
   S=(1, 2, 2, 1, 1, 2) bal=True q=2749^1 sym=True |r|ok=True irr=False ord=True geom=False normrel=True rankM=4 (exact) angle_rank=3
   S=(1, 2, 2, 1, 2, 1) bal=True q=2749^1 sym=True |r|ok=True irr=True ord=True geom=True normrel=True rankM=6 (exact) angle_rank=5
   S=(1, 2, 2, 1, 2, 2) bal=False q=2749^1 sym=True |r|ok=True irr=True ord=True geom=True normrel=False rankM=7 (exact) angle_rank=6
   S=(1, 2, 2, 2, 1, 1) bal=True q=2749^1 sym=True |r|ok=True irr=True ord=True geom=True normrel=True rankM=6 (exact) angle_rank=5
   S=(1, 2, 2, 2, 1, 2) bal=False q=2749^1 sym=True |r|ok=True irr=True ord=True geom=True normrel=False rankM=7 (exact) angle_rank=6
   S=(1, 2, 2, 2, 2, 1) bal=False q=2749^1 sym=True |r|ok=True irr=False ord=True geom=False normrel=False rankM=4 (exact) angle_rank=3
  p = 3373: split completely; G_F action: nfsplitting + p-adic roots
   S=(1, 1, 1, 2, 2, 2) bal=True q=3373^1 sym=True |r|ok=True irr=True ord=True geom=False normrel=True rankM=4 (exact) angle_rank=3
   S=(1, 1, 2, 1, 2, 2) bal=True q=3373^1 sym=True |r|ok=True irr=False ord=True geom=False normrel=True rankM=4 (exact) angle_rank=3
   S=(1, 1, 2, 2, 1, 2) bal=True q=3373^1 sym=True |r|ok=True irr=True ord=True geom=True normrel=True rankM=6 (exact) angle_rank=5
   S=(1, 1, 2, 2, 2, 1) bal=True q=3373^1 sym=True |r|ok=True irr=True ord=True geom=True normrel=True rankM=6 (exact) angle_rank=5
   S=(1, 1, 2, 2, 2, 2) bal=False q=3373^1 sym=True |r|ok=True irr=True ord=True geom=True normrel=False rankM=7 (exact) angle_rank=6
   S=(1, 2, 1, 1, 2, 2) bal=True q=3373^1 sym=True |r|ok=True irr=True ord=True geom=True normrel=True rankM=6 (exact) angle_rank=5
   S=(1, 2, 1, 2, 1, 2) bal=True q=3373^1 sym=True |r|ok=True irr=True ord=True geom=False normrel=True rankM=4 (exact) angle_rank=3
   S=(1, 2, 1, 2, 2, 1) bal=True q=3373^1 sym=True |r|ok=True irr=True ord=True geom=True normrel=True rankM=6 (exact) angle_rank=5
   S=(1, 2, 1, 2, 2, 2) bal=False q=3373^1 sym=True |r|ok=True irr=True ord=True geom=True normrel=False rankM=7 (exact) angle_rank=6
   S=(1, 2, 2, 1, 1, 2) bal=True q=3373^1 sym=True |r|ok=True irr=True ord=True geom=False normrel=True rankM=4 (exact) angle_rank=3
   S=(1, 2, 2, 1, 2, 1) bal=True q=3373^1 sym=True |r|ok=True irr=True ord=True geom=True normrel=True rankM=6 (exact) angle_rank=5
   S=(1, 2, 2, 1, 2, 2) bal=False q=3373^1 sym=True |r|ok=True irr=True ord=True geom=True normrel=False rankM=7 (exact) angle_rank=6
   S=(1, 2, 2, 2, 1, 1) bal=True q=3373^1 sym=True |r|ok=True irr=True ord=True geom=True normrel=True rankM=6 (exact) angle_rank=5
   S=(1, 2, 2, 2, 1, 2) bal=False q=3373^1 sym=True |r|ok=True irr=True ord=True geom=True normrel=False rankM=7 (exact) angle_rank=6
   S=(1, 2, 2, 2, 2, 1) bal=False q=3373^1 sym=True |r|ok=True irr=False ord=True geom=False normrel=False rankM=4 (exact) angle_rank=3
  p = 3581: split completely; G_F action: nfsplitting + p-adic roots
   S=(1, 1, 1, 2, 2, 2) bal=True q=3581^1 sym=True |r|ok=True irr=True ord=True geom=False normrel=True rankM=4 (exact) angle_rank=3
   S=(1, 1, 2, 1, 2, 2) bal=True q=3581^1 sym=True |r|ok=True irr=True ord=True geom=False normrel=True rankM=4 (exact) angle_rank=3
   S=(1, 1, 2, 2, 1, 2) bal=True q=3581^1 sym=True |r|ok=True irr=True ord=True geom=True normrel=True rankM=6 (exact) angle_rank=5
   S=(1, 1, 2, 2, 2, 1) bal=True q=3581^1 sym=True |r|ok=True irr=True ord=True geom=True normrel=True rankM=6 (exact) angle_rank=5
   S=(1, 1, 2, 2, 2, 2) bal=False q=3581^1 sym=True |r|ok=True irr=True ord=True geom=True normrel=False rankM=7 (exact) angle_rank=6
   S=(1, 2, 1, 1, 2, 2) bal=True q=3581^1 sym=True |r|ok=True irr=True ord=True geom=True normrel=True rankM=6 (exact) angle_rank=5
   S=(1, 2, 1, 2, 1, 2) bal=True q=3581^1 sym=True |r|ok=True irr=True ord=True geom=False normrel=True rankM=4 (exact) angle_rank=3
   S=(1, 2, 1, 2, 2, 1) bal=True q=3581^1 sym=True |r|ok=True irr=True ord=True geom=True normrel=True rankM=6 (exact) angle_rank=5
   S=(1, 2, 1, 2, 2, 2) bal=False q=3581^1 sym=True |r|ok=True irr=True ord=True geom=True normrel=False rankM=7 (exact) angle_rank=6
   S=(1, 2, 2, 1, 1, 2) bal=True q=3581^1 sym=True |r|ok=True irr=True ord=True geom=False normrel=True rankM=4 (exact) angle_rank=3
   S=(1, 2, 2, 1, 2, 1) bal=True q=3581^1 sym=True |r|ok=True irr=True ord=True geom=True normrel=True rankM=6 (exact) angle_rank=5
   S=(1, 2, 2, 1, 2, 2) bal=False q=3581^1 sym=True |r|ok=True irr=True ord=True geom=True normrel=False rankM=7 (exact) angle_rank=6
   S=(1, 2, 2, 2, 1, 1) bal=True q=3581^1 sym=True |r|ok=True irr=True ord=True geom=True normrel=True rankM=6 (exact) angle_rank=5
   S=(1, 2, 2, 2, 1, 2) bal=False q=3581^1 sym=True |r|ok=True irr=True ord=True geom=True normrel=False rankM=7 (exact) angle_rank=6
   S=(1, 2, 2, 2, 2, 1) bal=False q=3581^1 sym=True |r|ok=True irr=False ord=True geom=False normrel=False rankM=4 (exact) angle_rank=3
  p = 3637: split completely; G_F action: nfsplitting + p-adic roots
   S=(1, 1, 1, 2, 2, 2) bal=True q=3637^1 sym=True |r|ok=True irr=True ord=True geom=False normrel=True rankM=4 (exact) angle_rank=3
   S=(1, 1, 2, 1, 2, 2) bal=True q=3637^1 sym=True |r|ok=True irr=True ord=True geom=False normrel=True rankM=4 (exact) angle_rank=3
   S=(1, 1, 2, 2, 1, 2) bal=True q=3637^1 sym=True |r|ok=True irr=True ord=True geom=True normrel=True rankM=6 (exact) angle_rank=5
   S=(1, 1, 2, 2, 2, 1) bal=True q=3637^1 sym=True |r|ok=True irr=True ord=True geom=True normrel=True rankM=6 (exact) angle_rank=5
   S=(1, 1, 2, 2, 2, 2) bal=False q=3637^1 sym=True |r|ok=True irr=True ord=True geom=True normrel=False rankM=7 (exact) angle_rank=6
   S=(1, 2, 1, 1, 2, 2) bal=True q=3637^1 sym=True |r|ok=True irr=True ord=True geom=True normrel=True rankM=6 (exact) angle_rank=5
   S=(1, 2, 1, 2, 1, 2) bal=True q=3637^1 sym=True |r|ok=True irr=False ord=True geom=False normrel=True rankM=4 (exact) angle_rank=3
   S=(1, 2, 1, 2, 2, 1) bal=True q=3637^1 sym=True |r|ok=True irr=True ord=True geom=True normrel=True rankM=6 (exact) angle_rank=5
   S=(1, 2, 1, 2, 2, 2) bal=False q=3637^1 sym=True |r|ok=True irr=True ord=True geom=True normrel=False rankM=7 (exact) angle_rank=6
   S=(1, 2, 2, 1, 1, 2) bal=True q=3637^1 sym=True |r|ok=True irr=True ord=True geom=False normrel=True rankM=4 (exact) angle_rank=3
   S=(1, 2, 2, 1, 2, 1) bal=True q=3637^1 sym=True |r|ok=True irr=True ord=True geom=True normrel=True rankM=6 (exact) angle_rank=5
   S=(1, 2, 2, 1, 2, 2) bal=False q=3637^1 sym=True |r|ok=True irr=True ord=True geom=True normrel=False rankM=7 (exact) angle_rank=6
   S=(1, 2, 2, 2, 1, 1) bal=True q=3637^1 sym=True |r|ok=True irr=True ord=True geom=True normrel=True rankM=6 (exact) angle_rank=5
   S=(1, 2, 2, 2, 1, 2) bal=False q=3637^1 sym=True |r|ok=True irr=True ord=True geom=True normrel=False rankM=7 (exact) angle_rank=6
   S=(1, 2, 2, 2, 2, 1) bal=False q=3637^1 sym=True |r|ok=True irr=False ord=True geom=False normrel=False rankM=4 (exact) angle_rank=3
  p = 4001: split completely; G_F action: nfsplitting + p-adic roots
   S=(1, 1, 1, 2, 2, 2) bal=True q=4001^1 sym=True |r|ok=True irr=True ord=True geom=False normrel=True rankM=4 (exact) angle_rank=3
   S=(1, 1, 2, 1, 2, 2) bal=True q=4001^1 sym=True |r|ok=True irr=True ord=True geom=False normrel=True rankM=4 (exact) angle_rank=3
   S=(1, 1, 2, 2, 1, 2) bal=True q=4001^1 sym=True |r|ok=True irr=True ord=True geom=True normrel=True rankM=6 (exact) angle_rank=5
   S=(1, 1, 2, 2, 2, 1) bal=True q=4001^1 sym=True |r|ok=True irr=True ord=True geom=True normrel=True rankM=6 (exact) angle_rank=5
   S=(1, 1, 2, 2, 2, 2) bal=False q=4001^1 sym=True |r|ok=True irr=True ord=True geom=True normrel=False rankM=7 (exact) angle_rank=6
   S=(1, 2, 1, 1, 2, 2) bal=True q=4001^1 sym=True |r|ok=True irr=True ord=True geom=True normrel=True rankM=6 (exact) angle_rank=5
   S=(1, 2, 1, 2, 1, 2) bal=True q=4001^1 sym=True |r|ok=True irr=True ord=True geom=False normrel=True rankM=4 (exact) angle_rank=3
   S=(1, 2, 1, 2, 2, 1) bal=True q=4001^1 sym=True |r|ok=True irr=True ord=True geom=True normrel=True rankM=6 (exact) angle_rank=5
   S=(1, 2, 1, 2, 2, 2) bal=False q=4001^1 sym=True |r|ok=True irr=True ord=True geom=True normrel=False rankM=7 (exact) angle_rank=6
   S=(1, 2, 2, 1, 1, 2) bal=True q=4001^1 sym=True |r|ok=True irr=False ord=True geom=False normrel=True rankM=4 (exact) angle_rank=3
   S=(1, 2, 2, 1, 2, 1) bal=True q=4001^1 sym=True |r|ok=True irr=True ord=True geom=True normrel=True rankM=6 (exact) angle_rank=5
   S=(1, 2, 2, 1, 2, 2) bal=False q=4001^1 sym=True |r|ok=True irr=True ord=True geom=True normrel=False rankM=7 (exact) angle_rank=6
   S=(1, 2, 2, 2, 1, 1) bal=True q=4001^1 sym=True |r|ok=True irr=True ord=True geom=True normrel=True rankM=6 (exact) angle_rank=5
   S=(1, 2, 2, 2, 1, 2) bal=False q=4001^1 sym=True |r|ok=True irr=True ord=True geom=True normrel=False rankM=7 (exact) angle_rank=6
   S=(1, 2, 2, 2, 2, 1) bal=False q=4001^1 sym=True |r|ok=True irr=False ord=True geom=False normrel=False rankM=4 (exact) angle_rank=3
  p = 4273: split completely; G_F action: nfsplitting + p-adic roots
   S=(1, 1, 1, 2, 2, 2) bal=True q=4273^1 sym=True |r|ok=True irr=False ord=True geom=False normrel=True rankM=4 (exact) angle_rank=3
   S=(1, 1, 2, 1, 2, 2) bal=True q=4273^1 sym=True |r|ok=True irr=True ord=True geom=False normrel=True rankM=4 (exact) angle_rank=3
   S=(1, 1, 2, 2, 1, 2) bal=True q=4273^1 sym=True |r|ok=True irr=True ord=True geom=True normrel=True rankM=6 (exact) angle_rank=5
   S=(1, 1, 2, 2, 2, 1) bal=True q=4273^1 sym=True |r|ok=True irr=True ord=True geom=True normrel=True rankM=6 (exact) angle_rank=5
   S=(1, 1, 2, 2, 2, 2) bal=False q=4273^1 sym=True |r|ok=True irr=True ord=True geom=True normrel=False rankM=7 (exact) angle_rank=6
   S=(1, 2, 1, 1, 2, 2) bal=True q=4273^1 sym=True |r|ok=True irr=True ord=True geom=True normrel=True rankM=6 (exact) angle_rank=5
   S=(1, 2, 1, 2, 1, 2) bal=True q=4273^1 sym=True |r|ok=True irr=True ord=True geom=False normrel=True rankM=4 (exact) angle_rank=3
   S=(1, 2, 1, 2, 2, 1) bal=True q=4273^1 sym=True |r|ok=True irr=True ord=True geom=True normrel=True rankM=6 (exact) angle_rank=5
   S=(1, 2, 1, 2, 2, 2) bal=False q=4273^1 sym=True |r|ok=True irr=True ord=True geom=True normrel=False rankM=7 (exact) angle_rank=6
   S=(1, 2, 2, 1, 1, 2) bal=True q=4273^1 sym=True |r|ok=True irr=False ord=True geom=False normrel=True rankM=4 (exact) angle_rank=3
   S=(1, 2, 2, 1, 2, 1) bal=True q=4273^1 sym=True |r|ok=True irr=True ord=True geom=True normrel=True rankM=6 (exact) angle_rank=5
   S=(1, 2, 2, 1, 2, 2) bal=False q=4273^1 sym=True |r|ok=True irr=True ord=True geom=True normrel=False rankM=7 (exact) angle_rank=6
   S=(1, 2, 2, 2, 1, 1) bal=True q=4273^1 sym=True |r|ok=True irr=True ord=True geom=True normrel=True rankM=6 (exact) angle_rank=5
   S=(1, 2, 2, 2, 1, 2) bal=False q=4273^1 sym=True |r|ok=True irr=True ord=True geom=True normrel=False rankM=7 (exact) angle_rank=6
   S=(1, 2, 2, 2, 2, 1) bal=False q=4273^1 sym=True |r|ok=True irr=False ord=True geom=False normrel=False rankM=4 (exact) angle_rank=3
  p = 4421: split completely; G_F action: nfsplitting + p-adic roots
   S=(1, 1, 1, 2, 2, 2) bal=True q=4421^1 sym=True |r|ok=True irr=True ord=True geom=False normrel=True rankM=4 (exact) angle_rank=3
   S=(1, 1, 2, 1, 2, 2) bal=True q=4421^1 sym=True |r|ok=True irr=True ord=True geom=False normrel=True rankM=4 (exact) angle_rank=3
   S=(1, 1, 2, 2, 1, 2) bal=True q=4421^1 sym=True |r|ok=True irr=True ord=True geom=True normrel=True rankM=6 (exact) angle_rank=5
   S=(1, 1, 2, 2, 2, 1) bal=True q=4421^1 sym=True |r|ok=True irr=True ord=True geom=True normrel=True rankM=6 (exact) angle_rank=5
   S=(1, 1, 2, 2, 2, 2) bal=False q=4421^1 sym=True |r|ok=True irr=True ord=True geom=True normrel=False rankM=7 (exact) angle_rank=6
   S=(1, 2, 1, 1, 2, 2) bal=True q=4421^1 sym=True |r|ok=True irr=True ord=True geom=True normrel=True rankM=6 (exact) angle_rank=5
   S=(1, 2, 1, 2, 1, 2) bal=True q=4421^1 sym=True |r|ok=True irr=True ord=True geom=False normrel=True rankM=4 (exact) angle_rank=3
   S=(1, 2, 1, 2, 2, 1) bal=True q=4421^1 sym=True |r|ok=True irr=True ord=True geom=True normrel=True rankM=6 (exact) angle_rank=5
   S=(1, 2, 1, 2, 2, 2) bal=False q=4421^1 sym=True |r|ok=True irr=True ord=True geom=True normrel=False rankM=7 (exact) angle_rank=6
   S=(1, 2, 2, 1, 1, 2) bal=True q=4421^1 sym=True |r|ok=True irr=True ord=True geom=False normrel=True rankM=4 (exact) angle_rank=3
   S=(1, 2, 2, 1, 2, 1) bal=True q=4421^1 sym=True |r|ok=True irr=True ord=True geom=True normrel=True rankM=6 (exact) angle_rank=5
   S=(1, 2, 2, 1, 2, 2) bal=False q=4421^1 sym=True |r|ok=True irr=True ord=True geom=True normrel=False rankM=7 (exact) angle_rank=6
   S=(1, 2, 2, 2, 1, 1) bal=True q=4421^1 sym=True |r|ok=True irr=True ord=True geom=True normrel=True rankM=6 (exact) angle_rank=5
   S=(1, 2, 2, 2, 1, 2) bal=False q=4421^1 sym=True |r|ok=True irr=True ord=True geom=True normrel=False rankM=7 (exact) angle_rank=6
   S=(1, 2, 2, 2, 2, 1) bal=False q=4421^1 sym=True |r|ok=True irr=False ord=True geom=False normrel=False rankM=4 (exact) angle_rank=3
  p = 5521: split completely; G_F action: nfsplitting + p-adic roots
   S=(1, 1, 1, 2, 2, 2) bal=True q=5521^1 sym=True |r|ok=True irr=False ord=True geom=False normrel=True rankM=4 (exact) angle_rank=3
   S=(1, 1, 2, 1, 2, 2) bal=True q=5521^1 sym=True |r|ok=True irr=True ord=True geom=False normrel=True rankM=4 (exact) angle_rank=3
   S=(1, 1, 2, 2, 1, 2) bal=True q=5521^1 sym=True |r|ok=True irr=True ord=True geom=True normrel=True rankM=6 (exact) angle_rank=5
   S=(1, 1, 2, 2, 2, 1) bal=True q=5521^1 sym=True |r|ok=True irr=True ord=True geom=True normrel=True rankM=6 (exact) angle_rank=5
   S=(1, 1, 2, 2, 2, 2) bal=False q=5521^1 sym=True |r|ok=True irr=True ord=True geom=True normrel=False rankM=7 (exact) angle_rank=6
   S=(1, 2, 1, 1, 2, 2) bal=True q=5521^1 sym=True |r|ok=True irr=True ord=True geom=True normrel=True rankM=6 (exact) angle_rank=5
   S=(1, 2, 1, 2, 1, 2) bal=True q=5521^1 sym=True |r|ok=True irr=True ord=True geom=False normrel=True rankM=4 (exact) angle_rank=3
   S=(1, 2, 1, 2, 2, 1) bal=True q=5521^1 sym=True |r|ok=True irr=True ord=True geom=True normrel=True rankM=6 (exact) angle_rank=5
   S=(1, 2, 1, 2, 2, 2) bal=False q=5521^1 sym=True |r|ok=True irr=True ord=True geom=True normrel=False rankM=7 (exact) angle_rank=6
   S=(1, 2, 2, 1, 1, 2) bal=True q=5521^1 sym=True |r|ok=True irr=True ord=True geom=False normrel=True rankM=4 (exact) angle_rank=3
   S=(1, 2, 2, 1, 2, 1) bal=True q=5521^1 sym=True |r|ok=True irr=True ord=True geom=True normrel=True rankM=6 (exact) angle_rank=5
   S=(1, 2, 2, 1, 2, 2) bal=False q=5521^1 sym=True |r|ok=True irr=True ord=True geom=True normrel=False rankM=7 (exact) angle_rank=6
   S=(1, 2, 2, 2, 1, 1) bal=True q=5521^1 sym=True |r|ok=True irr=True ord=True geom=True normrel=True rankM=6 (exact) angle_rank=5
   S=(1, 2, 2, 2, 1, 2) bal=False q=5521^1 sym=True |r|ok=True irr=True ord=True geom=True normrel=False rankM=7 (exact) angle_rank=6
   S=(1, 2, 2, 2, 2, 1) bal=False q=5521^1 sym=True |r|ok=True irr=False ord=True geom=False normrel=False rankM=4 (exact) angle_rank=3
done 1.7s
