[6T13_K3] F = x^6 - 2*x^5 - 4*x^4 + 8*x^3 + 2*x^2 - 5*x + 1  (6T13, |G_F| = 72),  K = x^2 + x + 1,  E: R = x^12 + 7*x^10 - 2*x^9 + 43*x^8 - 8*x^7 + 41*x^6 - 8*x^5 + 30*x^4 - 4*x^3 + 7*x^2 + x + 1
  disc(E) = [3, 6; 5, 6; 3881, 2], class group cyc = [2], time 0.0s
  N (multiple of #mu(L)) = 342966929760
  p = 619: split completely; G_F action: nfsplitting + p-adic roots
   S=(1, 1, 1, 2, 2, 2) bal=True q=619^1 sym=True |r|ok=True irr=True ord=True geom=True normrel=True rankM=6 (exact) angle_rank=5
   S=(1, 1, 2, 1, 2, 2) bal=True q=619^1 sym=True |r|ok=True irr=True ord=True geom=True normrel=True rankM=6 (exact) angle_rank=5
   S=(1, 1, 2, 2, 1, 2) bal=True q=619^1 sym=True |r|ok=True irr=True ord=True geom=True normrel=True rankM=6 (exact) angle_rank=5
   S=(1, 1, 2, 2, 2, 1) bal=True q=619^1 sym=True |r|ok=True irr=True ord=True geom=True normrel=True rankM=6 (exact) angle_rank=5
   S=(1, 1, 2, 2, 2, 2) bal=False q=619^1 sym=True |r|ok=True irr=True ord=True geom=True normrel=False rankM=6 (exact) angle_rank=5
   S=(1, 2, 1, 1, 2, 2) bal=True q=619^1 sym=True |r|ok=True irr=True ord=True geom=True normrel=True rankM=6 (exact) angle_rank=5
   S=(1, 2, 1, 2, 1, 2) bal=True q=619^1 sym=True |r|ok=True irr=True ord=True geom=True normrel=True rankM=6 (exact) angle_rank=5
   S=(1, 2, 1, 2, 2, 1) bal=True q=619^1 sym=True |r|ok=True irr=True ord=True geom=True normrel=True rankM=6 (exact) angle_rank=5
   S=(1, 2, 1, 2, 2, 2) bal=False q=619^1 sym=True |r|ok=True irr=True ord=True geom=True normrel=False rankM=6 (exact) angle_rank=5
   S=(1, 2, 2, 1, 1, 2) bal=True q=619^1 sym=True |r|ok=True irr=True ord=True geom=True normrel=True rankM=6 (exact) angle_rank=5
   S=(1, 2, 2, 1, 2, 1) bal=True q=619^1 sym=True |r|ok=True irr=True ord=True geom=True normrel=True rankM=6 (exact) angle_rank=5
   S=(1, 2, 2, 1, 2, 2) bal=False q=619^1 sym=True |r|ok=True irr=True ord=True geom=True normrel=False rankM=6 (exact) angle_rank=5
   S=(1, 2, 2, 2, 1, 1) bal=True q=619^1 sym=True |r|ok=True irr=False ord=True geom=False normrel=True rankM=2 (exact) angle_rank=1
   S=(1, 2, 2, 2, 1, 2) bal=False q=619^1 sym=True |r|ok=True irr=True ord=True geom=True normrel=False rankM=7 (exact) angle_rank=6
   S=(1, 2, 2, 2, 2, 1) bal=False q=619^1 sym=True |r|ok=True irr=True ord=True geom=True normrel=False rankM=7 (exact) angle_rank=6
  p = 1201: split completely; G_F action: nfsplitting + p-adic roots
   S=(1, 1, 1, 2, 2, 2) bal=True q=1201^1 sym=True |r|ok=True irr=True ord=True geom=True normrel=True rankM=6 (exact) angle_rank=5
   S=(1, 1, 2, 1, 2, 2) bal=True q=1201^1 sym=True |r|ok=True irr=False ord=True geom=False normrel=True rankM=2 (exact) angle_rank=1
   S=(1, 1, 2, 2, 1, 2) bal=True q=1201^1 sym=True |r|ok=True irr=True ord=True geom=True normrel=True rankM=6 (exact) angle_rank=5
   S=(1, 1, 2, 2, 2, 1) bal=True q=1201^1 sym=True |r|ok=True irr=True ord=True geom=True normrel=True rankM=6 (exact) angle_rank=5
   S=(1, 1, 2, 2, 2, 2) bal=False q=1201^1 sym=True |r|ok=True irr=True ord=True geom=True normrel=False rankM=7 (exact) angle_rank=6
   S=(1, 2, 1, 1, 2, 2) bal=True q=1201^1 sym=True |r|ok=True irr=True ord=True geom=True normrel=True rankM=6 (exact) angle_rank=5
   S=(1, 2, 1, 2, 1, 2) bal=True q=1201^1 sym=True |r|ok=True irr=True ord=True geom=True normrel=True rankM=6 (exact) angle_rank=5
   S=(1, 2, 1, 2, 2, 1) bal=True q=1201^1 sym=True |r|ok=True irr=True ord=True geom=True normrel=True rankM=6 (exact) angle_rank=5
   S=(1, 2, 1, 2, 2, 2) bal=False q=1201^1 sym=True |r|ok=True irr=True ord=True geom=True normrel=False rankM=6 (exact) angle_rank=5
   S=(1, 2, 2, 1, 1, 2) bal=True q=1201^1 sym=True |r|ok=True irr=True ord=True geom=True normrel=True rankM=6 (exact) angle_rank=5
   S=(1, 2, 2, 1, 2, 1) bal=True q=1201^1 sym=True |r|ok=True irr=True ord=True geom=True normrel=True rankM=6 (exact) angle_rank=5
   S=(1, 2, 2, 1, 2, 2) bal=False q=1201^1 sym=True |r|ok=True irr=True ord=True geom=True normrel=False rankM=7 (exact) angle_rank=6
   S=(1, 2, 2, 2, 1, 1) bal=True q=1201^1 sym=True |r|ok=True irr=True ord=True geom=True normrel=True rankM=6 (exact) angle_rank=5
   S=(1, 2, 2, 2, 1, 2) bal=False q=1201^1 sym=True |r|ok=True irr=True ord=True geom=True normrel=False rankM=6 (exact) angle_rank=5
   S=(1, 2, 2, 2, 2, 1) bal=False q=1201^1 sym=True |r|ok=True irr=True ord=True geom=True normrel=False rankM=6 (exact) angle_rank=5
  p = 1429: split completely; G_F action: nfsplitting + p-adic roots
   S=(1, 1, 1, 2, 2, 2) bal=True q=1429^1 sym=True |r|ok=True irr=True ord=True geom=True normrel=True rankM=6 (exact) angle_rank=5
   S=(1, 1, 2, 1, 2, 2) bal=True q=1429^1 sym=True |r|ok=True irr=False ord=True geom=False normrel=True rankM=2 (exact) angle_rank=1
   S=(1, 1, 2, 2, 1, 2) bal=True q=1429^1 sym=True |r|ok=True irr=True ord=True geom=True normrel=True rankM=6 (exact) angle_rank=5
   S=(1, 1, 2, 2, 2, 1) bal=True q=1429^1 sym=True |r|ok=True irr=True ord=True geom=True normrel=True rankM=6 (exact) angle_rank=5
   S=(1, 1, 2, 2, 2, 2) bal=False q=1429^1 sym=True |r|ok=True irr=True ord=True geom=True normrel=False rankM=7 (exact) angle_rank=6
   S=(1, 2, 1, 1, 2, 2) bal=True q=1429^1 sym=True |r|ok=True irr=True ord=True geom=True normrel=True rankM=6 (exact) angle_rank=5
   S=(1, 2, 1, 2, 1, 2) bal=True q=1429^1 sym=True |r|ok=True irr=True ord=True geom=True normrel=True rankM=6 (exact) angle_rank=5
   S=(1, 2, 1, 2, 2, 1) bal=True q=1429^1 sym=True |r|ok=True irr=True ord=True geom=True normrel=True rankM=6 (exact) angle_rank=5
   S=(1, 2, 1, 2, 2, 2) bal=False q=1429^1 sym=True |r|ok=True irr=True ord=True geom=True normrel=False rankM=6 (exact) angle_rank=5
   S=(1, 2, 2, 1, 1, 2) bal=True q=1429^1 sym=True |r|ok=True irr=True ord=True geom=True normrel=True rankM=6 (exact) angle_rank=5
   S=(1, 2, 2, 1, 2, 1) bal=True q=1429^1 sym=True |r|ok=True irr=True ord=True geom=True normrel=True rankM=6 (exact) angle_rank=5
   S=(1, 2, 2, 1, 2, 2) bal=False q=1429^1 sym=True |r|ok=True irr=True ord=True geom=True normrel=False rankM=7 (exact) angle_rank=6
   S=(1, 2, 2, 2, 1, 1) bal=True q=1429^1 sym=True |r|ok=True irr=True ord=True geom=True normrel=True rankM=6 (exact) angle_rank=5
   S=(1, 2, 2, 2, 1, 2) bal=False q=1429^1 sym=True |r|ok=True irr=True ord=True geom=True normrel=False rankM=6 (exact) angle_rank=5
   S=(1, 2, 2, 2, 2, 1) bal=False q=1429^1 sym=True |r|ok=True irr=True ord=True geom=True normrel=False rankM=6 (exact) angle_rank=5
done 9.2s
