[6T15_K3_lm] F = x^6 - 3*x^5 - 9*x^4 + 14*x^3 + 27*x^2 - 3*x - 10  (6T15, |G_F| = 360),  K = x^2 + x + 1,  E: R = x^12 - 6*x^11 + 51*x^10 - 200*x^9 + 594*x^8 - 1242*x^7 + 1968*x^6 - 2331*x^5 + 2016*x^4 - 1229*x^3 + 498*x^2 - 120*x + 13
  disc(E) = [3, 18; 7, 4; 23, 4], class group cyc = [2], time 0.1s
  N (multiple of #mu(L)) = 63794896644102760936800
  p = 2437: split completely; G_F action: Alt(6) (6T15)
   S=(1, 1, 1, 2, 2, 2) bal=True q=2437^2 sym=True |r|ok=True irr=True ord=True geom=True normrel=True rankM=6 (exact) angle_rank=5
   S=(1, 1, 2, 1, 2, 2) bal=True q=2437^2 sym=True |r|ok=True irr=True ord=True geom=True normrel=True rankM=6 (exact) angle_rank=5
   S=(1, 1, 2, 2, 1, 2) bal=True q=2437^1 sym=True |r|ok=True irr=True ord=True geom=True normrel=True rankM=6 (exact) angle_rank=5
   S=(1, 1, 2, 2, 2, 1) bal=True q=2437^2 sym=True |r|ok=True irr=True ord=True geom=True normrel=True rankM=6 (exact) angle_rank=5
   S=(1, 1, 2, 2, 2, 2) bal=False q=2437^2 sym=True |r|ok=True irr=True ord=True geom=True normrel=False rankM=7 (exact) angle_rank=6
   S=(1, 2, 1, 1, 2, 2) bal=True q=2437^1 sym=True |r|ok=True irr=True ord=True geom=True normrel=True rankM=6 (exact) angle_rank=5
   S=(1, 2, 1, 2, 1, 2) bal=True q=2437^2 sym=True |r|ok=True irr=True ord=True geom=True normrel=True rankM=6 (exact) angle_rank=5
   S=(1, 2, 1, 2, 2, 1) bal=True q=2437^1 sym=True |r|ok=True irr=True ord=True geom=True normrel=True rankM=6 (exact) angle_rank=5
   S=(1, 2, 1, 2, 2, 2) bal=False q=2437^1 sym=True |r|ok=True irr=True ord=True geom=True normrel=False rankM=7 (exact) angle_rank=6
   S=(1, 2, 2, 1, 1, 2) bal=True q=2437^2 sym=True |r|ok=True irr=True ord=True geom=True normrel=True rankM=6 (exact) angle_rank=5
   S=(1, 2, 2, 1, 2, 1) bal=True q=2437^1 sym=True |r|ok=True irr=True ord=True geom=True normrel=True rankM=6 (exact) angle_rank=5
   S=(1, 2, 2, 1, 2, 2) bal=False q=2437^1 sym=True |r|ok=True irr=True ord=True geom=True normrel=False rankM=7 (exact) angle_rank=6
   S=(1, 2, 2, 2, 1, 1) bal=True q=2437^2 sym=True |r|ok=True irr=True ord=True geom=True normrel=True rankM=6 (exact) angle_rank=5
   S=(1, 2, 2, 2, 1, 2) bal=False q=2437^2 sym=True |r|ok=True irr=True ord=True geom=True normrel=False rankM=7 (exact) angle_rank=6
   S=(1, 2, 2, 2, 2, 1) bal=False q=2437^1 sym=True |r|ok=True irr=True ord=True geom=True normrel=False rankM=7 (exact) angle_rank=6
  p = 6823: split completely; G_F action: Alt(6) (6T15)
   S=(1, 1, 1, 2, 2, 2) bal=True q=6823^2 sym=True |r|ok=True irr=True ord=True geom=True normrel=True rankM=6 (exact) angle_rank=5
   S=(1, 1, 2, 1, 2, 2) bal=True q=6823^1 sym=True |r|ok=True irr=True ord=True geom=True normrel=True rankM=6 (exact) angle_rank=5
   S=(1, 1, 2, 2, 1, 2) bal=True q=6823^2 sym=True |r|ok=True irr=True ord=True geom=True normrel=True rankM=6 (exact) angle_rank=5
   S=(1, 1, 2, 2, 2, 1) bal=True q=6823^2 sym=True |r|ok=True irr=True ord=True geom=True normrel=True rankM=6 (exact) angle_rank=5
   S=(1, 1, 2, 2, 2, 2) bal=False q=6823^2 sym=True |r|ok=True irr=True ord=True geom=True normrel=False rankM=7 (exact) angle_rank=6
   S=(1, 2, 1, 1, 2, 2) bal=True q=6823^2 sym=True |r|ok=True irr=True ord=True geom=True normrel=True rankM=6 (exact) angle_rank=5
   S=(1, 2, 1, 2, 1, 2) bal=True q=6823^1 sym=True |r|ok=True irr=True ord=True geom=True normrel=True rankM=6 (exact) angle_rank=5
   S=(1, 2, 1, 2, 2, 1) bal=True q=6823^1 sym=True |r|ok=True irr=True ord=True geom=True normrel=True rankM=6 (exact) angle_rank=5
   S=(1, 2, 1, 2, 2, 2) bal=False q=6823^1 sym=True |r|ok=True irr=True ord=True geom=True normrel=False rankM=7 (exact) angle_rank=6
   S=(1, 2, 2, 1, 1, 2) bal=True q=6823^2 sym=True |r|ok=True irr=True ord=True geom=True normrel=True rankM=6 (exact) angle_rank=5
   S=(1, 2, 2, 1, 2, 1) bal=True q=6823^2 sym=True |r|ok=True irr=True ord=True geom=True normrel=True rankM=6 (exact) angle_rank=5
   S=(1, 2, 2, 1, 2, 2) bal=False q=6823^2 sym=True |r|ok=True irr=True ord=True geom=True normrel=False rankM=7 (exact) angle_rank=6
   S=(1, 2, 2, 2, 1, 1) bal=True q=6823^1 sym=True |r|ok=True irr=True ord=True geom=True normrel=True rankM=6 (exact) angle_rank=5
   S=(1, 2, 2, 2, 1, 2) bal=False q=6823^1 sym=True |r|ok=True irr=True ord=True geom=True normrel=False rankM=7 (exact) angle_rank=6
   S=(1, 2, 2, 2, 2, 1) bal=False q=6823^1 sym=True |r|ok=True irr=True ord=True geom=True normrel=False rankM=7 (exact) angle_rank=6
  p = 11287: split completely; G_F action: Alt(6) (6T15)
   S=(1, 1, 1, 2, 2, 2) bal=True q=11287^2 sym=True |r|ok=True irr=True ord=True geom=True normrel=True rankM=6 (exact) angle_rank=5
   S=(1, 1, 2, 1, 2, 2) bal=True q=11287^2 sym=True |r|ok=True irr=True ord=True geom=True normrel=True rankM=6 (exact) angle_rank=5
   S=(1, 1, 2, 2, 1, 2) bal=True q=11287^1 sym=True |r|ok=True irr=True ord=True geom=True normrel=True rankM=6 (exact) angle_rank=5
   S=(1, 1, 2, 2, 2, 1) bal=True q=11287^1 sym=True |r|ok=True irr=True ord=True geom=True normrel=True rankM=6 (exact) angle_rank=5
   S=(1, 1, 2, 2, 2, 2) bal=False q=11287^1 sym=True |r|ok=True irr=True ord=True geom=True normrel=False rankM=7 (exact) angle_rank=6
   S=(1, 2, 1, 1, 2, 2) bal=True q=11287^1 sym=True |r|ok=True irr=True ord=True geom=True normrel=True rankM=6 (exact) angle_rank=5
   S=(1, 2, 1, 2, 1, 2) bal=True q=11287^2 sym=True |r|ok=True irr=True ord=True geom=True normrel=True rankM=6 (exact) angle_rank=5
   S=(1, 2, 1, 2, 2, 1) bal=True q=11287^2 sym=True |r|ok=True irr=True ord=True geom=True normrel=True rankM=6 (exact) angle_rank=5
   S=(1, 2, 1, 2, 2, 2) bal=False q=11287^2 sym=True |r|ok=True irr=True ord=True geom=True normrel=False rankM=7 (exact) angle_rank=6
   S=(1, 2, 2, 1, 1, 2) bal=True q=11287^2 sym=True |r|ok=True irr=True ord=True geom=True normrel=True rankM=6 (exact) angle_rank=5
   S=(1, 2, 2, 1, 2, 1) bal=True q=11287^2 sym=True |r|ok=True irr=True ord=True geom=True normrel=True rankM=6 (exact) angle_rank=5
   S=(1, 2, 2, 1, 2, 2) bal=False q=11287^2 sym=True |r|ok=True irr=True ord=True geom=True normrel=False rankM=7 (exact) angle_rank=6
   S=(1, 2, 2, 2, 1, 1) bal=True q=11287^1 sym=True |r|ok=True irr=True ord=True geom=True normrel=True rankM=6 (exact) angle_rank=5
   S=(1, 2, 2, 2, 1, 2) bal=False q=11287^1 sym=True |r|ok=True irr=True ord=True geom=True normrel=False rankM=7 (exact) angle_rank=6
   S=(1, 2, 2, 2, 2, 1) bal=False q=11287^1 sym=True |r|ok=True irr=True ord=True geom=True normrel=False rankM=7 (exact) angle_rank=6
  p = 14887: split completely; G_F action: Alt(6) (6T15)
   S=(1, 1, 1, 2, 2, 2) bal=True q=14887^2 sym=True |r|ok=True irr=True ord=True geom=True normrel=True rankM=6 (exact) angle_rank=5
   S=(1, 1, 2, 1, 2, 2) bal=True q=14887^1 sym=True |r|ok=True irr=True ord=True geom=True normrel=True rankM=6 (exact) angle_rank=5
   S=(1, 1, 2, 2, 1, 2) bal=True q=14887^2 sym=True |r|ok=True irr=True ord=True geom=True normrel=True rankM=6 (exact) angle_rank=5
   S=(1, 1, 2, 2, 2, 1) bal=True q=14887^2 sym=True |r|ok=True irr=True ord=True geom=True normrel=True rankM=6 (exact) angle_rank=5
   S=(1, 1, 2, 2, 2, 2) bal=False q=14887^2 sym=True |r|ok=True irr=True ord=True geom=True normrel=False rankM=7 (exact) angle_rank=6
   S=(1, 2, 1, 1, 2, 2) bal=True q=14887^1 sym=True |r|ok=True irr=True ord=True geom=True normrel=True rankM=6 (exact) angle_rank=5
   S=(1, 2, 1, 2, 1, 2) bal=True q=14887^2 sym=True |r|ok=True irr=True ord=True geom=True normrel=True rankM=6 (exact) angle_rank=5
   S=(1, 2, 1, 2, 2, 1) bal=True q=14887^2 sym=True |r|ok=True irr=True ord=True geom=True normrel=True rankM=6 (exact) angle_rank=5
   S=(1, 2, 1, 2, 2, 2) bal=False q=14887^2 sym=True |r|ok=True irr=True ord=True geom=True normrel=False rankM=7 (exact) angle_rank=6
   S=(1, 2, 2, 1, 1, 2) bal=True q=14887^1 sym=True |r|ok=True irr=True ord=True geom=True normrel=True rankM=6 (exact) angle_rank=5
   S=(1, 2, 2, 1, 2, 1) bal=True q=14887^1 sym=True |r|ok=True irr=True ord=True geom=True normrel=True rankM=6 (exact) angle_rank=5
   S=(1, 2, 2, 1, 2, 2) bal=False q=14887^1 sym=True |r|ok=True irr=True ord=True geom=True normrel=False rankM=7 (exact) angle_rank=6
   S=(1, 2, 2, 2, 1, 1) bal=True q=14887^2 sym=True |r|ok=True irr=True ord=True geom=True normrel=True rankM=6 (exact) angle_rank=5
   S=(1, 2, 2, 2, 1, 2) bal=False q=14887^2 sym=True |r|ok=True irr=True ord=True geom=True normrel=False rankM=7 (exact) angle_rank=6
   S=(1, 2, 2, 2, 2, 1) bal=False q=14887^2 sym=True |r|ok=True irr=True ord=True geom=True normrel=False rankM=7 (exact) angle_rank=6
  p = 52387: split completely; G_F action: Alt(6) (6T15)
   S=(1, 1, 1, 2, 2, 2) bal=True q=52387^2 sym=True |r|ok=True irr=True ord=True geom=True normrel=True rankM=6 (exact) angle_rank=5
   S=(1, 1, 2, 1, 2, 2) bal=True q=52387^2 sym=True |r|ok=True irr=True ord=True geom=True normrel=True rankM=6 (exact) angle_rank=5
   S=(1, 1, 2, 2, 1, 2) bal=True q=52387^2 sym=True |r|ok=True irr=True ord=True geom=True normrel=True rankM=6 (exact) angle_rank=5
   S=(1, 1, 2, 2, 2, 1) bal=True q=52387^1 sym=True |r|ok=True irr=True ord=True geom=True normrel=True rankM=6 (exact) angle_rank=5
   S=(1, 1, 2, 2, 2, 2) bal=False q=52387^2 sym=True |r|ok=True irr=True ord=True geom=True normrel=False rankM=7 (exact) angle_rank=6
   S=(1, 2, 1, 1, 2, 2) bal=True q=52387^2 sym=True |r|ok=True irr=True ord=True geom=True normrel=True rankM=6 (exact) angle_rank=5
   S=(1, 2, 1, 2, 1, 2) bal=True q=52387^2 sym=True |r|ok=True irr=True ord=True geom=True normrel=True rankM=6 (exact) angle_rank=5
   S=(1, 2, 1, 2, 2, 1) bal=True q=52387^1 sym=True |r|ok=True irr=True ord=True geom=True normrel=True rankM=6 (exact) angle_rank=5
   S=(1, 2, 1, 2, 2, 2) bal=False q=52387^2 sym=True |r|ok=True irr=True ord=True geom=True normrel=False rankM=7 (exact) angle_rank=6
   S=(1, 2, 2, 1, 1, 2) bal=True q=52387^2 sym=True |r|ok=True irr=True ord=True geom=True normrel=True rankM=6 (exact) angle_rank=5
   S=(1, 2, 2, 1, 2, 1) bal=True q=52387^1 sym=True |r|ok=True irr=True ord=True geom=True normrel=True rankM=6 (exact) angle_rank=5
   S=(1, 2, 2, 1, 2, 2) bal=False q=52387^2 sym=True |r|ok=True irr=True ord=True geom=True normrel=False rankM=7 (exact) angle_rank=6
   S=(1, 2, 2, 2, 1, 1) bal=True q=52387^1 sym=True |r|ok=True irr=True ord=True geom=True normrel=True rankM=6 (exact) angle_rank=5
   S=(1, 2, 2, 2, 1, 2) bal=False q=52387^2 sym=True |r|ok=True irr=True ord=True geom=True normrel=False rankM=7 (exact) angle_rank=6
   S=(1, 2, 2, 2, 2, 1) bal=False q=52387^1 sym=True |r|ok=True irr=True ord=True geom=True normrel=False rankM=7 (exact) angle_rank=6
  p = 54361: split completely; G_F action: Alt(6) (6T15)
   S=(1, 1, 1, 2, 2, 2) bal=True q=54361^2 sym=True |r|ok=True irr=True ord=True geom=True normrel=True rankM=6 (exact) angle_rank=5
   S=(1, 1, 2, 1, 2, 2) bal=True q=54361^1 sym=True |r|ok=True irr=True ord=True geom=True normrel=True rankM=6 (exact) angle_rank=5
   S=(1, 1, 2, 2, 1, 2) bal=True q=54361^2 sym=True |r|ok=True irr=True ord=True geom=True normrel=True rankM=6 (exact) angle_rank=5
   S=(1, 1, 2, 2, 2, 1) bal=True q=54361^1 sym=True |r|ok=True irr=True ord=True geom=True normrel=True rankM=6 (exact) angle_rank=5
   S=(1, 1, 2, 2, 2, 2) bal=False q=54361^1 sym=True |r|ok=True irr=True ord=True geom=True normrel=False rankM=7 (exact) angle_rank=6
   S=(1, 2, 1, 1, 2, 2) bal=True q=54361^2 sym=True |r|ok=True irr=True ord=True geom=True normrel=True rankM=6 (exact) angle_rank=5
   S=(1, 2, 1, 2, 1, 2) bal=True q=54361^1 sym=True |r|ok=True irr=True ord=True geom=True normrel=True rankM=6 (exact) angle_rank=5
   S=(1, 2, 1, 2, 2, 1) bal=True q=54361^2 sym=True |r|ok=True irr=True ord=True geom=True normrel=True rankM=6 (exact) angle_rank=5
   S=(1, 2, 1, 2, 2, 2) bal=False q=54361^2 sym=True |r|ok=True irr=True ord=True geom=True normrel=False rankM=7 (exact) angle_rank=6
   S=(1, 2, 2, 1, 1, 2) bal=True q=54361^2 sym=True |r|ok=True irr=True ord=True geom=True normrel=True rankM=6 (exact) angle_rank=5
   S=(1, 2, 2, 1, 2, 1) bal=True q=54361^1 sym=True |r|ok=True irr=True ord=True geom=True normrel=True rankM=6 (exact) angle_rank=5
   S=(1, 2, 2, 1, 2, 2) bal=False q=54361^1 sym=True |r|ok=True irr=True ord=True geom=True normrel=False rankM=7 (exact) angle_rank=6
   S=(1, 2, 2, 2, 1, 1) bal=True q=54361^2 sym=True |r|ok=True irr=True ord=True geom=True normrel=True rankM=6 (exact) angle_rank=5
   S=(1, 2, 2, 2, 1, 2) bal=False q=54361^2 sym=True |r|ok=True irr=True ord=True geom=True normrel=False rankM=7 (exact) angle_rank=6
   S=(1, 2, 2, 2, 2, 1) bal=False q=54361^1 sym=True |r|ok=True irr=True ord=True geom=True normrel=False rankM=7 (exact) angle_rank=6
  p = 60913: split completely; G_F action: Alt(6) (6T15)
   S=(1, 1, 1, 2, 2, 2) bal=True q=60913^1 sym=True |r|ok=True irr=True ord=True geom=True normrel=True rankM=6 (exact) angle_rank=5
   S=(1, 1, 2, 1, 2, 2) bal=True q=60913^2 sym=True |r|ok=True irr=True ord=True geom=True normrel=True rankM=6 (exact) angle_rank=5
   S=(1, 1, 2, 2, 1, 2) bal=True q=60913^1 sym=True |r|ok=True irr=True ord=True geom=True normrel=True rankM=6 (exact) angle_rank=5
   S=(1, 1, 2, 2, 2, 1) bal=True q=60913^2 sym=True |r|ok=True irr=True ord=True geom=True normrel=True rankM=6 (exact) angle_rank=5
   S=(1, 1, 2, 2, 2, 2) bal=False q=60913^1 sym=True |r|ok=True irr=True ord=True geom=True normrel=False rankM=7 (exact) angle_rank=6
   S=(1, 2, 1, 1, 2, 2) bal=True q=60913^2 sym=True |r|ok=True irr=True ord=True geom=True normrel=True rankM=6 (exact) angle_rank=5
   S=(1, 2, 1, 2, 1, 2) bal=True q=60913^1 sym=True |r|ok=True irr=True ord=True geom=True normrel=True rankM=6 (exact) angle_rank=5
   S=(1, 2, 1, 2, 2, 1) bal=True q=60913^2 sym=True |r|ok=True irr=True ord=True geom=True normrel=True rankM=6 (exact) angle_rank=5
   S=(1, 2, 1, 2, 2, 2) bal=False q=60913^1 sym=True |r|ok=True irr=True ord=True geom=True normrel=False rankM=7 (exact) angle_rank=6
   S=(1, 2, 2, 1, 1, 2) bal=True q=60913^2 sym=True |r|ok=True irr=True ord=True geom=True normrel=True rankM=6 (exact) angle_rank=5
   S=(1, 2, 2, 1, 2, 1) bal=True q=60913^1 sym=True |r|ok=True irr=True ord=True geom=True normrel=True rankM=6 (exact) angle_rank=5
   S=(1, 2, 2, 1, 2, 2) bal=False q=60913^2 sym=True |r|ok=True irr=True ord=True geom=True normrel=False rankM=7 (exact) angle_rank=6
   S=(1, 2, 2, 2, 1, 1) bal=True q=60913^2 sym=True |r|ok=True irr=True ord=True geom=True normrel=True rankM=6 (exact) angle_rank=5
   S=(1, 2, 2, 2, 1, 2) bal=False q=60913^1 sym=True |r|ok=True irr=True ord=True geom=True normrel=False rankM=7 (exact) angle_rank=6
   S=(1, 2, 2, 2, 2, 1) bal=False q=60913^2 sym=True |r|ok=True irr=True ord=True geom=True normrel=False rankM=7 (exact) angle_rank=6
  p = 69847: split completely; G_F action: Alt(6) (6T15)
   S=(1, 1, 1, 2, 2, 2) bal=True q=69847^2 sym=True |r|ok=True irr=True ord=True geom=True normrel=True rankM=6 (exact) angle_rank=5
   S=(1, 1, 2, 1, 2, 2) bal=True q=69847^2 sym=True |r|ok=True irr=True ord=True geom=True normrel=True rankM=6 (exact) angle_rank=5
   S=(1, 1, 2, 2, 1, 2) bal=True q=69847^1 sym=True |r|ok=True irr=True ord=True geom=True normrel=True rankM=6 (exact) angle_rank=5
   S=(1, 1, 2, 2, 2, 1) bal=True q=69847^2 sym=True |r|ok=True irr=True ord=True geom=True normrel=True rankM=6 (exact) angle_rank=5
   S=(1, 1, 2, 2, 2, 2) bal=False q=69847^2 sym=True |r|ok=True irr=True ord=True geom=True normrel=False rankM=7 (exact) angle_rank=6
   S=(1, 2, 1, 1, 2, 2) bal=True q=69847^2 sym=True |r|ok=True irr=True ord=True geom=True normrel=True rankM=6 (exact) angle_rank=5
   S=(1, 2, 1, 2, 1, 2) bal=True q=69847^1 sym=True |r|ok=True irr=True ord=True geom=True normrel=True rankM=6 (exact) angle_rank=5
   S=(1, 2, 1, 2, 2, 1) bal=True q=69847^2 sym=True |r|ok=True irr=True ord=True geom=True normrel=True rankM=6 (exact) angle_rank=5
   S=(1, 2, 1, 2, 2, 2) bal=False q=69847^2 sym=True |r|ok=True irr=True ord=True geom=True normrel=False rankM=7 (exact) angle_rank=6
   S=(1, 2, 2, 1, 1, 2) bal=True q=69847^1 sym=True |r|ok=True irr=True ord=True geom=True normrel=True rankM=6 (exact) angle_rank=5
   S=(1, 2, 2, 1, 2, 1) bal=True q=69847^2 sym=True |r|ok=True irr=True ord=True geom=True normrel=True rankM=6 (exact) angle_rank=5
   S=(1, 2, 2, 1, 2, 2) bal=False q=69847^2 sym=True |r|ok=True irr=True ord=True geom=True normrel=False rankM=7 (exact) angle_rank=6
   S=(1, 2, 2, 2, 1, 1) bal=True q=69847^1 sym=True |r|ok=True irr=True ord=True geom=True normrel=True rankM=6 (exact) angle_rank=5
   S=(1, 2, 2, 2, 1, 2) bal=False q=69847^1 sym=True |r|ok=True irr=True ord=True geom=True normrel=False rankM=7 (exact) angle_rank=6
   S=(1, 2, 2, 2, 2, 1) bal=False q=69847^2 sym=True |r|ok=True irr=True ord=True geom=True normrel=False rankM=7 (exact) angle_rank=6
  p = 72091: split completely; G_F action: Alt(6) (6T15)
   S=(1, 1, 1, 2, 2, 2) bal=True q=72091^1 sym=True |r|ok=True irr=True ord=True geom=True normrel=True rankM=6 (exact) angle_rank=5
   S=(1, 1, 2, 1, 2, 2) bal=True q=72091^1 sym=True |r|ok=True irr=True ord=True geom=True normrel=True rankM=6 (exact) angle_rank=5
   S=(1, 1, 2, 2, 1, 2) bal=True q=72091^2 sym=True |r|ok=True irr=True ord=True geom=True normrel=True rankM=6 (exact) angle_rank=5
   S=(1, 1, 2, 2, 2, 1) bal=True q=72091^2 sym=True |r|ok=True irr=True ord=True geom=True normrel=True rankM=6 (exact) angle_rank=5
   S=(1, 1, 2, 2, 2, 2) bal=False q=72091^1 sym=True |r|ok=True irr=True ord=True geom=True normrel=False rankM=7 (exact) angle_rank=6
   S=(1, 2, 1, 1, 2, 2) bal=True q=72091^2 sym=True |r|ok=True irr=True ord=True geom=True normrel=True rankM=6 (exact) angle_rank=5
   S=(1, 2, 1, 2, 1, 2) bal=True q=72091^1 sym=True |r|ok=True irr=True ord=True geom=True normrel=True rankM=6 (exact) angle_rank=5
   S=(1, 2, 1, 2, 2, 1) bal=True q=72091^1 sym=True |r|ok=True irr=True ord=True geom=True normrel=True rankM=6 (exact) angle_rank=5
   S=(1, 2, 1, 2, 2, 2) bal=False q=72091^2 sym=True |r|ok=True irr=True ord=True geom=True normrel=False rankM=7 (exact) angle_rank=6
   S=(1, 2, 2, 1, 1, 2) bal=True q=72091^1 sym=True |r|ok=True irr=True ord=True geom=True normrel=True rankM=6 (exact) angle_rank=5
   S=(1, 2, 2, 1, 2, 1) bal=True q=72091^1 sym=True |r|ok=True irr=True ord=True geom=True normrel=True rankM=6 (exact) angle_rank=5
   S=(1, 2, 2, 1, 2, 2) bal=False q=72091^2 sym=True |r|ok=True irr=True ord=True geom=True normrel=False rankM=7 (exact) angle_rank=6
   S=(1, 2, 2, 2, 1, 1) bal=True q=72091^2 sym=True |r|ok=True irr=True ord=True geom=True normrel=True rankM=6 (exact) angle_rank=5
   S=(1, 2, 2, 2, 1, 2) bal=False q=72091^1 sym=True |r|ok=True irr=True ord=True geom=True normrel=False rankM=7 (exact) angle_rank=6
   S=(1, 2, 2, 2, 2, 1) bal=False q=72091^1 sym=True |r|ok=True irr=True ord=True geom=True normrel=False rankM=7 (exact) angle_rank=6
  p = 90523: split completely; G_F action: Alt(6) (6T15)
   S=(1, 1, 1, 2, 2, 2) bal=True q=90523^2 sym=True |r|ok=True irr=True ord=True geom=True normrel=True rankM=6 (exact) angle_rank=5
   S=(1, 1, 2, 1, 2, 2) bal=True q=90523^2 sym=True |r|ok=True irr=True ord=True geom=True normrel=True rankM=6 (exact) angle_rank=5
   S=(1, 1, 2, 2, 1, 2) bal=True q=90523^2 sym=True |r|ok=True irr=True ord=True geom=True normrel=True rankM=6 (exact) angle_rank=5
   S=(1, 1, 2, 2, 2, 1) bal=True q=90523^1 sym=True |r|ok=True irr=True ord=True geom=True normrel=True rankM=6 (exact) angle_rank=5
   S=(1, 1, 2, 2, 2, 2) bal=False q=90523^2 sym=True |r|ok=True irr=True ord=True geom=True normrel=False rankM=7 (exact) angle_rank=6
   S=(1, 2, 1, 1, 2, 2) bal=True q=90523^2 sym=True |r|ok=True irr=True ord=True geom=True normrel=True rankM=6 (exact) angle_rank=5
   S=(1, 2, 1, 2, 1, 2) bal=True q=90523^2 sym=True |r|ok=True irr=True ord=True geom=True normrel=True rankM=6 (exact) angle_rank=5
   S=(1, 2, 1, 2, 2, 1) bal=True q=90523^1 sym=True |r|ok=True irr=True ord=True geom=True normrel=True rankM=6 (exact) angle_rank=5
   S=(1, 2, 1, 2, 2, 2) bal=False q=90523^2 sym=True |r|ok=True irr=True ord=True geom=True normrel=False rankM=7 (exact) angle_rank=6
   S=(1, 2, 2, 1, 1, 2) bal=True q=90523^2 sym=True |r|ok=True irr=True ord=True geom=True normrel=True rankM=6 (exact) angle_rank=5
   S=(1, 2, 2, 1, 2, 1) bal=True q=90523^1 sym=True |r|ok=True irr=True ord=True geom=True normrel=True rankM=6 (exact) angle_rank=5
   S=(1, 2, 2, 1, 2, 2) bal=False q=90523^2 sym=True |r|ok=True irr=True ord=True geom=True normrel=False rankM=7 (exact) angle_rank=6
   S=(1, 2, 2, 2, 1, 1) bal=True q=90523^1 sym=True |r|ok=True irr=True ord=True geom=True normrel=True rankM=6 (exact) angle_rank=5
   S=(1, 2, 2, 2, 1, 2) bal=False q=90523^2 sym=True |r|ok=True irr=True ord=True geom=True normrel=False rankM=7 (exact) angle_rank=6
   S=(1, 2, 2, 2, 2, 1) bal=False q=90523^1 sym=True |r|ok=True irr=True ord=True geom=True normrel=False rankM=7 (exact) angle_rank=6
  p = 94687: split completely; G_F action: Alt(6) (6T15)
   S=(1, 1, 1, 2, 2, 2) bal=True q=94687^2 sym=True |r|ok=True irr=True ord=True geom=True normrel=True rankM=6 (exact) angle_rank=5
   S=(1, 1, 2, 1, 2, 2) bal=True q=94687^1 sym=True |r|ok=True irr=True ord=True geom=True normrel=True rankM=6 (exact) angle_rank=5
   S=(1, 1, 2, 2, 1, 2) bal=True q=94687^1 sym=True |r|ok=True irr=True ord=True geom=True normrel=True rankM=6 (exact) angle_rank=5
   S=(1, 1, 2, 2, 2, 1) bal=True q=94687^1 sym=True |r|ok=True irr=True ord=True geom=True normrel=True rankM=6 (exact) angle_rank=5
   S=(1, 1, 2, 2, 2, 2) bal=False q=94687^2 sym=True |r|ok=True irr=True ord=True geom=True normrel=False rankM=7 (exact) angle_rank=6
   S=(1, 2, 1, 1, 2, 2) bal=True q=94687^2 sym=True |r|ok=True irr=True ord=True geom=True normrel=True rankM=6 (exact) angle_rank=5
   S=(1, 2, 1, 2, 1, 2) bal=True q=94687^2 sym=True |r|ok=True irr=True ord=True geom=True normrel=True rankM=6 (exact) angle_rank=5
   S=(1, 2, 1, 2, 2, 1) bal=True q=94687^2 sym=True |r|ok=True irr=True ord=True geom=True normrel=True rankM=6 (exact) angle_rank=5
   S=(1, 2, 1, 2, 2, 2) bal=False q=94687^1 sym=True |r|ok=True irr=True ord=True geom=True normrel=False rankM=7 (exact) angle_rank=6
   S=(1, 2, 2, 1, 1, 2) bal=True q=94687^1 sym=True |r|ok=True irr=True ord=True geom=True normrel=True rankM=6 (exact) angle_rank=5
   S=(1, 2, 2, 1, 2, 1) bal=True q=94687^1 sym=True |r|ok=True irr=True ord=True geom=True normrel=True rankM=6 (exact) angle_rank=5
   S=(1, 2, 2, 1, 2, 2) bal=False q=94687^2 sym=True |r|ok=True irr=True ord=True geom=True normrel=False rankM=7 (exact) angle_rank=6
   S=(1, 2, 2, 2, 1, 1) bal=True q=94687^1 sym=True |r|ok=True irr=True ord=True geom=True normrel=True rankM=6 (exact) angle_rank=5
   S=(1, 2, 2, 2, 1, 2) bal=False q=94687^2 sym=True |r|ok=True irr=True ord=True geom=True normrel=False rankM=7 (exact) angle_rank=6
   S=(1, 2, 2, 2, 2, 1) bal=False q=94687^2 sym=True |r|ok=True irr=True ord=True geom=True normrel=False rankM=7 (exact) angle_rank=6
  p = 96331: split completely; G_F action: Alt(6) (6T15)
   S=(1, 1, 1, 2, 2, 2) bal=True q=96331^1 sym=True |r|ok=True irr=True ord=True geom=True normrel=True rankM=6 (exact) angle_rank=5
   S=(1, 1, 2, 1, 2, 2) bal=True q=96331^1 sym=True |r|ok=True irr=True ord=True geom=True normrel=True rankM=6 (exact) angle_rank=5
   S=(1, 1, 2, 2, 1, 2) bal=True q=96331^1 sym=True |r|ok=True irr=True ord=True geom=True normrel=True rankM=6 (exact) angle_rank=5
   S=(1, 1, 2, 2, 2, 1) bal=True q=96331^2 sym=True |r|ok=True irr=True ord=True geom=True normrel=True rankM=6 (exact) angle_rank=5
   S=(1, 1, 2, 2, 2, 2) bal=False q=96331^2 sym=True |r|ok=True irr=True ord=True geom=True normrel=False rankM=7 (exact) angle_rank=6
   S=(1, 2, 1, 1, 2, 2) bal=True q=96331^1 sym=True |r|ok=True irr=True ord=True geom=True normrel=True rankM=6 (exact) angle_rank=5
   S=(1, 2, 1, 2, 1, 2) bal=True q=96331^1 sym=True |r|ok=True irr=True ord=True geom=True normrel=True rankM=6 (exact) angle_rank=5
   S=(1, 2, 1, 2, 2, 1) bal=True q=96331^2 sym=True |r|ok=True irr=True ord=True geom=True normrel=True rankM=6 (exact) angle_rank=5
   S=(1, 2, 1, 2, 2, 2) bal=False q=96331^2 sym=True |r|ok=True irr=True ord=True geom=True normrel=False rankM=7 (exact) angle_rank=6
   S=(1, 2, 2, 1, 1, 2) bal=True q=96331^1 sym=True |r|ok=True irr=True ord=True geom=True normrel=True rankM=6 (exact) angle_rank=5
   S=(1, 2, 2, 1, 2, 1) bal=True q=96331^2 sym=True |r|ok=True irr=True ord=True geom=True normrel=True rankM=6 (exact) angle_rank=5
   S=(1, 2, 2, 1, 2, 2) bal=False q=96331^2 sym=True |r|ok=True irr=True ord=True geom=True normrel=False rankM=7 (exact) angle_rank=6
   S=(1, 2, 2, 2, 1, 1) bal=True q=96331^2 sym=True |r|ok=True irr=True ord=True geom=True normrel=True rankM=6 (exact) angle_rank=5
   S=(1, 2, 2, 2, 1, 2) bal=False q=96331^2 sym=True |r|ok=True irr=True ord=True geom=True normrel=False rankM=7 (exact) angle_rank=6
   S=(1, 2, 2, 2, 2, 1) bal=False q=96331^1 sym=True |r|ok=True irr=True ord=True geom=True normrel=False rankM=7 (exact) angle_rank=6
done 6.7s
