=== d=1 m=2 rep=0
   J2=-1                                            True
   J commutes with L                                True
   psi(x,Jy) symmetric                              True
   psi(x,Jx)>0                                      True
   psi(Jx,Jy)=psi                                   True
   det_h(t) on V_s1                                 (0.9323273456+0.361615432j)
   expected e^{it(n_s - n_sbar)} on V_s1            (0.9323273456+0.361615432j)
   det_h(t) on V_s1b                                (0.9323273456-0.361615432j)
   expected e^{it(n_s - n_sbar)} on V_s1b           (0.9323273456-0.361615432j)
   det_h(t) on V_s2                                 (0.9323273456-0.361615432j)
   expected e^{it(n_s - n_sbar)} on V_s2            (0.9323273456-0.361615432j)
   det_h(t) on V_s2b                                (0.9323273456+0.361615432j)
   expected e^{it(n_s - n_sbar)} on V_s2b           (0.9323273456+0.361615432j)
   n_sigma (s1,s1b,s2,s2b)                          (2, 1, 1, 2)
   K-mult (tau, taubar)                             (3, 3)
   K'-mult                                          (4, 2)
   H signature at (s1-place, s2-place)              ((2, 1), (1, 2))
   det_K h(t) (= det on V_s1 + V_s2)                (1+0j)
   a0 in F                                          True
   a0 totally positive                              True
   psi_a0(x,Jx)>0                                   True
   signature h_a0                                   (3, 3)
   h_a0 hermitian                                   True
   Lemma det formula exact (a=1,a0,arand)           True
   -det h_a0 is a rational square                   True
   det h_a0 = -(8 m^3 N(Delta)^2)^2                 True
   a0 (opposite convention) == a0                   True
   psi exact: alternating & L-compatible            True
   dim Lie(U_L(H))                                  18
   dim Lie(G_H) (tr_K = 0)                          17
   dim Lie(R_{F/Q}SU(H)) (tr_L = 0)                 16
   J in Lie(U_L(H)) (residual)                      1.1436771236744803e-13
   tr J, tr Mw J (tr_K J = 0 iff both 0)            (-0.0, -0.0)
   tr Ms J, tr Msw J (tr_L J = 0 iff all four 0)    (-0.0, -5.656854249)
   expected tr Msw J = -4 sqrt(md) * (n_s1 - n_s1b) -5.656854249
   dim ideal generated by J                         17
   max |tr_K| on ideal                              1.1445813914712222e-13
   dim commutant of ideal                           4
   CASE OK
=== d=1 m=2 rep=1
   J2=-1                                            True
   J commutes with L                                True
   psi(x,Jy) symmetric                              True
   psi(x,Jx)>0                                      True
   psi(Jx,Jy)=psi                                   True
   det_h(t) on V_s1                                 (0.9323273456+0.361615432j)
   expected e^{it(n_s - n_sbar)} on V_s1            (0.9323273456+0.361615432j)
   det_h(t) on V_s1b                                (0.9323273456-0.361615432j)
   expected e^{it(n_s - n_sbar)} on V_s1b           (0.9323273456-0.361615432j)
   det_h(t) on V_s2                                 (0.9323273456-0.361615432j)
   expected e^{it(n_s - n_sbar)} on V_s2            (0.9323273456-0.361615432j)
   det_h(t) on V_s2b                                (0.9323273456+0.361615432j)
   expected e^{it(n_s - n_sbar)} on V_s2b           (0.9323273456+0.361615432j)
   n_sigma (s1,s1b,s2,s2b)                          (2, 1, 1, 2)
   K-mult (tau, taubar)                             (3, 3)
   K'-mult                                          (4, 2)
   H signature at (s1-place, s2-place)              ((2, 1), (1, 2))
   det_K h(t) (= det on V_s1 + V_s2)                (1+0j)
   a0 in F                                          True
   a0 totally positive                              True
   psi_a0(x,Jx)>0                                   True
   signature h_a0                                   (3, 3)
   h_a0 hermitian                                   True
   Lemma det formula exact (a=1,a0,arand)           True
   -det h_a0 is a rational square                   True
   det h_a0 = -(8 m^3 N(Delta)^2)^2                 True
   a0 (opposite convention) == a0                   True
   psi exact: alternating & L-compatible            True
   CASE OK
=== d=3 m=5 rep=0
   J2=-1                                            True
   J commutes with L                                True
   psi(x,Jy) symmetric                              True
   psi(x,Jx)>0                                      True
   psi(Jx,Jy)=psi                                   True
   det_h(t) on V_s1                                 (0.9323273456+0.361615432j)
   expected e^{it(n_s - n_sbar)} on V_s1            (0.9323273456+0.361615432j)
   det_h(t) on V_s1b                                (0.9323273456-0.361615432j)
   expected e^{it(n_s - n_sbar)} on V_s1b           (0.9323273456-0.361615432j)
   det_h(t) on V_s2                                 (0.9323273456-0.361615432j)
   expected e^{it(n_s - n_sbar)} on V_s2            (0.9323273456-0.361615432j)
   det_h(t) on V_s2b                                (0.9323273456+0.361615432j)
   expected e^{it(n_s - n_sbar)} on V_s2b           (0.9323273456+0.361615432j)
   n_sigma (s1,s1b,s2,s2b)                          (2, 1, 1, 2)
   K-mult (tau, taubar)                             (3, 3)
   K'-mult                                          (4, 2)
   H signature at (s1-place, s2-place)              ((2, 1), (1, 2))
   det_K h(t) (= det on V_s1 + V_s2)                (1+0j)
   a0 in F                                          True
   a0 totally positive                              True
   psi_a0(x,Jx)>0                                   True
   signature h_a0                                   (3, 3)
   h_a0 hermitian                                   True
   Lemma det formula exact (a=1,a0,arand)           True
   -det h_a0 is a rational square                   True
   det h_a0 = -(8 m^3 N(Delta)^2)^2                 True
   a0 (opposite convention) == a0                   True
   psi exact: alternating & L-compatible            True
   dim Lie(U_L(H))                                  18
   dim Lie(G_H) (tr_K = 0)                          17
   dim Lie(R_{F/Q}SU(H)) (tr_L = 0)                 16
   J in Lie(U_L(H)) (residual)                      3.529373635442145e-14
   tr J, tr Mw J (tr_K J = 0 iff both 0)            (-0.0, 0.0)
   tr Ms J, tr Msw J (tr_L J = 0 iff all four 0)    (0.0, -15.491933385)
   expected tr Msw J = -4 sqrt(md) * (n_s1 - n_s1b) -15.491933385
   dim ideal generated by J                         17
   max |tr_K| on ideal                              1.2166699939197834e-14
   dim commutant of ideal                           4
   CASE OK
=== d=3 m=5 rep=1
   J2=-1                                            True
   J commutes with L                                True
   psi(x,Jy) symmetric                              True
   psi(x,Jx)>0                                      True
   psi(Jx,Jy)=psi                                   True
   det_h(t) on V_s1                                 (0.9323273456+0.361615432j)
   expected e^{it(n_s - n_sbar)} on V_s1            (0.9323273456+0.361615432j)
   det_h(t) on V_s1b                                (0.9323273456-0.361615432j)
   expected e^{it(n_s - n_sbar)} on V_s1b           (0.9323273456-0.361615432j)
   det_h(t) on V_s2                                 (0.9323273456-0.361615432j)
   expected e^{it(n_s - n_sbar)} on V_s2            (0.9323273456-0.361615432j)
   det_h(t) on V_s2b                                (0.9323273456+0.361615432j)
   expected e^{it(n_s - n_sbar)} on V_s2b           (0.9323273456+0.361615432j)
   n_sigma (s1,s1b,s2,s2b)                          (2, 1, 1, 2)
   K-mult (tau, taubar)                             (3, 3)
   K'-mult                                          (4, 2)
   H signature at (s1-place, s2-place)              ((2, 1), (1, 2))
   det_K h(t) (= det on V_s1 + V_s2)                (1+0j)
   a0 in F                                          True
   a0 totally positive                              True
   psi_a0(x,Jx)>0                                   True
   signature h_a0                                   (3, 3)
   h_a0 hermitian                                   True
   Lemma det formula exact (a=1,a0,arand)           True
   -det h_a0 is a rational square                   True
   det h_a0 = -(8 m^3 N(Delta)^2)^2                 True
   a0 (opposite convention) == a0                   True
   psi exact: alternating & L-compatible            True
   CASE OK
=== d=2 m=3 rep=0
   J2=-1                                            True
   J commutes with L                                True
   psi(x,Jy) symmetric                              True
   psi(x,Jx)>0                                      True
   psi(Jx,Jy)=psi                                   True
   det_h(t) on V_s1                                 (0.9323273456+0.361615432j)
   expected e^{it(n_s - n_sbar)} on V_s1            (0.9323273456+0.361615432j)
   det_h(t) on V_s1b                                (0.9323273456-0.361615432j)
   expected e^{it(n_s - n_sbar)} on V_s1b           (0.9323273456-0.361615432j)
   det_h(t) on V_s2                                 (0.9323273456-0.361615432j)
   expected e^{it(n_s - n_sbar)} on V_s2            (0.9323273456-0.361615432j)
   det_h(t) on V_s2b                                (0.9323273456+0.361615432j)
   expected e^{it(n_s - n_sbar)} on V_s2b           (0.9323273456+0.361615432j)
   n_sigma (s1,s1b,s2,s2b)                          (2, 1, 1, 2)
   K-mult (tau, taubar)                             (3, 3)
   K'-mult                                          (4, 2)
   H signature at (s1-place, s2-place)              ((2, 1), (1, 2))
   det_K h(t) (= det on V_s1 + V_s2)                (1+0j)
   a0 in F                                          True
   a0 totally positive                              True
   psi_a0(x,Jx)>0                                   True
   signature h_a0                                   (3, 3)
   h_a0 hermitian                                   True
   Lemma det formula exact (a=1,a0,arand)           True
   -det h_a0 is a rational square                   True
   det h_a0 = -(8 m^3 N(Delta)^2)^2                 True
   a0 (opposite convention) == a0                   True
   psi exact: alternating & L-compatible            True
   dim Lie(U_L(H))                                  18
   dim Lie(G_H) (tr_K = 0)                          17
   dim Lie(R_{F/Q}SU(H)) (tr_L = 0)                 16
   J in Lie(U_L(H)) (residual)                      1.1295437685497233e-14
   tr J, tr Mw J (tr_K J = 0 iff both 0)            (-0.0, -0.0)
   tr Ms J, tr Msw J (tr_L J = 0 iff all four 0)    (-0.0, -9.797958971)
   expected tr Msw J = -4 sqrt(md) * (n_s1 - n_s1b) -9.797958971
   dim ideal generated by J                         17
   max |tr_K| on ideal                              9.495008945759054e-15
   dim commutant of ideal                           4
   CASE OK
=== d=2 m=3 rep=1
   J2=-1                                            True
   J commutes with L                                True
   psi(x,Jy) symmetric                              True
   psi(x,Jx)>0                                      True
   psi(Jx,Jy)=psi                                   True
   det_h(t) on V_s1                                 (0.9323273456+0.361615432j)
   expected e^{it(n_s - n_sbar)} on V_s1            (0.9323273456+0.361615432j)
   det_h(t) on V_s1b                                (0.9323273456-0.361615432j)
   expected e^{it(n_s - n_sbar)} on V_s1b           (0.9323273456-0.361615432j)
   det_h(t) on V_s2                                 (0.9323273456-0.361615432j)
   expected e^{it(n_s - n_sbar)} on V_s2            (0.9323273456-0.361615432j)
   det_h(t) on V_s2b                                (0.9323273456+0.361615432j)
   expected e^{it(n_s - n_sbar)} on V_s2b           (0.9323273456+0.361615432j)
   n_sigma (s1,s1b,s2,s2b)                          (2, 1, 1, 2)
   K-mult (tau, taubar)                             (3, 3)
   K'-mult                                          (4, 2)
   H signature at (s1-place, s2-place)              ((2, 1), (1, 2))
   det_K h(t) (= det on V_s1 + V_s2)                (1+0j)
   a0 in F                                          True
   a0 totally positive                              True
   psi_a0(x,Jx)>0                                   True
   signature h_a0                                   (3, 3)
   h_a0 hermitian                                   True
   Lemma det formula exact (a=1,a0,arand)           True
   -det h_a0 is a rational square                   True
   det h_a0 = -(8 m^3 N(Delta)^2)^2                 True
   a0 (opposite convention) == a0                   True
   psi exact: alternating & L-compatible            True
   CASE OK
=== d=7 m=5 rep=0
   J2=-1                                            True
   J commutes with L                                True
   psi(x,Jy) symmetric                              True
   psi(x,Jx)>0                                      True
   psi(Jx,Jy)=psi                                   True
   det_h(t) on V_s1                                 (0.9323273456+0.361615432j)
   expected e^{it(n_s - n_sbar)} on V_s1            (0.9323273456+0.361615432j)
   det_h(t) on V_s1b                                (0.9323273456-0.361615432j)
   expected e^{it(n_s - n_sbar)} on V_s1b           (0.9323273456-0.361615432j)
   det_h(t) on V_s2                                 (0.9323273456-0.361615432j)
   expected e^{it(n_s - n_sbar)} on V_s2            (0.9323273456-0.361615432j)
   det_h(t) on V_s2b                                (0.9323273456+0.361615432j)
   expected e^{it(n_s - n_sbar)} on V_s2b           (0.9323273456+0.361615432j)
   n_sigma (s1,s1b,s2,s2b)                          (2, 1, 1, 2)
   K-mult (tau, taubar)                             (3, 3)
   K'-mult                                          (4, 2)
   H signature at (s1-place, s2-place)              ((2, 1), (1, 2))
   det_K h(t) (= det on V_s1 + V_s2)                (1+0j)
   a0 in F                                          True
   a0 totally positive                              True
   psi_a0(x,Jx)>0                                   True
   signature h_a0                                   (3, 3)
   h_a0 hermitian                                   True
   Lemma det formula exact (a=1,a0,arand)           True
   -det h_a0 is a rational square                   True
   det h_a0 = -(8 m^3 N(Delta)^2)^2                 True
   a0 (opposite convention) == a0                   True
   psi exact: alternating & L-compatible            True
   dim Lie(U_L(H))                                  18
   dim Lie(G_H) (tr_K = 0)                          17
   dim Lie(R_{F/Q}SU(H)) (tr_L = 0)                 16
   J in Lie(U_L(H)) (residual)                      4.0187986631848237e-13
   tr J, tr Mw J (tr_K J = 0 iff both 0)            (-0.0, -0.0)
   tr Ms J, tr Msw J (tr_L J = 0 iff all four 0)    (-0.0, -23.664319132)
   expected tr Msw J = -4 sqrt(md) * (n_s1 - n_s1b) -23.664319132
   dim ideal generated by J                         17
   max |tr_K| on ideal                              8.511183565654973e-15
   dim commutant of ideal                           4
   CASE OK
=== d=7 m=5 rep=1
   J2=-1                                            True
   J commutes with L                                True
   psi(x,Jy) symmetric                              True
   psi(x,Jx)>0                                      True
   psi(Jx,Jy)=psi                                   True
   det_h(t) on V_s1                                 (0.9323273456+0.361615432j)
   expected e^{it(n_s - n_sbar)} on V_s1            (0.9323273456+0.361615432j)
   det_h(t) on V_s1b                                (0.9323273456-0.361615432j)
   expected e^{it(n_s - n_sbar)} on V_s1b           (0.9323273456-0.361615432j)
   det_h(t) on V_s2                                 (0.9323273456-0.361615432j)
   expected e^{it(n_s - n_sbar)} on V_s2            (0.9323273456-0.361615432j)
   det_h(t) on V_s2b                                (0.9323273456+0.361615432j)
   expected e^{it(n_s - n_sbar)} on V_s2b           (0.9323273456+0.361615432j)
   n_sigma (s1,s1b,s2,s2b)                          (2, 1, 1, 2)
   K-mult (tau, taubar)                             (3, 3)
   K'-mult                                          (4, 2)
   H signature at (s1-place, s2-place)              ((2, 1), (1, 2))
   det_K h(t) (= det on V_s1 + V_s2)                (1+0j)
   a0 in F                                          True
   a0 totally positive                              True
   psi_a0(x,Jx)>0                                   True
   signature h_a0                                   (3, 3)
   h_a0 hermitian                                   True
   Lemma det formula exact (a=1,a0,arand)           True
   -det h_a0 is a rational square                   True
   det h_a0 = -(8 m^3 N(Delta)^2)^2                 True
   a0 (opposite convention) == a0                   True
   psi exact: alternating & L-compatible            True
   CASE OK
=== d=5 m=6 rep=0
   J2=-1                                            True
   J commutes with L                                True
   psi(x,Jy) symmetric                              True
   psi(x,Jx)>0                                      True
   psi(Jx,Jy)=psi                                   True
   det_h(t) on V_s1                                 (0.9323273456+0.361615432j)
   expected e^{it(n_s - n_sbar)} on V_s1            (0.9323273456+0.361615432j)
   det_h(t) on V_s1b                                (0.9323273456-0.361615432j)
   expected e^{it(n_s - n_sbar)} on V_s1b           (0.9323273456-0.361615432j)
   det_h(t) on V_s2                                 (0.9323273456-0.361615432j)
   expected e^{it(n_s - n_sbar)} on V_s2            (0.9323273456-0.361615432j)
   det_h(t) on V_s2b                                (0.9323273456+0.361615432j)
   expected e^{it(n_s - n_sbar)} on V_s2b           (0.9323273456+0.361615432j)
   n_sigma (s1,s1b,s2,s2b)                          (2, 1, 1, 2)
   K-mult (tau, taubar)                             (3, 3)
   K'-mult                                          (4, 2)
   H signature at (s1-place, s2-place)              ((2, 1), (1, 2))
   det_K h(t) (= det on V_s1 + V_s2)                (1+0j)
   a0 in F                                          True
   a0 totally positive                              True
   psi_a0(x,Jx)>0                                   True
   signature h_a0                                   (3, 3)
   h_a0 hermitian                                   True
   Lemma det formula exact (a=1,a0,arand)           True
   -det h_a0 is a rational square                   True
   det h_a0 = -(8 m^3 N(Delta)^2)^2                 True
   a0 (opposite convention) == a0                   True
   psi exact: alternating & L-compatible            True
   dim Lie(U_L(H))                                  18
   dim Lie(G_H) (tr_K = 0)                          17
   dim Lie(R_{F/Q}SU(H)) (tr_L = 0)                 16
   J in Lie(U_L(H)) (residual)                      1.4383480216155423e-13
   tr J, tr Mw J (tr_K J = 0 iff both 0)            (-0.0, -0.0)
   tr Ms J, tr Msw J (tr_L J = 0 iff all four 0)    (-0.0, -21.9089023)
   expected tr Msw J = -4 sqrt(md) * (n_s1 - n_s1b) -21.9089023
   dim ideal generated by J                         17
   max |tr_K| on ideal                              7.842060334439793e-12
   dim commutant of ideal                           4
   CASE OK
=== d=5 m=6 rep=1
   J2=-1                                            True
   J commutes with L                                True
   psi(x,Jy) symmetric                              True
   psi(x,Jx)>0                                      True
   psi(Jx,Jy)=psi                                   True
   det_h(t) on V_s1                                 (0.9323273456+0.361615432j)
   expected e^{it(n_s - n_sbar)} on V_s1            (0.9323273456+0.361615432j)
   det_h(t) on V_s1b                                (0.9323273456-0.361615432j)
   expected e^{it(n_s - n_sbar)} on V_s1b           (0.9323273456-0.361615432j)
   det_h(t) on V_s2                                 (0.9323273456-0.361615432j)
   expected e^{it(n_s - n_sbar)} on V_s2            (0.9323273456-0.361615432j)
   det_h(t) on V_s2b                                (0.9323273456+0.361615432j)
   expected e^{it(n_s - n_sbar)} on V_s2b           (0.9323273456+0.361615432j)
   n_sigma (s1,s1b,s2,s2b)                          (2, 1, 1, 2)
   K-mult (tau, taubar)                             (3, 3)
   K'-mult                                          (4, 2)
   H signature at (s1-place, s2-place)              ((2, 1), (1, 2))
   det_K h(t) (= det on V_s1 + V_s2)                (1+0j)
   a0 in F                                          True
   a0 totally positive                              True
   psi_a0(x,Jx)>0                                   True
   signature h_a0                                   (3, 3)
   h_a0 hermitian                                   True
   Lemma det formula exact (a=1,a0,arand)           True
   -det h_a0 is a rational square                   True
   det h_a0 = -(8 m^3 N(Delta)^2)^2                 True
   a0 (opposite convention) == a0                   True
   psi exact: alternating & L-compatible            True
   CASE OK
=== d=11 m=13 rep=0
   J2=-1                                            True
   J commutes with L                                True
   psi(x,Jy) symmetric                              True
   psi(x,Jx)>0                                      True
   psi(Jx,Jy)=psi                                   True
   det_h(t) on V_s1                                 (0.9323273456+0.361615432j)
   expected e^{it(n_s - n_sbar)} on V_s1            (0.9323273456+0.361615432j)
   det_h(t) on V_s1b                                (0.9323273456-0.361615432j)
   expected e^{it(n_s - n_sbar)} on V_s1b           (0.9323273456-0.361615432j)
   det_h(t) on V_s2                                 (0.9323273456-0.361615432j)
   expected e^{it(n_s - n_sbar)} on V_s2            (0.9323273456-0.361615432j)
   det_h(t) on V_s2b                                (0.9323273456+0.361615432j)
   expected e^{it(n_s - n_sbar)} on V_s2b           (0.9323273456+0.361615432j)
   n_sigma (s1,s1b,s2,s2b)                          (2, 1, 1, 2)
   K-mult (tau, taubar)                             (3, 3)
   K'-mult                                          (4, 2)
   H signature at (s1-place, s2-place)              ((2, 1), (1, 2))
   det_K h(t) (= det on V_s1 + V_s2)                (1+0j)
   a0 in F                                          True
   a0 totally positive                              True
   psi_a0(x,Jx)>0                                   True
   signature h_a0                                   (3, 3)
   h_a0 hermitian                                   True
   Lemma det formula exact (a=1,a0,arand)           True
   -det h_a0 is a rational square                   True
   det h_a0 = -(8 m^3 N(Delta)^2)^2                 True
   a0 (opposite convention) == a0                   True
   psi exact: alternating & L-compatible            True
   dim Lie(U_L(H))                                  18
   dim Lie(G_H) (tr_K = 0)                          17
   dim Lie(R_{F/Q}SU(H)) (tr_L = 0)                 16
   J in Lie(U_L(H)) (residual)                      3.3888527447814647e-14
   tr J, tr Mw J (tr_K J = 0 iff both 0)            (-0.0, -0.0)
   tr Ms J, tr Msw J (tr_L J = 0 iff all four 0)    (0.0, -47.833042972)
   expected tr Msw J = -4 sqrt(md) * (n_s1 - n_s1b) -47.833042972
   dim ideal generated by J                         17
   max |tr_K| on ideal                              6.476915358211155e-15
   dim commutant of ideal                           4
   CASE OK
=== d=11 m=13 rep=1
   J2=-1                                            True
   J commutes with L                                True
   psi(x,Jy) symmetric                              True
   psi(x,Jx)>0                                      True
   psi(Jx,Jy)=psi                                   True
   det_h(t) on V_s1                                 (0.9323273456+0.361615432j)
   expected e^{it(n_s - n_sbar)} on V_s1            (0.9323273456+0.361615432j)
   det_h(t) on V_s1b                                (0.9323273456-0.361615432j)
   expected e^{it(n_s - n_sbar)} on V_s1b           (0.9323273456-0.361615432j)
   det_h(t) on V_s2                                 (0.9323273456-0.361615432j)
   expected e^{it(n_s - n_sbar)} on V_s2            (0.9323273456-0.361615432j)
   det_h(t) on V_s2b                                (0.9323273456+0.361615432j)
   expected e^{it(n_s - n_sbar)} on V_s2b           (0.9323273456+0.361615432j)
   n_sigma (s1,s1b,s2,s2b)                          (2, 1, 1, 2)
   K-mult (tau, taubar)                             (3, 3)
   K'-mult                                          (4, 2)
   H signature at (s1-place, s2-place)              ((2, 1), (1, 2))
   det_K h(t) (= det on V_s1 + V_s2)                (1+0j)
   a0 in F                                          True
   a0 totally positive                              True
   psi_a0(x,Jx)>0                                   True
   signature h_a0                                   (3, 3)
   h_a0 hermitian                                   True
   Lemma det formula exact (a=1,a0,arand)           True
   -det h_a0 is a rational square                   True
   det h_a0 = -(8 m^3 N(Delta)^2)^2                 True
   a0 (opposite convention) == a0                   True
   psi exact: alternating & L-compatible            True
   CASE OK
=== d=1 m=5 rep=0
   J2=-1                                            True
   J commutes with L                                True
   psi(x,Jy) symmetric                              True
   psi(x,Jx)>0                                      True
   psi(Jx,Jy)=psi                                   True
   det_h(t) on V_s1                                 (0.9323273456+0.361615432j)
   expected e^{it(n_s - n_sbar)} on V_s1            (0.9323273456+0.361615432j)
   det_h(t) on V_s1b                                (0.9323273456-0.361615432j)
   expected e^{it(n_s - n_sbar)} on V_s1b           (0.9323273456-0.361615432j)
   det_h(t) on V_s2                                 (0.9323273456-0.361615432j)
   expected e^{it(n_s - n_sbar)} on V_s2            (0.9323273456-0.361615432j)
   det_h(t) on V_s2b                                (0.9323273456+0.361615432j)
   expected e^{it(n_s - n_sbar)} on V_s2b           (0.9323273456+0.361615432j)
   n_sigma (s1,s1b,s2,s2b)                          (2, 1, 1, 2)
   K-mult (tau, taubar)                             (3, 3)
   K'-mult                                          (4, 2)
   H signature at (s1-place, s2-place)              ((2, 1), (1, 2))
   det_K h(t) (= det on V_s1 + V_s2)                (1+0j)
   a0 in F                                          True
   a0 totally positive                              True
   psi_a0(x,Jx)>0                                   True
   signature h_a0                                   (3, 3)
   h_a0 hermitian                                   True
   Lemma det formula exact (a=1,a0,arand)           True
   -det h_a0 is a rational square                   True
   det h_a0 = -(8 m^3 N(Delta)^2)^2                 True
   a0 (opposite convention) == a0                   True
   psi exact: alternating & L-compatible            True
   dim Lie(U_L(H))                                  18
   dim Lie(G_H) (tr_K = 0)                          17
   dim Lie(R_{F/Q}SU(H)) (tr_L = 0)                 16
   J in Lie(U_L(H)) (residual)                      2.1249303853893645e-13
   tr J, tr Mw J (tr_K J = 0 iff both 0)            (0.0, 0.0)
   tr Ms J, tr Msw J (tr_L J = 0 iff all four 0)    (-0.0, -8.94427191)
   expected tr Msw J = -4 sqrt(md) * (n_s1 - n_s1b) -8.94427191
   dim ideal generated by J                         17
   max |tr_K| on ideal                              2.2314984061966303e-13
   dim commutant of ideal                           4
   CASE OK
=== d=1 m=5 rep=1
   J2=-1                                            True
   J commutes with L                                True
   psi(x,Jy) symmetric                              True
   psi(x,Jx)>0                                      True
   psi(Jx,Jy)=psi                                   True
   det_h(t) on V_s1                                 (0.9323273456+0.361615432j)
   expected e^{it(n_s - n_sbar)} on V_s1            (0.9323273456+0.361615432j)
   det_h(t) on V_s1b                                (0.9323273456-0.361615432j)
   expected e^{it(n_s - n_sbar)} on V_s1b           (0.9323273456-0.361615432j)
   det_h(t) on V_s2                                 (0.9323273456-0.361615432j)
   expected e^{it(n_s - n_sbar)} on V_s2            (0.9323273456-0.361615432j)
   det_h(t) on V_s2b                                (0.9323273456+0.361615432j)
   expected e^{it(n_s - n_sbar)} on V_s2b           (0.9323273456+0.361615432j)
   n_sigma (s1,s1b,s2,s2b)                          (2, 1, 1, 2)
   K-mult (tau, taubar)                             (3, 3)
   K'-mult                                          (4, 2)
   H signature at (s1-place, s2-place)              ((2, 1), (1, 2))
   det_K h(t) (= det on V_s1 + V_s2)                (1+0j)
   a0 in F                                          True
   a0 totally positive                              True
   psi_a0(x,Jx)>0                                   True
   signature h_a0                                   (3, 3)
   h_a0 hermitian                                   True
   Lemma det formula exact (a=1,a0,arand)           True
   -det h_a0 is a rational square                   True
   det h_a0 = -(8 m^3 N(Delta)^2)^2                 True
   a0 (opposite convention) == a0                   True
   psi exact: alternating & L-compatible            True
   CASE OK
=== d=3 m=2 rep=0
   J2=-1                                            True
   J commutes with L                                True
   psi(x,Jy) symmetric                              True
   psi(x,Jx)>0                                      True
   psi(Jx,Jy)=psi                                   True
   det_h(t) on V_s1                                 (0.9323273456+0.361615432j)
   expected e^{it(n_s - n_sbar)} on V_s1            (0.9323273456+0.361615432j)
   det_h(t) on V_s1b                                (0.9323273456-0.361615432j)
   expected e^{it(n_s - n_sbar)} on V_s1b           (0.9323273456-0.361615432j)
   det_h(t) on V_s2                                 (0.9323273456-0.361615432j)
   expected e^{it(n_s - n_sbar)} on V_s2            (0.9323273456-0.361615432j)
   det_h(t) on V_s2b                                (0.9323273456+0.361615432j)
   expected e^{it(n_s - n_sbar)} on V_s2b           (0.9323273456+0.361615432j)
   n_sigma (s1,s1b,s2,s2b)                          (2, 1, 1, 2)
   K-mult (tau, taubar)                             (3, 3)
   K'-mult                                          (4, 2)
   H signature at (s1-place, s2-place)              ((2, 1), (1, 2))
   det_K h(t) (= det on V_s1 + V_s2)                (1+0j)
   a0 in F                                          True
   a0 totally positive                              True
   psi_a0(x,Jx)>0                                   True
   signature h_a0                                   (3, 3)
   h_a0 hermitian                                   True
   Lemma det formula exact (a=1,a0,arand)           True
   -det h_a0 is a rational square                   True
   det h_a0 = -(8 m^3 N(Delta)^2)^2                 True
   a0 (opposite convention) == a0                   True
   psi exact: alternating & L-compatible            True
   dim Lie(U_L(H))                                  18
   dim Lie(G_H) (tr_K = 0)                          17
   dim Lie(R_{F/Q}SU(H)) (tr_L = 0)                 16
   J in Lie(U_L(H)) (residual)                      4.0038105381387066e-14
   tr J, tr Mw J (tr_K J = 0 iff both 0)            (0.0, 0.0)
   tr Ms J, tr Msw J (tr_L J = 0 iff all four 0)    (-0.0, -9.797958971)
   expected tr Msw J = -4 sqrt(md) * (n_s1 - n_s1b) -9.797958971
   dim ideal generated by J                         17
   max |tr_K| on ideal                              3.00454106039183e-14
   dim commutant of ideal                           4
   CASE OK
=== d=3 m=2 rep=1
   J2=-1                                            True
   J commutes with L                                True
   psi(x,Jy) symmetric                              True
   psi(x,Jx)>0                                      True
   psi(Jx,Jy)=psi                                   True
   det_h(t) on V_s1                                 (0.9323273456+0.361615432j)
   expected e^{it(n_s - n_sbar)} on V_s1            (0.9323273456+0.361615432j)
   det_h(t) on V_s1b                                (0.9323273456-0.361615432j)
   expected e^{it(n_s - n_sbar)} on V_s1b           (0.9323273456-0.361615432j)
   det_h(t) on V_s2                                 (0.9323273456-0.361615432j)
   expected e^{it(n_s - n_sbar)} on V_s2            (0.9323273456-0.361615432j)
   det_h(t) on V_s2b                                (0.9323273456+0.361615432j)
   expected e^{it(n_s - n_sbar)} on V_s2b           (0.9323273456+0.361615432j)
   n_sigma (s1,s1b,s2,s2b)                          (2, 1, 1, 2)
   K-mult (tau, taubar)                             (3, 3)
   K'-mult                                          (4, 2)
   H signature at (s1-place, s2-place)              ((2, 1), (1, 2))
   det_K h(t) (= det on V_s1 + V_s2)                (1+0j)
   a0 in F                                          True
   a0 totally positive                              True
   psi_a0(x,Jx)>0                                   True
   signature h_a0                                   (3, 3)
   h_a0 hermitian                                   True
   Lemma det formula exact (a=1,a0,arand)           True
   -det h_a0 is a rational square                   True
   det h_a0 = -(8 m^3 N(Delta)^2)^2                 True
   a0 (opposite convention) == a0                   True
   psi exact: alternating & L-compatible            True
   CASE OK
=== d=6 m=7 rep=0
   J2=-1                                            True
   J commutes with L                                True
   psi(x,Jy) symmetric                              True
   psi(x,Jx)>0                                      True
   psi(Jx,Jy)=psi                                   True
   det_h(t) on V_s1                                 (0.9323273456+0.361615432j)
   expected e^{it(n_s - n_sbar)} on V_s1            (0.9323273456+0.361615432j)
   det_h(t) on V_s1b                                (0.9323273456-0.361615432j)
   expected e^{it(n_s - n_sbar)} on V_s1b           (0.9323273456-0.361615432j)
   det_h(t) on V_s2                                 (0.9323273456-0.361615432j)
   expected e^{it(n_s - n_sbar)} on V_s2            (0.9323273456-0.361615432j)
   det_h(t) on V_s2b                                (0.9323273456+0.361615432j)
   expected e^{it(n_s - n_sbar)} on V_s2b           (0.9323273456+0.361615432j)
   n_sigma (s1,s1b,s2,s2b)                          (2, 1, 1, 2)
   K-mult (tau, taubar)                             (3, 3)
   K'-mult                                          (4, 2)
   H signature at (s1-place, s2-place)              ((2, 1), (1, 2))
   det_K h(t) (= det on V_s1 + V_s2)                (1+0j)
   a0 in F                                          True
   a0 totally positive                              True
   psi_a0(x,Jx)>0                                   True
   signature h_a0                                   (3, 3)
   h_a0 hermitian                                   True
   Lemma det formula exact (a=1,a0,arand)           True
   -det h_a0 is a rational square                   True
   det h_a0 = -(8 m^3 N(Delta)^2)^2                 True
   a0 (opposite convention) == a0                   True
   psi exact: alternating & L-compatible            True
   dim Lie(U_L(H))                                  18
   dim Lie(G_H) (tr_K = 0)                          17
   dim Lie(R_{F/Q}SU(H)) (tr_L = 0)                 16
   J in Lie(U_L(H)) (residual)                      5.720114007197708e-14
   tr J, tr Mw J (tr_K J = 0 iff both 0)            (-0.0, 0.0)
   tr Ms J, tr Msw J (tr_L J = 0 iff all four 0)    (0.0, -25.922962794)
   expected tr Msw J = -4 sqrt(md) * (n_s1 - n_s1b) -25.922962794
   dim ideal generated by J                         17
   max |tr_K| on ideal                              1.2456615600120458e-14
   dim commutant of ideal                           4
   CASE OK
=== d=6 m=7 rep=1
   J2=-1                                            True
   J commutes with L                                True
   psi(x,Jy) symmetric                              True
   psi(x,Jx)>0                                      True
   psi(Jx,Jy)=psi                                   True
   det_h(t) on V_s1                                 (0.9323273456+0.361615432j)
   expected e^{it(n_s - n_sbar)} on V_s1            (0.9323273456+0.361615432j)
   det_h(t) on V_s1b                                (0.9323273456-0.361615432j)
   expected e^{it(n_s - n_sbar)} on V_s1b           (0.9323273456-0.361615432j)
   det_h(t) on V_s2                                 (0.9323273456-0.361615432j)
   expected e^{it(n_s - n_sbar)} on V_s2            (0.9323273456-0.361615432j)
   det_h(t) on V_s2b                                (0.9323273456+0.361615432j)
   expected e^{it(n_s - n_sbar)} on V_s2b           (0.9323273456+0.361615432j)
   n_sigma (s1,s1b,s2,s2b)                          (2, 1, 1, 2)
   K-mult (tau, taubar)                             (3, 3)
   K'-mult                                          (4, 2)
   H signature at (s1-place, s2-place)              ((2, 1), (1, 2))
   det_K h(t) (= det on V_s1 + V_s2)                (1+0j)
   a0 in F                                          True
   a0 totally positive                              True
   psi_a0(x,Jx)>0                                   True
   signature h_a0                                   (3, 3)
   h_a0 hermitian                                   True
   Lemma det formula exact (a=1,a0,arand)           True
   -det h_a0 is a rational square                   True
   det h_a0 = -(8 m^3 N(Delta)^2)^2                 True
   a0 (opposite convention) == a0                   True
   psi exact: alternating & L-compatible            True
   CASE OK
=== d=15 m=11 rep=0
   J2=-1                                            True
   J commutes with L                                True
   psi(x,Jy) symmetric                              True
   psi(x,Jx)>0                                      True
   psi(Jx,Jy)=psi                                   True
   det_h(t) on V_s1                                 (0.9323273456+0.361615432j)
   expected e^{it(n_s - n_sbar)} on V_s1            (0.9323273456+0.361615432j)
   det_h(t) on V_s1b                                (0.9323273456-0.361615432j)
   expected e^{it(n_s - n_sbar)} on V_s1b           (0.9323273456-0.361615432j)
   det_h(t) on V_s2                                 (0.9323273456-0.361615432j)
   expected e^{it(n_s - n_sbar)} on V_s2            (0.9323273456-0.361615432j)
   det_h(t) on V_s2b                                (0.9323273456+0.361615432j)
   expected e^{it(n_s - n_sbar)} on V_s2b           (0.9323273456+0.361615432j)
   n_sigma (s1,s1b,s2,s2b)                          (2, 1, 1, 2)
   K-mult (tau, taubar)                             (3, 3)
   K'-mult                                          (4, 2)
   H signature at (s1-place, s2-place)              ((2, 1), (1, 2))
   det_K h(t) (= det on V_s1 + V_s2)                (1+0j)
   a0 in F                                          True
   a0 totally positive                              True
   psi_a0(x,Jx)>0                                   True
   signature h_a0                                   (3, 3)
   h_a0 hermitian                                   True
   Lemma det formula exact (a=1,a0,arand)           True
   -det h_a0 is a rational square                   True
   det h_a0 = -(8 m^3 N(Delta)^2)^2                 True
   a0 (opposite convention) == a0                   True
   psi exact: alternating & L-compatible            True
   dim Lie(U_L(H))                                  18
   dim Lie(G_H) (tr_K = 0)                          17
   dim Lie(R_{F/Q}SU(H)) (tr_L = 0)                 16
   J in Lie(U_L(H)) (residual)                      1.1494471962707445e-13
   tr J, tr Mw J (tr_K J = 0 iff both 0)            (-0.0, 0.0)
   tr Ms J, tr Msw J (tr_L J = 0 iff all four 0)    (-0.0, -51.380930315)
   expected tr Msw J = -4 sqrt(md) * (n_s1 - n_s1b) -51.380930315
   dim ideal generated by J                         17
   max |tr_K| on ideal                              1.6379259060173013e-14
   dim commutant of ideal                           4
   CASE OK
=== d=15 m=11 rep=1
   J2=-1                                            True
   J commutes with L                                True
   psi(x,Jy) symmetric                              True
   psi(x,Jx)>0                                      True
   psi(Jx,Jy)=psi                                   True
   det_h(t) on V_s1                                 (0.9323273456+0.361615432j)
   expected e^{it(n_s - n_sbar)} on V_s1            (0.9323273456+0.361615432j)
   det_h(t) on V_s1b                                (0.9323273456-0.361615432j)
   expected e^{it(n_s - n_sbar)} on V_s1b           (0.9323273456-0.361615432j)
   det_h(t) on V_s2                                 (0.9323273456-0.361615432j)
   expected e^{it(n_s - n_sbar)} on V_s2            (0.9323273456-0.361615432j)
   det_h(t) on V_s2b                                (0.9323273456+0.361615432j)
   expected e^{it(n_s - n_sbar)} on V_s2b           (0.9323273456+0.361615432j)
   n_sigma (s1,s1b,s2,s2b)                          (2, 1, 1, 2)
   K-mult (tau, taubar)                             (3, 3)
   K'-mult                                          (4, 2)
   H signature at (s1-place, s2-place)              ((2, 1), (1, 2))
   det_K h(t) (= det on V_s1 + V_s2)                (1+0j)
   a0 in F                                          True
   a0 totally positive                              True
   psi_a0(x,Jx)>0                                   True
   signature h_a0                                   (3, 3)
   h_a0 hermitian                                   True
   Lemma det formula exact (a=1,a0,arand)           True
   -det h_a0 is a rational square                   True
   det h_a0 = -(8 m^3 N(Delta)^2)^2                 True
   a0 (opposite convention) == a0                   True
   psi exact: alternating & L-compatible            True
   CASE OK
SUMMARY: 20 cases, all ok = True
