12T2_deg                       12T2    p=139    q=p^1 K=Q(sqrt-3) h:6T1   main_ar=5 verifier_ar=5 cert=[True] geom=True ord=True irr=True weil=True VERIFIED=True
12T2_ctrl                      12T2    p=139    q=p^1 K=Q(sqrt-3) h:6T1   main_ar=6 verifier_ar=6 cert=[] geom=True ord=True irr=True weil=True VERIFIED=True
12T10_deg                      12T10   p=269    q=p^1 K=Q(sqrt-1) h:6T3   main_ar=5 verifier_ar=5 cert=[True] geom=True ord=True irr=True weil=True VERIFIED=True
12T10_ctrl                     12T10   p=269    q=p^1 K=Q(sqrt-1) h:6T3   main_ar=6 verifier_ar=6 cert=[] geom=True ord=True irr=True weil=True VERIFIED=True
12T7_deg                       12T7    p=73     q=p^1 K=Q(sqrt-1) h:6T4   main_ar=5 verifier_ar=5 cert=[True] geom=True ord=True irr=True weil=True VERIFIED=True
12T7_ctrl                      12T7    p=73     q=p^3 K=Q(sqrt-1) h:6T4   main_ar=6 verifier_ar=6 cert=[] geom=True ord=True irr=True weil=True VERIFIED=True
12T18_deg                      12T18   p=331    q=p^1 K=Q(sqrt-3) h:6T5   main_ar=5 verifier_ar=5 cert=[True] geom=True ord=True irr=True weil=True VERIFIED=True
12T18_ctrl                     12T18   p=331    q=p^3 K=Q(sqrt-3) h:6T5   main_ar=6 verifier_ar=6 cert=[] geom=True ord=True irr=True weil=True VERIFIED=True
12T25_deg                      12T25   p=211    q=p^1 K=Q(sqrt-3) h:6T6   main_ar=5 verifier_ar=5 cert=[True] geom=True ord=True irr=True weil=True VERIFIED=True
12T25_ctrl                     12T25   p=211    q=p^2 K=Q(sqrt-3) h:6T6   main_ar=6 verifier_ar=6 cert=[] geom=True ord=True irr=True weil=True VERIFIED=True
12T23_deg                      12T23   p=617    q=p^1 K=Q(sqrt-1) h:6T7   main_ar=5 verifier_ar=5 cert=[True] geom=True ord=True irr=True weil=True VERIFIED=True
12T23_ctrl                     12T23   p=617    q=p^1 K=Q(sqrt-1) h:6T7   main_ar=6 verifier_ar=6 cert=[] geom=True ord=True irr=True weil=True VERIFIED=True
12T24_deg                      12T24   p=881    q=p^1 K=Q(sqrt-1) h:6T8   main_ar=5 verifier_ar=5 cert=[True] geom=True ord=True irr=True weil=True VERIFIED=True
12T24_ctrl                     12T24   p=881    q=p^1 K=Q(sqrt-1) h:6T8   main_ar=6 verifier_ar=6 cert=[] geom=True ord=True irr=True weil=True VERIFIED=True
12T37_deg                      12T37   p=331    q=p^1 K=Q(sqrt-3) h:6T9   main_ar=5 verifier_ar=5 cert=[True] geom=True ord=True irr=True weil=True VERIFIED=True
12T37_ctrl                     12T37   p=331    q=p^1 K=Q(sqrt-3) h:6T9   main_ar=6 verifier_ar=6 cert=[] geom=True ord=True irr=True weil=True VERIFIED=True
12T40_deg                      12T40   p=991    q=p^1 K=Q(sqrt-3) h:6T10  main_ar=5 verifier_ar=5 cert=[True] geom=True ord=True irr=True weil=True VERIFIED=True
12T40_ctrl                     12T40   p=991    q=p^1 K=Q(sqrt-3) h:6T10  main_ar=6 verifier_ar=6 cert=[] geom=True ord=True irr=True weil=True VERIFIED=True
12T48_deg                      12T48   p=907    q=p^1 K=Q(sqrt-3) h:6T11  main_ar=5 verifier_ar=5 cert=[True] geom=True ord=True irr=True weil=True VERIFIED=True
12T48_ctrl                     12T48   p=907    q=p^2 K=Q(sqrt-3) h:6T11  main_ar=6 verifier_ar=6 cert=[] geom=True ord=True irr=True weil=True VERIFIED=True
12T75_deg                      12T75   p=8317   q=p^2 K=Q(sqrt-3) h:6T12  main_ar=5 verifier_ar=5 cert=[True] geom=True ord=True irr=True weil=True VERIFIED=True
12T75_ctrl                     12T75   p=6337   q=p^6 K=Q(sqrt-3) h:6T12  main_ar=6 verifier_ar=6 cert=[] geom=True ord=True irr=True weil=True VERIFIED=True
12T77_deg                      12T77   p=619    q=p^1 K=Q(sqrt-3) h:6T13  main_ar=5 verifier_ar=5 cert=[True] geom=True ord=True irr=True weil=True VERIFIED=True
12T77_ctrl                     12T77   p=619    q=p^1 K=Q(sqrt-3) h:6T13  main_ar=6 verifier_ar=6 cert=[] geom=True ord=True irr=True weil=True VERIFIED=True
12T123_deg                     12T123  p=12409  q=p^1 K=Q(sqrt-3) h:6T14  main_ar=5 verifier_ar=5 cert=[True] geom=True ord=True irr=True weil=True VERIFIED=True
12T180_deg                     12T180  p=2437   q=p^1 K=Q(sqrt-3) h:6T15  main_ar=5 verifier_ar=5 cert=[True] geom=True ord=True irr=True weil=True VERIFIED=True
12T180_ctrl                    12T180  p=2437   q=p^1 K=Q(sqrt-3) h:6T15  main_ar=6 verifier_ar=6 cert=[] geom=True ord=True irr=True weil=True VERIFIED=True
12T219_deg                     12T219  p=2069   q=p^1 K=Q(sqrt-1) h:6T16  main_ar=5 verifier_ar=5 cert=[True] geom=True ord=True irr=True weil=True VERIFIED=True
12T219_ctrl                    12T219  p=2069   q=p^2 K=Q(sqrt-1) h:6T16  main_ar=6 verifier_ar=6 cert=[] geom=True ord=True irr=True weil=True VERIFIED=True
fermat21_jacobi_p43_1_1_19     12T2    p=43     q=p^1 K=Q(sqrt-3) h:6T1   main_ar=None verifier_ar=5 cert=[True] geom=True ord=True irr=True weil=True VERIFIED=True
fermat21_jacobi_p127_1_1_19    12T2    p=127    q=p^1 K=Q(sqrt-3) h:6T1   main_ar=None verifier_ar=5 cert=[True] geom=True ord=True irr=True weil=True VERIFIED=True
