PARI stack size set to 4000000000 bytes, maximum size set to 4000000000
[6T3_K4_b] F = x^6 - x^5 - 10*x^4 + x^3 + 12*x^2 - 3*x - 1  (6T3, |G_F| = 12),  K = x^2 + 1,  E: R = x^12 + 21*x^10 + 142*x^8 + 349*x^6 + 366*x^4 + 165*x^2 + 25
  disc(E) = [2, 16; 5, 6; 37, 4], class group cyc = [2], time 0.0s
  N (multiple of #mu(L)) = 65520
  p = 269: split completely; G_F action: nfsplitting + p-adic roots
   S=(1, 1, 1, 2, 2, 2) bal=True q=269^1 sym=True |r|ok=True irr=True ord=True geom=False normrel=True rankM=4 (exact) angle_rank=3
   S=(1, 1, 2, 1, 2, 2) bal=True q=269^1 sym=True |r|ok=True irr=True ord=True geom=False normrel=True rankM=4 (exact) angle_rank=3
   S=(1, 1, 2, 2, 1, 2) bal=True q=269^2 sym=True |r|ok=True irr=True ord=True geom=True normrel=True rankM=6 (exact) angle_rank=5
   S=(1, 1, 2, 2, 2, 1) bal=True q=269^1 sym=True |r|ok=True irr=True ord=True geom=True normrel=True rankM=6 (exact) angle_rank=5
   S=(1, 1, 2, 2, 2, 2) bal=False q=269^2 sym=True |r|ok=True irr=True ord=True geom=True normrel=False rankM=6 (exact) angle_rank=5
   S=(1, 2, 1, 1, 2, 2) bal=True q=269^2 sym=True |r|ok=True irr=True ord=True geom=True normrel=True rankM=6 (exact) angle_rank=5
   S=(1, 2, 1, 2, 1, 2) bal=True q=269^1 sym=True |r|ok=True irr=False ord=True geom=False normrel=True rankM=2 (exact) angle_rank=1
   S=(1, 2, 1, 2, 2, 1) bal=True q=269^2 sym=True |r|ok=True irr=True ord=True geom=True normrel=True rankM=6 (exact) angle_rank=5
   S=(1, 2, 1, 2, 2, 2) bal=False q=269^1 sym=True |r|ok=True irr=True ord=True geom=True normrel=False rankM=7 (exact) angle_rank=6
   S=(1, 2, 2, 1, 1, 2) bal=True q=269^1 sym=True |r|ok=True irr=True ord=True geom=False normrel=True rankM=4 (exact) angle_rank=3
   S=(1, 2, 2, 1, 2, 1) bal=True q=269^2 sym=True |r|ok=True irr=True ord=True geom=True normrel=True rankM=6 (exact) angle_rank=5
   S=(1, 2, 2, 1, 2, 2) bal=False q=269^1 sym=True |r|ok=True irr=True ord=True geom=True normrel=False rankM=6 (exact) angle_rank=5
   S=(1, 2, 2, 2, 1, 1) bal=True q=269^1 sym=True |r|ok=True irr=True ord=True geom=True normrel=True rankM=6 (exact) angle_rank=5
   S=(1, 2, 2, 2, 1, 2) bal=False q=269^2 sym=True |r|ok=True irr=True ord=True geom=True normrel=False rankM=7 (exact) angle_rank=6
   S=(1, 2, 2, 2, 2, 1) bal=False q=269^1 sym=True |r|ok=True irr=False ord=True geom=False normrel=False rankM=4 (exact) angle_rank=3
  p = 349: split completely; G_F action: nfsplitting + p-adic roots
   S=(1, 1, 1, 2, 2, 2) bal=True q=349^1 sym=True |r|ok=True irr=False ord=True geom=False normrel=True rankM=2 (exact) angle_rank=1
   S=(1, 1, 2, 1, 2, 2) bal=True q=349^1 sym=True |r|ok=True irr=True ord=True geom=True normrel=True rankM=6 (exact) angle_rank=5
   S=(1, 1, 2, 2, 1, 2) bal=True q=349^2 sym=True |r|ok=True irr=True ord=True geom=True normrel=True rankM=6 (exact) angle_rank=5
   S=(1, 1, 2, 2, 2, 1) bal=True q=349^1 sym=True |r|ok=True irr=True ord=True geom=False normrel=True rankM=4 (exact) angle_rank=3
   S=(1, 1, 2, 2, 2, 2) bal=False q=349^2 sym=True |r|ok=True irr=True ord=True geom=True normrel=False rankM=7 (exact) angle_rank=6
   S=(1, 2, 1, 1, 2, 2) bal=True q=349^2 sym=True |r|ok=True irr=True ord=True geom=True normrel=True rankM=6 (exact) angle_rank=5
   S=(1, 2, 1, 2, 1, 2) bal=True q=349^1 sym=True |r|ok=True irr=True ord=True geom=False normrel=True rankM=4 (exact) angle_rank=3
   S=(1, 2, 1, 2, 2, 1) bal=True q=349^2 sym=True |r|ok=True irr=True ord=True geom=True normrel=True rankM=6 (exact) angle_rank=5
   S=(1, 2, 1, 2, 2, 2) bal=False q=349^1 sym=True |r|ok=True irr=True ord=True geom=True normrel=False rankM=7 (exact) angle_rank=6
   S=(1, 2, 2, 1, 1, 2) bal=True q=349^1 sym=True |r|ok=True irr=True ord=True geom=True normrel=True rankM=6 (exact) angle_rank=5
   S=(1, 2, 2, 1, 2, 1) bal=True q=349^2 sym=True |r|ok=True irr=True ord=True geom=True normrel=True rankM=6 (exact) angle_rank=5
   S=(1, 2, 2, 1, 2, 2) bal=False q=349^1 sym=True |r|ok=True irr=False ord=True geom=False normrel=False rankM=4 (exact) angle_rank=3
   S=(1, 2, 2, 2, 1, 1) bal=True q=349^1 sym=True |r|ok=True irr=True ord=True geom=False normrel=True rankM=4 (exact) angle_rank=3
   S=(1, 2, 2, 2, 1, 2) bal=False q=349^2 sym=True |r|ok=True irr=True ord=True geom=True normrel=False rankM=6 (exact) angle_rank=5
   S=(1, 2, 2, 2, 2, 1) bal=False q=349^1 sym=True |r|ok=True irr=True ord=True geom=True normrel=False rankM=6 (exact) angle_rank=5
  p = 601: split completely; G_F action: nfsplitting + p-adic roots
   S=(1, 1, 1, 2, 2, 2) bal=True q=601^1 sym=True |r|ok=True irr=True ord=True geom=True normrel=True rankM=6 (exact) angle_rank=5
   S=(1, 1, 2, 1, 2, 2) bal=True q=601^1 sym=True |r|ok=True irr=True ord=True geom=False normrel=True rankM=4 (exact) angle_rank=3
   S=(1, 1, 2, 2, 1, 2) bal=True q=601^1 sym=True |r|ok=True irr=True ord=True geom=True normrel=True rankM=6 (exact) angle_rank=5
   S=(1, 1, 2, 2, 2, 1) bal=True q=601^1 sym=True |r|ok=True irr=True ord=True geom=False normrel=True rankM=4 (exact) angle_rank=3
   S=(1, 1, 2, 2, 2, 2) bal=False q=601^1 sym=True |r|ok=True irr=True ord=True geom=True normrel=False rankM=6 (exact) angle_rank=5
   S=(1, 2, 1, 1, 2, 2) bal=True q=601^1 sym=True |r|ok=True irr=True ord=True geom=True normrel=True rankM=6 (exact) angle_rank=5
   S=(1, 2, 1, 2, 1, 2) bal=True q=601^1 sym=True |r|ok=True irr=True ord=True geom=True normrel=True rankM=6 (exact) angle_rank=5
   S=(1, 2, 1, 2, 2, 1) bal=True q=601^1 sym=True |r|ok=True irr=True ord=True geom=True normrel=True rankM=6 (exact) angle_rank=5
   S=(1, 2, 1, 2, 2, 2) bal=False q=601^1 sym=True |r|ok=True irr=False ord=True geom=False normrel=False rankM=4 (exact) angle_rank=3
   S=(1, 2, 2, 1, 1, 2) bal=True q=601^1 sym=True |r|ok=True irr=True ord=True geom=False normrel=True rankM=4 (exact) angle_rank=3
   S=(1, 2, 2, 1, 2, 1) bal=True q=601^1 sym=True |r|ok=True irr=True ord=True geom=True normrel=True rankM=6 (exact) angle_rank=5
   S=(1, 2, 2, 1, 2, 2) bal=False q=601^1 sym=True |r|ok=True irr=True ord=True geom=True normrel=False rankM=6 (exact) angle_rank=5
   S=(1, 2, 2, 2, 1, 1) bal=True q=601^1 sym=True |r|ok=True irr=False ord=True geom=False normrel=True rankM=2 (exact) angle_rank=1
   S=(1, 2, 2, 2, 1, 2) bal=False q=601^1 sym=True |r|ok=True irr=True ord=True geom=True normrel=False rankM=7 (exact) angle_rank=6
   S=(1, 2, 2, 2, 2, 1) bal=False q=601^1 sym=True |r|ok=True irr=True ord=True geom=True normrel=False rankM=7 (exact) angle_rank=6
  p = 881: split completely; G_F action: nfsplitting + p-adic roots
   S=(1, 1, 1, 2, 2, 2) bal=True q=881^1 sym=True |r|ok=True irr=True ord=True geom=True normrel=True rankM=6 (exact) angle_rank=5
   S=(1, 1, 2, 1, 2, 2) bal=True q=881^1 sym=True |r|ok=True irr=True ord=True geom=False normrel=True rankM=4 (exact) angle_rank=3
   S=(1, 1, 2, 2, 1, 2) bal=True q=881^2 sym=True |r|ok=True irr=True ord=True geom=True normrel=True rankM=6 (exact) angle_rank=5
   S=(1, 1, 2, 2, 2, 1) bal=True q=881^1 sym=True |r|ok=True irr=True ord=True geom=False normrel=True rankM=4 (exact) angle_rank=3
   S=(1, 1, 2, 2, 2, 2) bal=False q=881^2 sym=True |r|ok=True irr=True ord=True geom=True normrel=False rankM=6 (exact) angle_rank=5
   S=(1, 2, 1, 1, 2, 2) bal=True q=881^1 sym=True |r|ok=True irr=False ord=True geom=False normrel=True rankM=2 (exact) angle_rank=1
   S=(1, 2, 1, 2, 1, 2) bal=True q=881^2 sym=True |r|ok=True irr=True ord=True geom=True normrel=True rankM=6 (exact) angle_rank=5
   S=(1, 2, 1, 2, 2, 1) bal=True q=881^1 sym=True |r|ok=True irr=True ord=True geom=False normrel=True rankM=4 (exact) angle_rank=3
   S=(1, 2, 1, 2, 2, 2) bal=False q=881^2 sym=True |r|ok=True irr=True ord=True geom=True normrel=False rankM=7 (exact) angle_rank=6
   S=(1, 2, 2, 1, 1, 2) bal=True q=881^2 sym=True |r|ok=True irr=True ord=True geom=True normrel=True rankM=6 (exact) angle_rank=5
   S=(1, 2, 2, 1, 2, 1) bal=True q=881^1 sym=True |r|ok=True irr=True ord=True geom=True normrel=True rankM=6 (exact) angle_rank=5
   S=(1, 2, 2, 1, 2, 2) bal=False q=881^2 sym=True |r|ok=True irr=True ord=True geom=True normrel=False rankM=7 (exact) angle_rank=6
   S=(1, 2, 2, 2, 1, 1) bal=True q=881^2 sym=True |r|ok=True irr=True ord=True geom=True normrel=True rankM=6 (exact) angle_rank=5
   S=(1, 2, 2, 2, 1, 2) bal=False q=881^1 sym=True |r|ok=True irr=False ord=True geom=False normrel=False rankM=4 (exact) angle_rank=3
   S=(1, 2, 2, 2, 2, 1) bal=False q=881^2 sym=True |r|ok=True irr=True ord=True geom=True normrel=False rankM=6 (exact) angle_rank=5
  p = 929: split completely; G_F action: nfsplitting + p-adic roots
   S=(1, 1, 1, 2, 2, 2) bal=True q=929^2 sym=True |r|ok=True irr=True ord=True geom=True normrel=True rankM=6 (exact) angle_rank=5
   S=(1, 1, 2, 1, 2, 2) bal=True q=929^1 sym=True |r|ok=True irr=True ord=True geom=True normrel=True rankM=6 (exact) angle_rank=5
   S=(1, 1, 2, 2, 1, 2) bal=True q=929^2 sym=True |r|ok=True irr=True ord=True geom=True normrel=True rankM=6 (exact) angle_rank=5
   S=(1, 1, 2, 2, 2, 1) bal=True q=929^1 sym=True |r|ok=True irr=True ord=True geom=True normrel=True rankM=6 (exact) angle_rank=5
   S=(1, 1, 2, 2, 2, 2) bal=False q=929^1 sym=True |r|ok=True irr=False ord=True geom=False normrel=False rankM=4 (exact) angle_rank=3
   S=(1, 2, 1, 1, 2, 2) bal=True q=929^1 sym=True |r|ok=True irr=True ord=True geom=False normrel=True rankM=4 (exact) angle_rank=3
   S=(1, 2, 1, 2, 1, 2) bal=True q=929^2 sym=True |r|ok=True irr=True ord=True geom=True normrel=True rankM=6 (exact) angle_rank=5
   S=(1, 2, 1, 2, 2, 1) bal=True q=929^1 sym=True |r|ok=True irr=True ord=True geom=False normrel=True rankM=4 (exact) angle_rank=3
   S=(1, 2, 1, 2, 2, 2) bal=False q=929^1 sym=True |r|ok=True irr=True ord=True geom=True normrel=False rankM=6 (exact) angle_rank=5
   S=(1, 2, 2, 1, 1, 2) bal=True q=929^1 sym=True |r|ok=True irr=False ord=True geom=False normrel=True rankM=2 (exact) angle_rank=1
   S=(1, 2, 2, 1, 2, 1) bal=True q=929^2 sym=True |r|ok=True irr=True ord=True geom=True normrel=True rankM=6 (exact) angle_rank=5
   S=(1, 2, 2, 1, 2, 2) bal=False q=929^2 sym=True |r|ok=True irr=True ord=True geom=True normrel=False rankM=7 (exact) angle_rank=6
   S=(1, 2, 2, 2, 1, 1) bal=True q=929^1 sym=True |r|ok=True irr=True ord=True geom=False normrel=True rankM=4 (exact) angle_rank=3
   S=(1, 2, 2, 2, 1, 2) bal=False q=929^1 sym=True |r|ok=True irr=True ord=True geom=True normrel=False rankM=7 (exact) angle_rank=6
   S=(1, 2, 2, 2, 2, 1) bal=False q=929^2 sym=True |r|ok=True irr=True ord=True geom=True normrel=False rankM=6 (exact) angle_rank=5
  p = 941: split completely; G_F action: nfsplitting + p-adic roots
   S=(1, 1, 1, 2, 2, 2) bal=True q=941^1 sym=True |r|ok=True irr=True ord=True geom=True normrel=True rankM=6 (exact) angle_rank=5
   S=(1, 1, 2, 1, 2, 2) bal=True q=941^1 sym=True |r|ok=True irr=False ord=True geom=False normrel=True rankM=2 (exact) angle_rank=1
   S=(1, 1, 2, 2, 1, 2) bal=True q=941^1 sym=True |r|ok=True irr=True ord=True geom=True normrel=True rankM=6 (exact) angle_rank=5
   S=(1, 1, 2, 2, 2, 1) bal=True q=941^1 sym=True |r|ok=True irr=True ord=True geom=False normrel=True rankM=4 (exact) angle_rank=3
   S=(1, 1, 2, 2, 2, 2) bal=False q=941^1 sym=True |r|ok=True irr=True ord=True geom=True normrel=False rankM=7 (exact) angle_rank=6
   S=(1, 2, 1, 1, 2, 2) bal=True q=941^1 sym=True |r|ok=True irr=True ord=True geom=True normrel=True rankM=6 (exact) angle_rank=5
   S=(1, 2, 1, 2, 1, 2) bal=True q=941^1 sym=True |r|ok=True irr=True ord=True geom=True normrel=True rankM=6 (exact) angle_rank=5
   S=(1, 2, 1, 2, 2, 1) bal=True q=941^1 sym=True |r|ok=True irr=True ord=True geom=True normrel=True rankM=6 (exact) angle_rank=5
   S=(1, 2, 1, 2, 2, 2) bal=False q=941^1 sym=True |r|ok=True irr=False ord=True geom=False normrel=False rankM=4 (exact) angle_rank=3
   S=(1, 2, 2, 1, 1, 2) bal=True q=941^1 sym=True |r|ok=True irr=True ord=True geom=False normrel=True rankM=4 (exact) angle_rank=3
   S=(1, 2, 2, 1, 2, 1) bal=True q=941^1 sym=True |r|ok=True irr=True ord=True geom=True normrel=True rankM=6 (exact) angle_rank=5
   S=(1, 2, 2, 1, 2, 2) bal=False q=941^1 sym=True |r|ok=True irr=True ord=True geom=True normrel=False rankM=7 (exact) angle_rank=6
   S=(1, 2, 2, 2, 1, 1) bal=True q=941^1 sym=True |r|ok=True irr=True ord=True geom=False normrel=True rankM=4 (exact) angle_rank=3
   S=(1, 2, 2, 2, 1, 2) bal=False q=941^1 sym=True |r|ok=True irr=True ord=True geom=True normrel=False rankM=6 (exact) angle_rank=5
   S=(1, 2, 2, 2, 2, 1) bal=False q=941^1 sym=True |r|ok=True irr=True ord=True geom=True normrel=False rankM=6 (exact) angle_rank=5
  p = 1061: split completely; G_F action: nfsplitting + p-adic roots
   S=(1, 1, 1, 2, 2, 2) bal=True q=1061^1 sym=True |r|ok=True irr=False ord=True geom=False normrel=True rankM=2 (exact) angle_rank=1
   S=(1, 1, 2, 1, 2, 2) bal=True q=1061^2 sym=True |r|ok=True irr=True ord=True geom=True normrel=True rankM=6 (exact) angle_rank=5
   S=(1, 1, 2, 2, 1, 2) bal=True q=1061^1 sym=True |r|ok=True irr=True ord=True geom=True normrel=True rankM=6 (exact) angle_rank=5
   S=(1, 1, 2, 2, 2, 1) bal=True q=1061^1 sym=True |r|ok=True irr=True ord=True geom=False normrel=True rankM=4 (exact) angle_rank=3
   S=(1, 1, 2, 2, 2, 2) bal=False q=1061^2 sym=True |r|ok=True irr=True ord=True geom=True normrel=False rankM=7 (exact) angle_rank=6
   S=(1, 2, 1, 1, 2, 2) bal=True q=1061^2 sym=True |r|ok=True irr=True ord=True geom=True normrel=True rankM=6 (exact) angle_rank=5
   S=(1, 2, 1, 2, 1, 2) bal=True q=1061^1 sym=True |r|ok=True irr=True ord=True geom=False normrel=True rankM=4 (exact) angle_rank=3
   S=(1, 2, 1, 2, 2, 1) bal=True q=1061^1 sym=True |r|ok=True irr=True ord=True geom=True normrel=True rankM=6 (exact) angle_rank=5
   S=(1, 2, 1, 2, 2, 2) bal=False q=1061^2 sym=True |r|ok=True irr=True ord=True geom=True normrel=False rankM=7 (exact) angle_rank=6
   S=(1, 2, 2, 1, 1, 2) bal=True q=1061^2 sym=True |r|ok=True irr=True ord=True geom=True normrel=True rankM=6 (exact) angle_rank=5
   S=(1, 2, 2, 1, 2, 1) bal=True q=1061^2 sym=True |r|ok=True irr=True ord=True geom=True normrel=True rankM=6 (exact) angle_rank=5
   S=(1, 2, 2, 1, 2, 2) bal=False q=1061^1 sym=True |r|ok=True irr=False ord=True geom=False normrel=False rankM=4 (exact) angle_rank=3
   S=(1, 2, 2, 2, 1, 1) bal=True q=1061^1 sym=True |r|ok=True irr=True ord=True geom=False normrel=True rankM=4 (exact) angle_rank=3
   S=(1, 2, 2, 2, 1, 2) bal=False q=1061^2 sym=True |r|ok=True irr=True ord=True geom=True normrel=False rankM=6 (exact) angle_rank=5
   S=(1, 2, 2, 2, 2, 1) bal=False q=1061^2 sym=True |r|ok=True irr=True ord=True geom=True normrel=False rankM=6 (exact) angle_rank=5
  p = 1069: split completely; G_F action: nfsplitting + p-adic roots
   S=(1, 1, 1, 2, 2, 2) bal=True q=1069^1 sym=True |r|ok=True irr=True ord=True geom=False normrel=True rankM=4 (exact) angle_rank=3
   S=(1, 1, 2, 1, 2, 2) bal=True q=1069^1 sym=True |r|ok=True irr=False ord=True geom=False normrel=True rankM=2 (exact) angle_rank=1
   S=(1, 1, 2, 2, 1, 2) bal=True q=1069^1 sym=True |r|ok=True irr=True ord=True geom=True normrel=True rankM=6 (exact) angle_rank=5
   S=(1, 1, 2, 2, 2, 1) bal=True q=1069^2 sym=True |r|ok=True irr=True ord=True geom=True normrel=True rankM=6 (exact) angle_rank=5
   S=(1, 1, 2, 2, 2, 2) bal=False q=1069^2 sym=True |r|ok=True irr=True ord=True geom=True normrel=False rankM=7 (exact) angle_rank=6
   S=(1, 2, 1, 1, 2, 2) bal=True q=1069^1 sym=True |r|ok=True irr=True ord=True geom=True normrel=True rankM=6 (exact) angle_rank=5
   S=(1, 2, 1, 2, 1, 2) bal=True q=1069^1 sym=True |r|ok=True irr=True ord=True geom=False normrel=True rankM=4 (exact) angle_rank=3
   S=(1, 2, 1, 2, 2, 1) bal=True q=1069^2 sym=True |r|ok=True irr=True ord=True geom=True normrel=True rankM=6 (exact) angle_rank=5
   S=(1, 2, 1, 2, 2, 2) bal=False q=1069^2 sym=True |r|ok=True irr=True ord=True geom=True normrel=False rankM=6 (exact) angle_rank=5
   S=(1, 2, 2, 1, 1, 2) bal=True q=1069^1 sym=True |r|ok=True irr=True ord=True geom=False normrel=True rankM=4 (exact) angle_rank=3
   S=(1, 2, 2, 1, 2, 1) bal=True q=1069^2 sym=True |r|ok=True irr=True ord=True geom=True normrel=True rankM=6 (exact) angle_rank=5
   S=(1, 2, 2, 1, 2, 2) bal=False q=1069^2 sym=True |r|ok=True irr=True ord=True geom=True normrel=False rankM=7 (exact) angle_rank=6
   S=(1, 2, 2, 2, 1, 1) bal=True q=1069^2 sym=True |r|ok=True irr=True ord=True geom=True normrel=True rankM=6 (exact) angle_rank=5
   S=(1, 2, 2, 2, 1, 2) bal=False q=1069^2 sym=True |r|ok=True irr=True ord=True geom=True normrel=False rankM=6 (exact) angle_rank=5
   S=(1, 2, 2, 2, 2, 1) bal=False q=1069^1 sym=True |r|ok=True irr=False ord=True geom=False normrel=False rankM=4 (exact) angle_rank=3
  p = 1489: split completely; G_F action: nfsplitting + p-adic roots
   S=(1, 1, 1, 2, 2, 2) bal=True q=1489^2 sym=True |r|ok=True irr=True ord=True geom=True normrel=True rankM=6 (exact) angle_rank=5
   S=(1, 1, 2, 1, 2, 2) bal=True q=1489^1 sym=True |r|ok=True irr=True ord=True geom=True normrel=True rankM=6 (exact) angle_rank=5
   S=(1, 1, 2, 2, 1, 2) bal=True q=1489^2 sym=True |r|ok=True irr=True ord=True geom=True normrel=True rankM=6 (exact) angle_rank=5
   S=(1, 1, 2, 2, 2, 1) bal=True q=1489^1 sym=True |r|ok=True irr=True ord=True geom=True normrel=True rankM=6 (exact) angle_rank=5
   S=(1, 1, 2, 2, 2, 2) bal=False q=1489^1 sym=True |r|ok=True irr=False ord=True geom=False normrel=False rankM=4 (exact) angle_rank=3
   S=(1, 2, 1, 1, 2, 2) bal=True q=1489^1 sym=True |r|ok=True irr=True ord=True geom=False normrel=True rankM=4 (exact) angle_rank=3
   S=(1, 2, 1, 2, 1, 2) bal=True q=1489^2 sym=True |r|ok=True irr=True ord=True geom=True normrel=True rankM=6 (exact) angle_rank=5
   S=(1, 2, 1, 2, 2, 1) bal=True q=1489^1 sym=True |r|ok=True irr=True ord=True geom=False normrel=True rankM=4 (exact) angle_rank=3
   S=(1, 2, 1, 2, 2, 2) bal=False q=1489^1 sym=True |r|ok=True irr=True ord=True geom=True normrel=False rankM=6 (exact) angle_rank=5
   S=(1, 2, 2, 1, 1, 2) bal=True q=1489^1 sym=True |r|ok=True irr=False ord=True geom=False normrel=True rankM=2 (exact) angle_rank=1
   S=(1, 2, 2, 1, 2, 1) bal=True q=1489^2 sym=True |r|ok=True irr=True ord=True geom=True normrel=True rankM=6 (exact) angle_rank=5
   S=(1, 2, 2, 1, 2, 2) bal=False q=1489^2 sym=True |r|ok=True irr=True ord=True geom=True normrel=False rankM=7 (exact) angle_rank=6
   S=(1, 2, 2, 2, 1, 1) bal=True q=1489^1 sym=True |r|ok=True irr=False ord=True geom=False normrel=True rankM=4 (exact) angle_rank=3
   S=(1, 2, 2, 2, 1, 2) bal=False q=1489^1 sym=True |r|ok=True irr=True ord=True geom=True normrel=False rankM=7 (exact) angle_rank=6
   S=(1, 2, 2, 2, 2, 1) bal=False q=1489^2 sym=True |r|ok=True irr=True ord=True geom=True normrel=False rankM=6 (exact) angle_rank=5
  p = 1601: split completely; G_F action: nfsplitting + p-adic roots
   S=(1, 1, 1, 2, 2, 2) bal=True q=1601^2 sym=True |r|ok=True irr=True ord=True geom=True normrel=True rankM=6 (exact) angle_rank=5
   S=(1, 1, 2, 1, 2, 2) bal=True q=1601^1 sym=True |r|ok=True irr=True ord=True geom=True normrel=True rankM=6 (exact) angle_rank=5
   S=(1, 1, 2, 2, 1, 2) bal=True q=1601^2 sym=True |r|ok=True irr=True ord=True geom=True normrel=True rankM=6 (exact) angle_rank=5
   S=(1, 1, 2, 2, 2, 1) bal=True q=1601^1 sym=True |r|ok=True irr=True ord=True geom=True normrel=True rankM=6 (exact) angle_rank=5
   S=(1, 1, 2, 2, 2, 2) bal=False q=1601^1 sym=True |r|ok=True irr=False ord=True geom=False normrel=False rankM=4 (exact) angle_rank=3
   S=(1, 2, 1, 1, 2, 2) bal=True q=1601^1 sym=True |r|ok=True irr=True ord=True geom=False normrel=True rankM=4 (exact) angle_rank=3
   S=(1, 2, 1, 2, 1, 2) bal=True q=1601^2 sym=True |r|ok=True irr=True ord=True geom=True normrel=True rankM=6 (exact) angle_rank=5
   S=(1, 2, 1, 2, 2, 1) bal=True q=1601^1 sym=True |r|ok=True irr=True ord=True geom=False normrel=True rankM=4 (exact) angle_rank=3
   S=(1, 2, 1, 2, 2, 2) bal=False q=1601^1 sym=True |r|ok=True irr=True ord=True geom=True normrel=False rankM=6 (exact) angle_rank=5
   S=(1, 2, 2, 1, 1, 2) bal=True q=1601^1 sym=True |r|ok=True irr=False ord=True geom=False normrel=True rankM=2 (exact) angle_rank=1
   S=(1, 2, 2, 1, 2, 1) bal=True q=1601^2 sym=True |r|ok=True irr=True ord=True geom=True normrel=True rankM=6 (exact) angle_rank=5
   S=(1, 2, 2, 1, 2, 2) bal=False q=1601^2 sym=True |r|ok=True irr=True ord=True geom=True normrel=False rankM=7 (exact) angle_rank=6
   S=(1, 2, 2, 2, 1, 1) bal=True q=1601^1 sym=True |r|ok=True irr=True ord=True geom=False normrel=True rankM=4 (exact) angle_rank=3
   S=(1, 2, 2, 2, 1, 2) bal=False q=1601^1 sym=True |r|ok=True irr=True ord=True geom=True normrel=False rankM=7 (exact) angle_rank=6
   S=(1, 2, 2, 2, 2, 1) bal=False q=1601^2 sym=True |r|ok=True irr=True ord=True geom=True normrel=False rankM=6 (exact) angle_rank=5
  p = 1669: split completely; G_F action: nfsplitting + p-adic roots
   S=(1, 1, 1, 2, 2, 2) bal=True q=1669^2 sym=True |r|ok=True irr=True ord=True geom=True normrel=True rankM=6 (exact) angle_rank=5
   S=(1, 1, 2, 1, 2, 2) bal=True q=1669^1 sym=True |r|ok=True irr=True ord=True geom=True normrel=True rankM=6 (exact) angle_rank=5
   S=(1, 1, 2, 2, 1, 2) bal=True q=1669^2 sym=True |r|ok=True irr=True ord=True geom=True normrel=True rankM=6 (exact) angle_rank=5
   S=(1, 1, 2, 2, 2, 1) bal=True q=1669^1 sym=True |r|ok=True irr=True ord=True geom=True normrel=True rankM=6 (exact) angle_rank=5
   S=(1, 1, 2, 2, 2, 2) bal=False q=1669^1 sym=True |r|ok=True irr=False ord=True geom=False normrel=False rankM=4 (exact) angle_rank=3
   S=(1, 2, 1, 1, 2, 2) bal=True q=1669^1 sym=True |r|ok=True irr=True ord=True geom=False normrel=True rankM=4 (exact) angle_rank=3
   S=(1, 2, 1, 2, 1, 2) bal=True q=1669^2 sym=True |r|ok=True irr=True ord=True geom=True normrel=True rankM=6 (exact) angle_rank=5
   S=(1, 2, 1, 2, 2, 1) bal=True q=1669^1 sym=True |r|ok=True irr=False ord=True geom=False normrel=True rankM=2 (exact) angle_rank=1
   S=(1, 2, 1, 2, 2, 2) bal=False q=1669^1 sym=True |r|ok=True irr=True ord=True geom=True normrel=False rankM=7 (exact) angle_rank=6
   S=(1, 2, 2, 1, 1, 2) bal=True q=1669^1 sym=True |r|ok=True irr=False ord=True geom=False normrel=True rankM=4 (exact) angle_rank=3
   S=(1, 2, 2, 1, 2, 1) bal=True q=1669^2 sym=True |r|ok=True irr=True ord=True geom=True normrel=True rankM=6 (exact) angle_rank=5
   S=(1, 2, 2, 1, 2, 2) bal=False q=1669^2 sym=True |r|ok=True irr=True ord=True geom=True normrel=False rankM=6 (exact) angle_rank=5
   S=(1, 2, 2, 2, 1, 1) bal=True q=1669^1 sym=True |r|ok=True irr=True ord=True geom=False normrel=True rankM=4 (exact) angle_rank=3
   S=(1, 2, 2, 2, 1, 2) bal=False q=1669^1 sym=True |r|ok=True irr=True ord=True geom=True normrel=False rankM=6 (exact) angle_rank=5
   S=(1, 2, 2, 2, 2, 1) bal=False q=1669^2 sym=True |r|ok=True irr=True ord=True geom=True normrel=False rankM=7 (exact) angle_rank=6
  p = 2389: split completely; G_F action: nfsplitting + p-adic roots
   S=(1, 1, 1, 2, 2, 2) bal=True q=2389^1 sym=True |r|ok=True irr=False ord=True geom=False normrel=True rankM=2 (exact) angle_rank=1
   S=(1, 1, 2, 1, 2, 2) bal=True q=2389^1 sym=True |r|ok=True irr=True ord=True geom=False normrel=True rankM=4 (exact) angle_rank=3
   S=(1, 1, 2, 2, 1, 2) bal=True q=2389^2 sym=True |r|ok=True irr=True ord=True geom=True normrel=True rankM=6 (exact) angle_rank=5
   S=(1, 1, 2, 2, 2, 1) bal=True q=2389^2 sym=True |r|ok=True irr=True ord=True geom=True normrel=True rankM=6 (exact) angle_rank=5
   S=(1, 1, 2, 2, 2, 2) bal=False q=2389^1 sym=True |r|ok=True irr=True ord=True geom=True normrel=False rankM=7 (exact) angle_rank=6
   S=(1, 2, 1, 1, 2, 2) bal=True q=2389^2 sym=True |r|ok=True irr=True ord=True geom=True normrel=True rankM=6 (exact) angle_rank=5
   S=(1, 2, 1, 2, 1, 2) bal=True q=2389^1 sym=True |r|ok=True irr=True ord=True geom=True normrel=True rankM=6 (exact) angle_rank=5
   S=(1, 2, 1, 2, 2, 1) bal=True q=2389^1 sym=True |r|ok=True irr=True ord=True geom=False normrel=True rankM=4 (exact) angle_rank=3
   S=(1, 2, 1, 2, 2, 2) bal=False q=2389^2 sym=True |r|ok=True irr=True ord=True geom=True normrel=False rankM=7 (exact) angle_rank=6
   S=(1, 2, 2, 1, 1, 2) bal=True q=2389^1 sym=True |r|ok=True irr=True ord=True geom=True normrel=True rankM=6 (exact) angle_rank=5
   S=(1, 2, 2, 1, 2, 1) bal=True q=2389^1 sym=True |r|ok=True irr=True ord=True geom=False normrel=True rankM=4 (exact) angle_rank=3
   S=(1, 2, 2, 1, 2, 2) bal=False q=2389^2 sym=True |r|ok=True irr=True ord=True geom=True normrel=False rankM=6 (exact) angle_rank=5
   S=(1, 2, 2, 2, 1, 1) bal=True q=2389^2 sym=True |r|ok=True irr=True ord=True geom=True normrel=True rankM=6 (exact) angle_rank=5
   S=(1, 2, 2, 2, 1, 2) bal=False q=2389^1 sym=True |r|ok=True irr=False ord=True geom=False normrel=False rankM=4 (exact) angle_rank=3
   S=(1, 2, 2, 2, 2, 1) bal=False q=2389^1 sym=True |r|ok=True irr=True ord=True geom=True normrel=False rankM=6 (exact) angle_rank=5
done 3.2s
