PARI stack size set to 4000000000 bytes, maximum size set to 4000000000
[6T5_K3] F = x^6 - x^5 - 6*x^4 + 7*x^3 + 4*x^2 - 5*x + 1  (6T5, |G_F| = 18),  K = x^2 + x + 1,  E: R = x^12 - x^11 + 7*x^10 - 8*x^9 + 39*x^8 - 39*x^7 + 70*x^6 - 33*x^5 + 57*x^4 - 34*x^3 + 21*x^2 - 5*x + 1
  disc(E) = [2, 8; 3, 6; 5, 6; 19, 4], class group cyc = [3], time 0.0s
  N (multiple of #mu(L)) = 69090840
  p = 331: split completely; G_F action: nfsplitting + p-adic roots
   S=(1, 1, 1, 2, 2, 2) bal=True q=331^1 sym=True |r|ok=True irr=True ord=True geom=True normrel=True rankM=6 (exact) angle_rank=5
   S=(1, 1, 2, 1, 2, 2) bal=True q=331^1 sym=True |r|ok=True irr=True ord=True geom=True normrel=True rankM=6 (exact) angle_rank=5
   S=(1, 1, 2, 2, 1, 2) bal=True q=331^1 sym=True |r|ok=True irr=True ord=True geom=True normrel=True rankM=6 (exact) angle_rank=5
   S=(1, 1, 2, 2, 2, 1) bal=True q=331^1 sym=True |r|ok=True irr=True ord=True geom=True normrel=True rankM=6 (exact) angle_rank=5
   S=(1, 1, 2, 2, 2, 2) bal=False q=331^3 sym=True |r|ok=True irr=True ord=True geom=True normrel=False rankM=6 (exact) angle_rank=5
   S=(1, 2, 1, 1, 2, 2) bal=True q=331^1 sym=True |r|ok=True irr=False ord=True geom=False normrel=True rankM=2 (exact) angle_rank=1
   S=(1, 2, 1, 2, 1, 2) bal=True q=331^1 sym=True |r|ok=True irr=True ord=True geom=True normrel=True rankM=6 (exact) angle_rank=5
   S=(1, 2, 1, 2, 2, 1) bal=True q=331^1 sym=True |r|ok=True irr=True ord=True geom=True normrel=True rankM=6 (exact) angle_rank=5
   S=(1, 2, 1, 2, 2, 2) bal=False q=331^3 sym=True |r|ok=True irr=True ord=True geom=True normrel=False rankM=7 (exact) angle_rank=6
   S=(1, 2, 2, 1, 1, 2) bal=True q=331^1 sym=True |r|ok=True irr=True ord=True geom=True normrel=True rankM=6 (exact) angle_rank=5
   S=(1, 2, 2, 1, 2, 1) bal=True q=331^1 sym=True |r|ok=True irr=True ord=True geom=True normrel=True rankM=6 (exact) angle_rank=5
   S=(1, 2, 2, 1, 2, 2) bal=False q=331^3 sym=True |r|ok=True irr=True ord=True geom=True normrel=False rankM=7 (exact) angle_rank=6
   S=(1, 2, 2, 2, 1, 1) bal=True q=331^1 sym=True |r|ok=True irr=True ord=True geom=True normrel=True rankM=6 (exact) angle_rank=5
   S=(1, 2, 2, 2, 1, 2) bal=False q=331^3 sym=True |r|ok=True irr=True ord=True geom=True normrel=False rankM=6 (exact) angle_rank=5
   S=(1, 2, 2, 2, 2, 1) bal=False q=331^3 sym=True |r|ok=True irr=True ord=True geom=True normrel=False rankM=6 (exact) angle_rank=5
  p = 349: split completely; G_F action: nfsplitting + p-adic roots
   S=(1, 1, 1, 2, 2, 2) bal=True q=349^1 sym=True |r|ok=True irr=False ord=True geom=False normrel=True rankM=2 (exact) angle_rank=1
   S=(1, 1, 2, 1, 2, 2) bal=True q=349^3 sym=True |r|ok=True irr=True ord=True geom=True normrel=True rankM=6 (exact) angle_rank=5
   S=(1, 1, 2, 2, 1, 2) bal=True q=349^3 sym=True |r|ok=True irr=True ord=True geom=True normrel=True rankM=6 (exact) angle_rank=5
   S=(1, 1, 2, 2, 2, 1) bal=True q=349^3 sym=True |r|ok=True irr=True ord=True geom=True normrel=True rankM=6 (exact) angle_rank=5
   S=(1, 1, 2, 2, 2, 2) bal=False q=349^3 sym=True |r|ok=True irr=True ord=True geom=True normrel=False rankM=7 (exact) angle_rank=6
   S=(1, 2, 1, 1, 2, 2) bal=True q=349^3 sym=True |r|ok=True irr=True ord=True geom=True normrel=True rankM=6 (exact) angle_rank=5
   S=(1, 2, 1, 2, 1, 2) bal=True q=349^3 sym=True |r|ok=True irr=True ord=True geom=True normrel=True rankM=6 (exact) angle_rank=5
   S=(1, 2, 1, 2, 2, 1) bal=True q=349^3 sym=True |r|ok=True irr=True ord=True geom=True normrel=True rankM=6 (exact) angle_rank=5
   S=(1, 2, 1, 2, 2, 2) bal=False q=349^3 sym=True |r|ok=True irr=True ord=True geom=True normrel=False rankM=7 (exact) angle_rank=6
   S=(1, 2, 2, 1, 1, 2) bal=True q=349^3 sym=True |r|ok=True irr=True ord=True geom=True normrel=True rankM=6 (exact) angle_rank=5
   S=(1, 2, 2, 1, 2, 1) bal=True q=349^3 sym=True |r|ok=True irr=True ord=True geom=True normrel=True rankM=6 (exact) angle_rank=5
   S=(1, 2, 2, 1, 2, 2) bal=False q=349^3 sym=True |r|ok=True irr=True ord=True geom=True normrel=False rankM=6 (exact) angle_rank=5
   S=(1, 2, 2, 2, 1, 1) bal=True q=349^3 sym=True |r|ok=True irr=True ord=True geom=True normrel=True rankM=6 (exact) angle_rank=5
   S=(1, 2, 2, 2, 1, 2) bal=False q=349^3 sym=True |r|ok=True irr=True ord=True geom=True normrel=False rankM=6 (exact) angle_rank=5
   S=(1, 2, 2, 2, 2, 1) bal=False q=349^3 sym=True |r|ok=True irr=True ord=True geom=True normrel=False rankM=6 (exact) angle_rank=5
  p = 829: split completely; G_F action: nfsplitting + p-adic roots
   S=(1, 1, 1, 2, 2, 2) bal=True q=829^3 sym=True |r|ok=True irr=True ord=True geom=True normrel=True rankM=6 (exact) angle_rank=5
   S=(1, 1, 2, 1, 2, 2) bal=True q=829^3 sym=True |r|ok=True irr=True ord=True geom=True normrel=True rankM=6 (exact) angle_rank=5
   S=(1, 1, 2, 2, 1, 2) bal=True q=829^1 sym=True |r|ok=True irr=False ord=True geom=False normrel=True rankM=2 (exact) angle_rank=1
   S=(1, 1, 2, 2, 2, 1) bal=True q=829^3 sym=True |r|ok=True irr=True ord=True geom=True normrel=True rankM=6 (exact) angle_rank=5
   S=(1, 1, 2, 2, 2, 2) bal=False q=829^3 sym=True |r|ok=True irr=True ord=True geom=True normrel=False rankM=7 (exact) angle_rank=6
   S=(1, 2, 1, 1, 2, 2) bal=True q=829^3 sym=True |r|ok=True irr=True ord=True geom=True normrel=True rankM=6 (exact) angle_rank=5
   S=(1, 2, 1, 2, 1, 2) bal=True q=829^3 sym=True |r|ok=True irr=True ord=True geom=True normrel=True rankM=6 (exact) angle_rank=5
   S=(1, 2, 1, 2, 2, 1) bal=True q=829^3 sym=True |r|ok=True irr=True ord=True geom=True normrel=True rankM=6 (exact) angle_rank=5
   S=(1, 2, 1, 2, 2, 2) bal=False q=829^3 sym=True |r|ok=True irr=True ord=True geom=True normrel=False rankM=6 (exact) angle_rank=5
   S=(1, 2, 2, 1, 1, 2) bal=True q=829^3 sym=True |r|ok=True irr=True ord=True geom=True normrel=True rankM=6 (exact) angle_rank=5
   S=(1, 2, 2, 1, 2, 1) bal=True q=829^3 sym=True |r|ok=True irr=True ord=True geom=True normrel=True rankM=6 (exact) angle_rank=5
   S=(1, 2, 2, 1, 2, 2) bal=False q=829^3 sym=True |r|ok=True irr=True ord=True geom=True normrel=False rankM=6 (exact) angle_rank=5
   S=(1, 2, 2, 2, 1, 1) bal=True q=829^3 sym=True |r|ok=True irr=True ord=True geom=True normrel=True rankM=6 (exact) angle_rank=5
   S=(1, 2, 2, 2, 1, 2) bal=False q=829^3 sym=True |r|ok=True irr=True ord=True geom=True normrel=False rankM=7 (exact) angle_rank=6
   S=(1, 2, 2, 2, 2, 1) bal=False q=829^3 sym=True |r|ok=True irr=True ord=True geom=True normrel=False rankM=6 (exact) angle_rank=5
done 0.5s
