{"name": "12T2_deg", "q_is_power_of_p": true, "monic_symmetric": true, "weil_sturm": true, "irreducible": true, "ordinary": true, "N": 32760, "geom_simple": true, "max_abs_dev": 0.0, "relations": [[1, -1, 1, -1, -1, -1, 1]], "angle_rank_numerical": 5, "bound_no_further_relation": 6.692448905094341e+49, "ALL_OK": true}
   cert: {'relation': [1, -1, 1, -1, -1, -1, 1], 'm': 6, 'digits': 241, 'log10_abs_x': -230.06026863203869, 'log10_threshold': -144.75030676907406, 'certified': True}
{"name": "12T2_ctrl", "q_is_power_of_p": true, "monic_symmetric": true, "weil_sturm": true, "irreducible": true, "ordinary": true, "N": 32760, "geom_simple": true, "max_abs_dev": 0.0, "relations": [], "angle_rank_numerical": 6, "bound_no_further_relation": 4.9327369267192544e+42, "ALL_OK": true}
{"name": "12T10_deg", "q_is_power_of_p": true, "monic_symmetric": true, "weil_sturm": true, "irreducible": true, "ordinary": true, "N": 65520, "geom_simple": true, "max_abs_dev": 0.0, "relations": [[2, 2, -2, -2, -2, 2, 1]], "angle_rank_numerical": 5, "bound_no_further_relation": 6.322220404489018e+49, "ALL_OK": true}
   cert: {'relation': [2, 2, -2, -2, -2, 2, 1], 'm': 12, 'digits': 791, 'log10_abs_x': -762.315240292004, 'log10_threshold': -677.5353191809362, 'certified': True}
{"name": "12T10_ctrl", "q_is_power_of_p": true, "monic_symmetric": true, "weil_sturm": true, "irreducible": true, "ordinary": true, "N": 65520, "geom_simple": true, "max_abs_dev": 0.0, "relations": [], "angle_rank_numerical": 6, "bound_no_further_relation": 5.155981659903258e+42, "ALL_OK": true}
{"name": "12T7_deg", "q_is_power_of_p": true, "monic_symmetric": true, "weil_sturm": true, "irreducible": true, "ordinary": true, "N": 65520, "geom_simple": true, "max_abs_dev": 0.0, "relations": [[2, 2, 2, -2, -2, -2, 1]], "angle_rank_numerical": 5, "bound_no_further_relation": 6.848854491302381e+49, "ALL_OK": true}
   cert: {'relation': [2, 2, 2, -2, -2, -2, 1], 'm': 12, 'digits': 627, 'log10_abs_x': -605.3668670086386, 'log10_threshold': -521.2007992935174, 'certified': True}
{"name": "12T7_ctrl", "q_is_power_of_p": true, "monic_symmetric": true, "weil_sturm": true, "irreducible": true, "ordinary": true, "N": 65520, "geom_simple": true, "max_abs_dev": 0.0, "relations": [], "angle_rank_numerical": 6, "bound_no_further_relation": 6.569699902407942e+42, "ALL_OK": true}
{"name": "12T18_deg", "q_is_power_of_p": true, "monic_symmetric": true, "weil_sturm": true, "irreducible": true, "ordinary": true, "N": 69090840, "geom_simple": true, "max_abs_dev": 0.0, "relations": [[-1, -1, 1, -1, -1, 1, 0]], "angle_rank_numerical": 5, "bound_no_further_relation": 7.643241374250919e+49, "ALL_OK": true}
   cert: {'relation': [-1, -1, 1, -1, -1, 1, 0], 'm': 6, 'digits': 639, 'log10_abs_x': -626.172446462765, 'log10_threshold': -539.6999285411403, 'certified': True}
{"name": "12T18_ctrl", "q_is_power_of_p": true, "monic_symmetric": true, "weil_sturm": true, "irreducible": true, "ordinary": true, "N": 69090840, "geom_simple": true, "max_abs_dev": 0.0, "relations": [], "angle_rank_numerical": 6, "bound_no_further_relation": 6.674433660683976e+42, "ALL_OK": true}
{"name": "12T25_deg", "q_is_power_of_p": true, "monic_symmetric": true, "weil_sturm": true, "irreducible": true, "ordinary": true, "N": 2227680, "geom_simple": true, "max_abs_dev": 0.0, "relations": [[-2, -2, -2, 2, 2, -2, 1]], "angle_rank_numerical": 5, "bound_no_further_relation": 6.510218860704085e+49, "ALL_OK": true}
   cert: {'relation': [-2, -2, -2, 2, 2, -2, 1], 'm': 12, 'digits': 1437, 'log10_abs_x': -1410.1696570273089, 'log10_threshold': -1325.0437145841058, 'certified': True}
{"name": "12T25_ctrl", "q_is_power_of_p": true, "monic_symmetric": true, "weil_sturm": true, "irreducible": true, "ordinary": true, "N": 2227680, "geom_simple": true, "max_abs_dev": 0.0, "relations": [], "angle_rank_numerical": 6, "bound_no_further_relation": 5.990512642297282e+42, "ALL_OK": true}
{"name": "12T23_deg", "q_is_power_of_p": true, "monic_symmetric": true, "weil_sturm": true, "irreducible": true, "ordinary": true, "N": 2227680, "geom_simple": true, "max_abs_dev": 0.0, "relations": [[-2, 2, -2, 2, -2, -2, 1]], "angle_rank_numerical": 5, "bound_no_further_relation": 5.220606417971415e+49, "ALL_OK": true}
   cert: {'relation': [-2, 2, -2, 2, -2, -2, 1], 'm': 12, 'digits': 1706, 'log10_abs_x': -1672.948624232506, 'log10_threshold': -1587.8692423109553, 'certified': True}
{"name": "12T23_ctrl", "q_is_power_of_p": true, "monic_symmetric": true, "weil_sturm": true, "irreducible": true, "ordinary": true, "N": 2227680, "geom_simple": true, "max_abs_dev": 0.0, "relations": [], "angle_rank_numerical": 6, "bound_no_further_relation": 4.2331186044688697e+42, "ALL_OK": true}
{"name": "12T24_deg", "q_is_power_of_p": true, "monic_symmetric": true, "weil_sturm": true, "irreducible": true, "ordinary": true, "N": 2227680, "geom_simple": true, "max_abs_dev": 0.0, "relations": [[2, 2, -2, 2, -2, -2, 1]], "angle_rank_numerical": 5, "bound_no_further_relation": 5.931600726592061e+49, "ALL_OK": true}
   cert: {'relation': [2, 2, -2, 2, -2, -2, 1], 'm': 12, 'digits': 1796, 'log10_abs_x': -1761.9976242388323, 'log10_threshold': -1675.1148221406022, 'certified': True}
{"name": "12T24_ctrl", "q_is_power_of_p": true, "monic_symmetric": true, "weil_sturm": true, "irreducible": true, "ordinary": true, "N": 2227680, "geom_simple": true, "max_abs_dev": 0.0, "relations": [], "angle_rank_numerical": 6, "bound_no_further_relation": 6.513973960418488e+42, "ALL_OK": true}
{"name": "12T37_deg", "q_is_power_of_p": true, "monic_symmetric": true, "weil_sturm": true, "irreducible": true, "ordinary": true, "N": 10087262640, "geom_simple": true, "max_abs_dev": 0.0, "relations": [[3, -3, -3, -3, -3, -3, 5]], "angle_rank_numerical": 5, "bound_no_further_relation": 4.793419170007153e+49, "ALL_OK": true}
   cert: {'relation': [3, -3, -3, -3, -3, -3, 5], 'm': 18, 'digits': 3372, 'log10_abs_x': -3327.0457807630587, 'log10_threshold': -3241.7133057375113, 'certified': True}
{"name": "12T37_ctrl", "q_is_power_of_p": true, "monic_symmetric": true, "weil_sturm": true, "irreducible": true, "ordinary": true, "N": 10087262640, "geom_simple": true, "max_abs_dev": 0.0, "relations": [], "angle_rank_numerical": 6, "bound_no_further_relation": 5.637792537274641e+42, "ALL_OK": true}
{"name": "12T40_deg", "q_is_power_of_p": true, "monic_symmetric": true, "weil_sturm": true, "irreducible": true, "ordinary": true, "N": 10087262640, "geom_simple": true, "max_abs_dev": 0.0, "relations": [[3, 3, -3, 3, -3, -3, 1]], "angle_rank_numerical": 5, "bound_no_further_relation": 2.30414874235951e+49, "ALL_OK": true}
   cert: {'relation': [3, 3, -3, 3, -3, -3, 1], 'm': 18, 'digits': 3990, 'log10_abs_x': -3936.6092209268218, 'log10_threshold': -3850.3552601243246, 'certified': True}
{"name": "12T40_ctrl", "q_is_power_of_p": true, "monic_symmetric": true, "weil_sturm": true, "irreducible": true, "ordinary": true, "N": 10087262640, "geom_simple": true, "max_abs_dev": 0.0, "relations": [], "angle_rank_numerical": 6, "bound_no_further_relation": 6.091521675902044e+42, "ALL_OK": true}
{"name": "12T48_deg", "q_is_power_of_p": true, "monic_symmetric": true, "weil_sturm": true, "irreducible": true, "ordinary": true, "N": 432169920, "geom_simple": true, "max_abs_dev": 0.0, "relations": [[-3, 3, -3, -3, -3, 3, 1]], "angle_rank_numerical": 5, "bound_no_further_relation": 4.418953496738156e+49, "ALL_OK": true}
   cert: {'relation': [-3, 3, -3, -3, -3, 3, 1], 'm': 18, 'digits': 5225, 'log10_abs_x': -5171.894482665025, 'log10_threshold': -5086.106310460841, 'certified': True}
{"name": "12T48_ctrl", "q_is_power_of_p": true, "monic_symmetric": true, "weil_sturm": true, "irreducible": true, "ordinary": true, "N": 432169920, "geom_simple": true, "max_abs_dev": 0.0, "relations": [], "angle_rank_numerical": 6, "bound_no_further_relation": 5.5663385501811626e+42, "ALL_OK": true}
{"name": "12T77_deg", "q_is_power_of_p": true, "monic_symmetric": true, "weil_sturm": true, "irreducible": true, "ordinary": true, "N": 342966929760, "geom_simple": true, "max_abs_dev": 0.0, "relations": [[3, 3, -3, 3, -3, -3, 1]], "angle_rank_numerical": 5, "bound_no_further_relation": 5.228734349459355e+49, "ALL_OK": true}
   cert: {'relation': [3, 3, -3, 3, -3, -3, 1], 'm': 18, 'digits': 7364, 'log10_abs_x': -7314.032439628375, 'log10_threshold': -7228.859019957733, 'certified': True}
{"name": "12T77_ctrl", "q_is_power_of_p": true, "monic_symmetric": true, "weil_sturm": true, "irreducible": true, "ordinary": true, "N": 342966929760, "geom_simple": true, "max_abs_dev": 0.0, "relations": [], "angle_rank_numerical": 6, "bound_no_further_relation": 6.777898640779664e+42, "ALL_OK": true}
{"name": "12T123_deg", "q_is_power_of_p": true, "monic_symmetric": true, "weil_sturm": true, "irreducible": true, "ordinary": true, "N": 2289327490850400, "geom_simple": true, "max_abs_dev": 0.0, "relations": [[3, -3, -3, -3, -3, 3, 1]], "angle_rank_numerical": 5, "bound_no_further_relation": 3.4608933560732596e+49, "ALL_OK": true}
   cert: {'relation': [3, -3, -3, -3, -3, 3, 1], 'm': 18, 'digits': 17845, 'log10_abs_x': -17771.378509946277, 'log10_threshold': -17683.201816150875, 'certified': True}
{"name": "12T219_deg", "q_is_power_of_p": true, "monic_symmetric": true, "weil_sturm": true, "irreducible": true, "ordinary": true, "N": 12376209948955935621739200, "geom_simple": true, "max_abs_dev": 0.0, "relations": [[2, -2, -2, -2, 2, -2, 1]], "angle_rank_numerical": 5, "bound_no_further_relation": 5.646508659496066e+49, "ALL_OK": true}
   cert: {'relation': [2, -2, -2, -2, 2, -2, 1], 'm': 12, 'digits': 57816, 'log10_abs_x': -57777.2919481322, 'log10_threshold': -57689.734316576374, 'certified': True}
{"name": "12T219_ctrl", "q_is_power_of_p": true, "monic_symmetric": true, "weil_sturm": true, "irreducible": true, "ordinary": true, "N": 12376209948955935621739200, "geom_simple": true, "max_abs_dev": 0.0, "relations": [], "angle_rank_numerical": 6, "bound_no_further_relation": 6.634298645306862e+42, "ALL_OK": true}
{"name": "fermat21_jacobi_p43_1_1_19", "q_is_power_of_p": true, "monic_symmetric": true, "weil_sturm": true, "irreducible": true, "ordinary": true, "N": 32760, "geom_simple": true, "max_abs_dev": 0.0, "relations": [[-1, -1, -1, 1, -1, 1, 0]], "angle_rank_numerical": 5, "bound_no_further_relation": 8.41967020628586e+49, "ALL_OK": true}
   cert: {'relation': [-1, -1, -1, 1, -1, 1, 0], 'm': 6, 'digits': 204, 'log10_abs_x': -195.05540733651134, 'log10_threshold': -111.1202480205565, 'certified': True}
{"name": "fermat21_jacobi_p127_1_1_19", "q_is_power_of_p": true, "monic_symmetric": true, "weil_sturm": true, "irreducible": true, "ordinary": true, "N": 32760, "geom_simple": true, "max_abs_dev": 0.0, "relations": [[-1, -1, -1, 1, -1, 1, 0]], "angle_rank_numerical": 5, "bound_no_further_relation": 8.484741515586813e+49, "ALL_OK": true}
   cert: {'relation': [-1, -1, -1, 1, -1, 1, 0], 'm': 6, 'digits': 238, 'log10_abs_x': -225.76241703568368, 'log10_threshold': -142.16237553539693, 'certified': True}
