n = 1  (A^1, dim 6):  k, dim B^k, dim D^k, extra
    (0, 1, 1, 0)
    (1, 2, 2, 0)
    (2, 3, 3, 0)
    (3, 6, 4, 2)
    (4, 3, 3, 0)
    (5, 2, 2, 0)
    (6, 1, 1, 0)
   nonzero det-weights j: [-1, 0, 1]
n = 2  (A^2, dim 12):  k, dim B^k, dim D^k, extra
    (0, 1, 1, 0)
    (1, 8, 8, 0)
    (2, 36, 36, 0)
    (3, 152, 120, 32)
    (4, 376, 280, 96)
    (5, 656, 488, 168)
    (6, 844, 634, 210)
    (7, 656, 488, 168)
    (8, 376, 280, 96)
    (9, 152, 120, 32)
    (10, 36, 36, 0)
    (11, 8, 8, 0)
    (12, 1, 1, 0)
   nonzero det-weights j: [-2, -1, 0, 1, 2]
n = 3  (A^3, dim 18):  k, dim B^k, dim D^k, extra
    (0, 1, 1, 0)
    (1, 18, 18, 0)
    (2, 171, 171, 0)
    (3, 1340, 1140, 200)
    (4, 7335, 5535, 1800)
    (5, 28620, 20250, 8370)
    (6, 82915, 56715, 26200)
    (7, 174348, 116460, 57888)
    (8, 271134, 177678, 93456)
    (9, 315110, 204464, 110646)
    (10, 271134, 177678, 93456)
    (11, 174348, 116460, 57888)
    (12, 82915, 56715, 26200)
    (13, 28620, 20250, 8370)
    (14, 7335, 5535, 1800)
    (15, 1340, 1140, 200)
    (16, 171, 171, 0)
    (17, 18, 18, 0)
    (18, 1, 1, 0)
   nonzero det-weights j: [-3, -2, -1, 0, 1, 2, 3]
