case 1 1 5 A True B False h1 4 1
case 2 1 5 A True B True h1 6 1
case 3 1 5 A True B True h1 4 1
case 4 1 5 A True B True h1 4 1
case 5 1 5 A True B False h1 4 1
case 6 1 13 A True B True h1 6 2
case 7 1 13 A True B True h1 4 2
case 8 1 13 A True B True h1 4 2
case 9 1 13 A True B True h1 4 2
case 10 1 13 A True B True h1 4 2
case 11 1 30 A True B True h1 4 2
case 12 1 30 A True B True h1 4 2
case 13 1 30 A True B True h1 4 2
case 14 1 30 A True B False h1 4 3
case 15 1 30 A True B True h1 4 3
case 16 2 7 A True B True h1 4 4
case 17 2 7 A True B True h1 4 4
case 18 2 7 A True B True h1 4 4
case 19 2 7 A True B True h1 4 4
case 20 2 7 A True B False h1 4 5
case 21 2 15 A True B True h1 4 5
case 22 2 15 A True B True h1 4 5
case 23 2 15 A True B True h1 4 5
case 24 2 15 A True B True h1 4 5
case 25 2 15 A True B True h1 4 5
case 26 3 3 A True B False h1 4 6
case 27 3 3 A True B False h1 4 7
case 28 3 3 A True B True h1 4 7
case 29 3 3 A True B True h1 4 7
case 30 3 3 A True B False h1 4 8
case 31 3 11 A True B False h1 4 9
case 32 3 11 A True B True h1 4 9
case 33 3 11 A True B True h1 4 9
case 34 3 11 A True B True h1 4 9
case 35 3 11 A True B True h1 4 9
case 36 3 21 A True B True h1 4 9
case 37 3 21 A True B True h1 4 10
case 38 3 21 A True B True h1 4 10
case 39 3 21 A True B True h1 4 10
case 40 3 21 A True B True h1 4 11
case 41 5 6 A True B True h1 6 11
case 42 5 6 A True B True h1 4 11
case 43 5 6 A True B True h1 4 11
case 44 5 6 A True B True h1 4 11
case 45 5 6 A True B True h1 4 12
case 46 5 14 A True B False h1 4 12
case 47 5 14 A True B False h1 4 14
case 48 5 14 A True B True h1 4 14
case 49 5 14 A True B True h1 6 14
case 50 5 14 A True B True h1 4 14
case 51 6 2 A True B True h1 4 14
case 52 6 2 A True B True h1 4 14
case 53 6 2 A True B True h1 4 14
case 54 6 2 A True B False h1 4 15
case 55 6 2 A True B True h1 4 15
case 56 6 10 A True B True h1 4 15
case 57 6 10 A True B True h1 4 15
case 58 6 10 A True B False h1 6 16
case 59 6 10 A True B True h1 4 16
case 60 6 10 A True B True h1 4 16
case 61 6 17 A True B True h1 4 16
case 62 6 17 A True B True h1 4 16
case 63 6 17 A True B True h1 4 17
case 64 6 17 A True B True h1 4 17
case 65 6 17 A True B True h1 4 18
case 66 7 5 A True B True h1 4 18
case 67 7 5 A True B True h1 4 18
case 68 7 5 A True B True h1 4 18
case 69 7 5 A True B False h1 4 19
case 70 7 5 A True B True h1 4 19
case 71 7 13 A True B True h1 4 19
case 72 7 13 A True B True h1 4 19
case 73 7 13 A True B False h1 4 20
case 74 7 13 A True B True h1 4 20
case 75 7 13 A True B True h1 4 21
case 76 7 30 A True B False h1 4 21
case 77 7 30 A True B False h1 4 22
case 78 7 30 A True B False h1 4 23
case 79 7 30 A True B True h1 4 23
case 80 7 30 A True B True h1 4 23
case 81 11 7 A True B True h1 4 24
case 82 11 7 A True B True h1 4 24
case 83 11 7 A True B True h1 4 24
case 84 11 7 A True B True h1 4 24
case 85 11 7 A True B True h1 4 25
case 86 11 15 A True B False h1 4 25
case 87 11 15 A True B True h1 4 26
case 88 11 15 A True B True h1 4 26
case 89 11 15 A True B True h1 4 26
case 90 11 15 A True B False h1 4 27
case 91 15 3 A True B True h1 4 27
case 92 15 3 A True B True h1 4 27
case 93 15 3 A True B True h1 4 27
case 94 15 3 A True B False h1 6 28
case 95 15 3 A True B True h1 4 28
case 96 15 11 A True B True h1 4 28
case 97 15 11 A True B True h1 4 28
case 98 15 11 A True B True h1 4 29
case 99 15 11 A True B False h1 4 29
case 100 15 11 A True B True h1 4 29
case 101 15 21 A True B False h1 4 30
case 102 15 21 A True B False h1 4 31
case 103 15 21 A True B False h1 4 32
case 104 15 21 A True B True h1 4 32
case 105 15 21 A True B True h1 4 32
case 106 19 6 A True B True h1 4 32
case 107 19 6 A True B True h1 4 33
case 108 19 6 A True B True h1 4 33
case 109 19 6 A True B True h1 4 33
case 110 19 6 A True B True h1 4 33
case 111 19 14 A True B True h1 6 33
case 112 19 14 A True B True h1 4 34
case 113 19 14 A True B True h1 4 34
case 114 19 14 A True B True h1 4 34
case 115 19 14 A True B True h1 4 34
case 116 23 2 A True B True h1 4 34
case 117 23 2 A True B True h1 6 34
case 118 23 2 A True B True h1 6 34
case 119 23 2 A True B True h1 4 35
case 120 23 2 A True B True h1 4 35
case 121 23 10 A True B True h1 4 35
case 122 23 10 A True B True h1 4 35
case 123 23 10 A True B False h1 4 35
case 124 23 10 A True B True h1 4 36
case 125 23 10 A True B False h1 4 36
case 126 23 17 A True B True h1 4 37
case 127 23 17 A True B True h1 4 37
case 128 23 17 A True B False h1 4 37
case 129 23 17 A True B True h1 4 37
case 130 23 17 A True B True h1 4 38
case 131 31 5 A True B True h1 4 38
case 132 31 5 A True B True h1 4 38
case 133 31 5 A True B True h1 4 38
case 134 31 5 A True B True h1 6 39
case 135 31 5 A True B True h1 6 39
case 136 31 13 A True B True h1 4 39
case 137 31 13 A True B True h1 4 39
case 138 31 13 A True B True h1 4 39
case 139 31 13 A True B True h1 4 39
case 140 31 13 A True B True h1 4 40
case 141 31 30 A True B True h1 4 40
case 142 31 30 A True B False h1 4 41
case 143 31 30 A True B True h1 4 41
case 144 31 30 A True B True h1 4 41
case 145 31 30 A True B True h1 4 41
case 146 35 7 A True B True h1 4 41
case 147 35 7 A True B True h1 4 41
case 148 35 7 A True B True h1 6 42
case 149 35 7 A True B True h1 4 42
case 150 35 7 A True B True h1 4 42
case 151 35 15 A True B False h1 4 42
case 152 35 15 A True B True h1 6 42
case 153 35 15 A True B True h1 4 43
case 154 35 15 A True B False h1 4 43
case 155 35 15 A True B False h1 4 44
STATS {"cases": 155, "A_ok": 155, "B_ok": 124, "C_A_ok": 155, "C_B_ok": 124, "h1_split": 13, "h1_consistent": 155, "forced_cases": 34, "forced2_cases": 10, "B_notfound": 31, "det_formula_ok": 155, "seconds": 44.3}
FAILS 0
DONE_CHUNK rc=0
