case 1 1 3 A True B True h1 4 0
case 2 1 3 A True B False h1 4 1
case 3 1 3 A True B True h1 4 1
case 4 1 3 A True B False h1 4 1
case 5 1 3 A True B True h1 4 1
case 6 1 11 A True B False h1 4 2
case 7 1 11 A True B False h1 4 3
case 8 1 11 A True B True h1 4 3
case 9 1 11 A True B False h1 4 3
case 10 1 11 A True B True h1 4 4
case 11 1 21 A True B False h1 4 4
case 12 1 21 A True B False h1 4 5
case 13 1 21 A True B True h1 4 5
case 14 1 21 A True B False h1 4 6
case 15 1 21 A True B True h1 4 6
case 16 2 6 A True B True h1 6 6
case 17 2 6 A True B False h1 4 7
case 18 2 6 A True B True h1 4 7
case 19 2 6 A True B True h1 4 7
case 20 2 6 A True B False h1 4 7
case 21 2 14 A True B True h1 4 7
case 22 2 14 A True B True h1 4 7
case 23 2 14 A True B False h1 4 8
case 24 2 14 A True B True h1 4 8
case 25 2 14 A True B True h1 4 8
case 26 3 2 A True B True h1 4 8
case 27 3 2 A True B True h1 4 8
case 28 3 2 A True B True h1 4 9
case 29 3 2 A True B True h1 4 9
case 30 3 2 A True B True h1 4 9
case 31 3 10 A True B False h1 4 9
case 32 3 10 A True B True h1 4 10
case 33 3 10 A True B True h1 4 10
case 34 3 10 A True B True h1 4 10
case 35 3 10 A True B True h1 4 10
case 36 3 17 A True B False h1 4 11
case 37 3 17 A True B True h1 4 11
case 38 3 17 A True B True h1 4 11
case 39 3 17 A True B True h1 4 11
case 40 3 17 A True B True h1 4 11
case 41 5 5 A True B True h1 4 11
case 42 5 5 A True B True h1 4 11
case 43 5 5 A True B False h1 4 12
case 44 5 5 A True B True h1 6 12
case 45 5 5 A True B True h1 4 12
case 46 5 13 A True B True h1 4 12
case 47 5 13 A True B True h1 4 12
case 48 5 13 A True B True h1 4 13
case 49 5 13 A True B False h1 4 13
case 50 5 13 A True B True h1 4 13
case 51 5 30 A True B True h1 6 13
case 52 5 30 A True B True h1 4 14
case 53 5 30 A True B True h1 4 14
case 54 5 30 A True B False h1 4 15
case 55 5 30 A True B False h1 4 16
case 56 6 7 A True B True h1 4 16
case 57 6 7 A True B False h1 4 17
case 58 6 7 A True B True h1 6 17
case 59 6 7 A True B False h1 4 17
case 60 6 7 A True B True h1 4 17
case 61 6 15 A True B False h1 4 18
case 62 6 15 A True B True h1 4 18
case 63 6 15 A True B False h1 4 19
case 64 6 15 A True B False h1 4 19
case 65 6 15 A True B True h1 4 20
case 66 7 3 A True B False h1 4 20
case 67 7 3 A True B True h1 4 20
case 68 7 3 A True B True h1 4 20
case 69 7 3 A True B True h1 4 20
case 70 7 3 A True B True h1 4 21
case 71 7 11 A True B True h1 4 21
case 72 7 11 A True B True h1 4 21
case 73 7 11 A True B False h1 4 22
case 74 7 11 A True B True h1 6 22
case 75 7 11 A True B True h1 4 22
case 76 7 21 A True B True h1 4 22
case 77 7 21 A True B True h1 4 23
case 78 7 21 A True B False h1 4 23
case 79 7 21 A True B False h1 4 24
case 80 7 21 A True B False h1 4 25
case 81 11 6 A True B True h1 4 25
case 82 11 6 A True B True h1 4 25
case 83 11 6 A True B False h1 4 25
case 84 11 6 A True B True h1 4 26
case 85 11 6 A True B True h1 4 26
case 86 11 14 A True B False h1 4 26
case 87 11 14 A True B True h1 4 26
case 88 11 14 A True B True h1 4 26
case 89 11 14 A True B True h1 4 27
case 90 11 14 A True B True h1 4 27
case 91 15 2 A True B True h1 6 27
case 92 15 2 A True B True h1 4 27
case 93 15 2 A True B True h1 4 28
case 94 15 2 A True B True h1 6 28
case 95 15 2 A True B True h1 4 28
case 96 15 10 A True B True h1 4 28
case 97 15 10 A True B True h1 4 29
case 98 15 10 A True B True h1 4 29
case 99 15 10 A True B False h1 6 29
case 100 15 10 A True B True h1 6 29
case 101 15 17 A True B True h1 4 29
case 102 15 17 A True B True h1 4 30
case 103 15 17 A True B True h1 4 30
case 104 15 17 A True B False h1 4 31
case 105 15 17 A True B True h1 4 31
case 106 19 5 A True B True h1 4 31
case 107 19 5 A True B True h1 4 31
case 108 19 5 A True B True h1 4 31
case 109 19 5 A True B True h1 4 31
case 110 19 5 A True B True h1 4 31
case 111 19 13 A True B True h1 4 32
case 112 19 13 A True B True h1 4 32
case 113 19 13 A True B True h1 4 32
case 114 19 13 A True B False h1 4 33
case 115 19 13 A True B False h1 4 34
case 116 19 30 A True B True h1 4 34
case 117 19 30 A True B False h1 4 35
case 118 19 30 A True B False h1 4 36
case 119 19 30 A True B True h1 4 36
case 120 19 30 A True B True h1 4 36
case 121 23 7 A True B True h1 4 36
case 122 23 7 A True B True h1 4 36
case 123 23 7 A True B True h1 4 37
case 124 23 7 A True B True h1 4 37
case 125 23 7 A True B True h1 4 37
case 126 23 15 A True B True h1 4 37
case 127 23 15 A True B False h1 4 39
case 128 23 15 A True B True h1 4 39
case 129 23 15 A True B True h1 4 39
case 130 23 15 A True B True h1 4 40
case 131 31 3 A True B False h1 4 40
case 132 31 3 A True B True h1 4 40
case 133 31 3 A True B True h1 4 41
case 134 31 3 A True B False h1 4 41
case 135 31 3 A True B True h1 4 41
case 136 31 11 A True B True h1 4 47
case 137 31 11 A True B True h1 4 55
case 138 31 11 A True B True h1 4 55
case 139 31 11 A True B True h1 4 58
case 140 31 11 A True B True h1 4 492
case 141 31 21 A True B True h1 4 492
case 142 31 21 A True B True h1 4 493
case 143 31 21 A True B True h1 4 493
case 144 31 21 A True B True h1 4 493
case 145 31 21 A True B True h1 4 493
case 146 35 6 A True B True h1 4 493
case 147 35 6 A True B False h1 4 494
case 148 35 6 A True B True h1 4 494
case 149 35 6 A True B True h1 4 494
case 150 35 6 A True B True h1 4 494
case 151 35 14 A True B True h1 4 495
case 152 35 14 A True B True h1 4 495
case 153 35 14 A True B True h1 4 495
case 154 35 14 A True B True h1 4 495
case 155 35 14 A True B False h1 4 496
STATS {"cases": 155, "A_ok": 155, "B_ok": 115, "C_A_ok": 155, "C_B_ok": 115, "h1_split": 9, "h1_consistent": 155, "forced_cases": 42, "forced2_cases": 15, "B_notfound": 40, "det_formula_ok": 155, "seconds": 495.7}
FAILS 0
DONE_CHUNK rc=0
