case 1 1 6 A True B False h1 4 1
case 2 1 6 A True B True h1 4 1
case 3 1 6 A True B False h1 4 1
case 4 1 6 A True B True h1 4 1
case 5 1 6 A True B True h1 4 1
case 6 1 14 A True B True h1 4 1
case 7 1 14 A True B True h1 4 2
case 8 1 14 A True B True h1 4 2
case 9 1 14 A True B False h1 4 3
case 10 1 14 A True B False h1 4 3
case 11 2 2 A True B True h1 6 3
case 12 2 2 A True B True h1 4 3
case 13 2 2 A True B True h1 4 3
case 14 2 2 A True B True h1 4 3
case 15 2 2 A True B True h1 4 4
case 16 2 10 A True B True h1 4 4
case 17 2 10 A True B True h1 6 4
case 18 2 10 A True B True h1 4 4
case 19 2 10 A True B True h1 4 4
case 20 2 10 A True B True h1 4 4
case 21 2 17 A True B True h1 4 4
case 22 2 17 A True B True h1 4 5
case 23 2 17 A True B True h1 4 5
case 24 2 17 A True B True h1 4 5
case 25 2 17 A True B True h1 4 5
case 26 3 5 A True B True h1 6 5
case 27 3 5 A True B True h1 4 5
case 28 3 5 A True B True h1 4 5
case 29 3 5 A True B False h1 4 6
case 30 3 5 A True B True h1 4 6
case 31 3 13 A True B True h1 4 6
case 32 3 13 A True B True h1 4 6
case 33 3 13 A True B True h1 4 7
case 34 3 13 A True B True h1 4 7
case 35 3 13 A True B False h1 6 8
case 36 3 30 A True B False h1 4 9
case 37 3 30 A True B True h1 4 9
case 38 3 30 A True B True h1 4 9
case 39 3 30 A True B True h1 4 10
case 40 3 30 A True B False h1 4 11
case 41 5 7 A True B True h1 4 11
case 42 5 7 A True B True h1 4 11
case 43 5 7 A True B False h1 4 12
case 44 5 7 A True B True h1 6 12
case 45 5 7 A True B True h1 4 12
case 46 5 15 A True B True h1 4 12
case 47 5 15 A True B False h1 4 13
case 48 5 15 A True B True h1 4 13
case 49 5 15 A True B True h1 4 13
case 50 5 15 A True B True h1 4 13
case 51 6 3 A True B True h1 4 13
case 52 6 3 A True B True h1 4 13
case 53 6 3 A True B True h1 4 13
case 54 6 3 A True B True h1 4 13
case 55 6 3 A True B False h1 6 14
case 56 6 11 A True B True h1 4 14
case 57 6 11 A True B False h1 4 15
case 58 6 11 A True B True h1 4 15
case 59 6 11 A True B False h1 4 16
case 60 6 11 A True B True h1 4 16
case 61 6 21 A True B False h1 6 17
case 62 6 21 A True B False h1 6 17
case 63 6 21 A True B True h1 4 18
case 64 6 21 A True B True h1 4 18
case 65 6 21 A True B True h1 4 18
case 66 7 6 A True B True h1 6 18
case 67 7 6 A True B True h1 4 18
case 68 7 6 A True B True h1 4 18
case 69 7 6 A True B True h1 4 18
case 70 7 6 A True B True h1 4 18
case 71 7 14 A True B False h1 4 19
case 72 7 14 A True B True h1 4 19
case 73 7 14 A True B True h1 4 20
case 74 7 14 A True B True h1 4 20
case 75 7 14 A True B True h1 4 20
case 76 11 2 A True B False h1 4 21
case 77 11 2 A True B True h1 4 21
case 78 11 2 A True B False h1 4 22
case 79 11 2 A True B True h1 4 22
case 80 11 2 A True B True h1 6 22
case 81 11 10 A True B True h1 4 22
case 82 11 10 A True B True h1 4 22
case 83 11 10 A True B True h1 4 23
case 84 11 10 A True B False h1 4 23
case 85 11 10 A True B False h1 4 24
case 86 11 17 A True B True h1 4 24
case 87 11 17 A True B True h1 4 24
case 88 11 17 A True B False h1 4 25
case 89 11 17 A True B False h1 4 26
case 90 11 17 A True B True h1 4 26
case 91 15 5 A True B True h1 4 26
case 92 15 5 A True B True h1 4 26
case 93 15 5 A True B False h1 4 27
case 94 15 5 A True B True h1 6 27
case 95 15 5 A True B True h1 4 27
case 96 15 13 A True B True h1 4 27
case 97 15 13 A True B True h1 4 28
case 98 15 13 A True B True h1 4 28
case 99 15 13 A True B True h1 4 28
case 100 15 13 A True B True h1 4 28
case 101 15 30 A True B True h1 6 28
case 102 15 30 A True B True h1 4 28
case 103 15 30 A True B True h1 4 28
case 104 15 30 A True B False h1 4 29
case 105 15 30 A True B True h1 4 29
case 106 19 7 A True B True h1 4 29
case 107 19 7 A True B True h1 4 29
case 108 19 7 A True B True h1 4 29
case 109 19 7 A True B False h1 4 30
case 110 19 7 A True B False h1 4 31
case 111 19 15 A True B True h1 4 31
case 112 19 15 A True B True h1 4 31
case 113 19 15 A True B True h1 6 31
case 114 19 15 A True B False h1 6 32
case 115 19 15 A True B False h1 4 32
case 116 23 3 A True B True h1 6 32
case 117 23 3 A True B True h1 4 33
case 118 23 3 A True B True h1 4 33
case 119 23 3 A True B True h1 4 33
case 120 23 3 A True B True h1 4 33
case 121 23 11 A True B False h1 4 33
case 122 23 11 A True B True h1 4 34
case 123 23 11 A True B False h1 4 34
case 124 23 11 A True B False h1 4 35
case 125 23 11 A True B False h1 4 36
case 126 23 21 A True B True h1 4 36
case 127 23 21 A True B False h1 4 37
case 128 23 21 A True B True h1 4 37
case 129 23 21 A True B True h1 4 37
case 130 23 21 A True B True h1 4 38
case 131 31 6 A True B True h1 4 38
case 132 31 6 A True B True h1 4 38
case 133 31 6 A True B True h1 4 38
case 134 31 6 A True B True h1 4 38
case 135 31 6 A True B True h1 4 38
case 136 31 14 A True B False h1 4 40
case 137 31 14 A True B True h1 4 40
case 138 31 14 A True B True h1 4 40
case 139 31 14 A True B False h1 4 42
case 140 31 14 A True B True h1 6 42
case 141 35 2 A True B True h1 6 42
case 142 35 2 A True B True h1 4 42
case 143 35 2 A True B True h1 4 42
case 144 35 2 A True B True h1 4 43
case 145 35 2 A True B False h1 4 43
case 146 35 10 A True B False h1 4 45
case 147 35 10 A True B True h1 4 45
case 148 35 10 A True B True h1 6 45
case 149 35 10 A True B True h1 4 45
case 150 35 10 A True B True h1 4 45
case 151 35 17 A True B True h1 4 46
case 152 35 17 A True B False h1 4 46
case 153 35 17 A True B False h1 4 48
case 154 35 17 A True B False h1 4 50
case 155 35 17 A True B True h1 4 50
STATS {"cases": 155, "A_ok": 155, "B_ok": 115, "C_A_ok": 155, "C_B_ok": 115, "h1_split": 18, "h1_consistent": 155, "forced_cases": 34, "forced2_cases": 10, "B_notfound": 40, "det_formula_ok": 155, "seconds": 49.9}
FAILS 0
DONE_CHUNK rc=0
