case 1 1 7 A True B True h1 4 0
case 2 1 7 A True B True h1 4 0
case 3 1 7 A True B True h1 4 1
case 4 1 7 A True B True h1 4 1
case 5 1 7 A True B True h1 4 1
case 6 1 15 A True B True h1 4 1
case 7 1 15 A True B True h1 4 1
case 8 1 15 A True B False h1 4 1
case 9 1 15 A True B True h1 4 2
case 10 1 15 A True B True h1 4 2
case 11 2 3 A True B True h1 4 2
case 12 2 3 A True B True h1 4 2
case 13 2 3 A True B True h1 4 2
case 14 2 3 A True B False h1 4 3
case 15 2 3 A True B False h1 6 3
case 16 2 11 A True B True h1 6 3
case 17 2 11 A True B True h1 4 4
case 18 2 11 A True B True h1 6 4
case 19 2 11 A True B False h1 4 5
case 20 2 11 A True B True h1 4 5
case 21 2 21 A True B True h1 4 5
case 22 2 21 A True B True h1 4 5
case 23 2 21 A True B True h1 4 6
case 24 2 21 A True B True h1 4 6
case 25 2 21 A True B True h1 4 6
case 26 3 6 A True B False h1 4 7
case 27 3 6 A True B False h1 6 7
case 28 3 6 A True B True h1 6 7
case 29 3 6 A True B True h1 4 7
case 30 3 6 A True B True h1 4 7
case 31 3 14 A True B True h1 6 8
case 32 3 14 A True B True h1 4 8
case 33 3 14 A True B True h1 4 8
case 34 3 14 A True B True h1 4 9
case 35 3 14 A True B True h1 4 9
case 36 5 2 A True B True h1 4 9
case 37 5 2 A True B True h1 6 9
case 38 5 2 A True B False h1 6 9
case 39 5 2 A True B True h1 4 9
case 40 5 2 A True B False h1 4 10
case 41 5 10 A True B True h1 4 10
case 42 5 10 A True B False h1 6 11
case 43 5 10 A True B True h1 4 11
case 44 5 10 A True B False h1 4 12
case 45 5 10 A True B True h1 4 12
case 46 5 17 A True B True h1 4 12
case 47 5 17 A True B True h1 4 12
case 48 5 17 A True B True h1 4 12
case 49 5 17 A True B True h1 4 13
case 50 5 17 A True B False h1 4 14
case 51 6 5 A True B True h1 6 14
case 52 6 5 A True B True h1 4 14
case 53 6 5 A True B True h1 4 14
case 54 6 5 A True B True h1 4 14
case 55 6 5 A True B True h1 6 14
case 56 6 13 A True B True h1 4 14
case 57 6 13 A True B True h1 4 15
case 58 6 13 A True B True h1 4 15
case 59 6 13 A True B True h1 4 15
case 60 6 13 A True B True h1 4 15
case 61 6 30 A True B False h1 4 15
case 62 6 30 A True B True h1 4 16
case 63 6 30 A True B True h1 6 16
case 64 6 30 A True B True h1 4 16
case 65 6 30 A True B True h1 4 16
case 66 7 7 A True B True h1 4 17
case 67 7 7 A True B True h1 4 17
case 68 7 7 A True B True h1 4 17
case 69 7 7 A True B True h1 4 17
case 70 7 7 A True B True h1 4 17
case 71 7 15 A True B True h1 4 18
case 72 7 15 A True B False h1 4 19
case 73 7 15 A True B True h1 4 19
case 74 7 15 A True B True h1 4 19
case 75 7 15 A True B False h1 4 20
case 76 11 3 A True B True h1 4 20
case 77 11 3 A True B True h1 4 21
case 78 11 3 A True B True h1 4 21
case 79 11 3 A True B True h1 4 21
case 80 11 3 A True B False h1 6 21
case 81 11 11 A True B True h1 4 22
case 82 11 11 A True B True h1 4 22
case 83 11 11 A True B False h1 4 23
case 84 11 11 A True B False h1 4 24
case 85 11 11 A True B True h1 4 24
case 86 11 21 A True B True h1 4 24
case 87 11 21 A True B True h1 4 24
case 88 11 21 A True B True h1 4 24
case 89 11 21 A True B True h1 4 25
case 90 11 21 A True B False h1 4 25
case 91 15 6 A True B True h1 4 26
case 92 15 6 A True B False h1 4 26
case 93 15 6 A True B False h1 6 27
case 94 15 6 A True B False h1 4 28
case 95 15 6 A True B True h1 4 28
case 96 15 14 A True B True h1 4 28
case 97 15 14 A True B False h1 4 29
case 98 15 14 A True B True h1 4 29
case 99 15 14 A True B True h1 4 29
case 100 15 14 A True B True h1 4 29
case 101 19 2 A True B True h1 4 30
case 102 19 2 A True B True h1 4 30
case 103 19 2 A True B True h1 6 30
case 104 19 2 A True B True h1 4 30
case 105 19 2 A True B True h1 4 30
case 106 19 10 A True B False h1 4 31
case 107 19 10 A True B True h1 4 31
case 108 19 10 A True B True h1 4 31
case 109 19 10 A True B True h1 4 32
case 110 19 10 A True B True h1 4 32
case 111 19 17 A True B False h1 4 33
case 112 19 17 A True B True h1 6 34
case 113 19 17 A True B True h1 6 34
case 114 19 17 A True B True h1 4 34
case 115 19 17 A True B True h1 4 34
case 116 23 5 A True B True h1 4 34
case 117 23 5 A True B False h1 4 35
case 118 23 5 A True B True h1 4 35
case 119 23 5 A True B True h1 4 35
case 120 23 5 A True B True h1 4 35
case 121 23 13 A True B True h1 4 35
case 122 23 13 A True B True h1 4 35
case 123 23 13 A True B True h1 4 36
case 124 23 13 A True B True h1 6 36
case 125 23 13 A True B True h1 4 36
case 126 23 30 A True B True h1 4 36
case 127 23 30 A True B False h1 4 37
case 128 23 30 A True B False h1 4 38
case 129 23 30 A True B True h1 4 38
case 130 23 30 A True B True h1 4 38
case 131 31 7 A True B False h1 6 39
case 132 31 7 A True B True h1 6 39
case 133 31 7 A True B True h1 4 39
case 134 31 7 A True B False h1 4 40
case 135 31 7 A True B True h1 4 41
case 136 31 15 A True B False h1 4 42
case 137 31 15 A True B False h1 4 43
case 138 31 15 A True B True h1 4 43
case 139 31 15 A True B False h1 4 44
case 140 31 15 A True B True h1 4 44
case 141 35 3 A True B True h1 4 44
case 142 35 3 A True B True h1 4 45
case 143 35 3 A True B True h1 4 45
case 144 35 3 A True B True h1 4 45
case 145 35 3 A True B True h1 4 45
case 146 35 11 A True B False h1 4 46
case 147 35 11 A True B True h1 6 46
case 148 35 11 A True B True h1 4 46
case 149 35 11 A True B False h1 4 47
case 150 35 11 A True B False h1 4 48
case 151 35 21 A True B True h1 4 48
case 152 35 21 A True B False h1 4 49
case 153 35 21 A True B False h1 4 49
case 154 35 21 A True B True h1 4 50
case 155 35 21 A True B False h1 4 50
STATS {"cases": 155, "A_ok": 155, "B_ok": 117, "C_A_ok": 155, "C_B_ok": 117, "h1_split": 21, "h1_consistent": 155, "forced_cases": 35, "forced2_cases": 20, "B_notfound": 38, "det_formula_ok": 155, "seconds": 50.4}
FAILS 0
DONE_CHUNK rc=0
