case 1 1 2 A True B True h1 6 0
case 2 1 2 A True B True h1 6 0
case 3 1 2 A True B True h1 6 0
case 4 1 2 A True B True h1 6 0
case 5 1 2 A True B False h1 6 1
case 6 1 10 A True B False h1 4 1
case 7 1 10 A True B False h1 4 2
case 8 1 10 A True B True h1 6 2
case 9 1 10 A True B True h1 4 2
case 10 1 10 A True B True h1 4 2
case 11 1 17 A True B True h1 6 3
case 12 1 17 A True B False h1 4 3
case 13 1 17 A True B True h1 4 3
case 14 1 17 A True B True h1 6 3
case 15 1 17 A True B True h1 4 3
case 16 2 5 A True B True h1 4 3
case 17 2 5 A True B False h1 4 4
case 18 2 5 A True B True h1 4 4
case 19 2 5 A True B True h1 4 4
case 20 2 5 A True B True h1 4 4
case 21 2 13 A True B True h1 4 4
case 22 2 13 A True B True h1 4 4
case 23 2 13 A True B True h1 4 4
case 24 2 13 A True B False h1 4 5
case 25 2 13 A True B False h1 6 6
case 26 2 30 A True B False h1 4 6
case 27 2 30 A True B True h1 4 7
case 28 2 30 A True B False h1 4 8
case 29 2 30 A True B False h1 4 8
case 30 2 30 A True B True h1 4 8
case 31 3 7 A True B True h1 6 8
case 32 3 7 A True B True h1 4 8
case 33 3 7 A True B False h1 6 10
case 34 3 7 A True B True h1 4 10
case 35 3 7 A True B False h1 4 11
case 36 3 15 A True B True h1 4 11
case 37 3 15 A True B True h1 4 11
case 38 3 15 A True B True h1 4 11
case 39 3 15 A True B True h1 4 11
case 40 3 15 A True B True h1 4 11
case 41 5 3 A True B True h1 4 11
case 42 5 3 A True B True h1 4 11
case 43 5 3 A True B False h1 4 12
case 44 5 3 A True B True h1 4 12
case 45 5 3 A True B False h1 4 13
case 46 5 11 A True B True h1 4 13
case 47 5 11 A True B True h1 4 13
case 48 5 11 A True B True h1 4 13
case 49 5 11 A True B True h1 4 13
case 50 5 11 A True B True h1 4 13
case 51 5 21 A True B False h1 4 14
case 52 5 21 A True B True h1 4 15
case 53 5 21 A True B True h1 4 15
case 54 5 21 A True B True h1 4 15
case 55 5 21 A True B True h1 6 15
case 56 6 6 A True B True h1 4 15
case 57 6 6 A True B True h1 4 15
case 58 6 6 A True B True h1 4 15
case 59 6 6 A True B True h1 4 16
case 60 6 6 A True B True h1 4 16
case 61 6 14 A True B True h1 4 16
case 62 6 14 A True B True h1 4 16
case 63 6 14 A True B True h1 4 16
case 64 6 14 A True B True h1 6 16
case 65 6 14 A True B False h1 4 17
case 66 7 2 A True B True h1 4 17
case 67 7 2 A True B True h1 4 17
case 68 7 2 A True B True h1 6 18
case 69 7 2 A True B True h1 4 18
case 70 7 2 A True B True h1 4 18
case 71 7 10 A True B True h1 4 19
case 72 7 10 A True B True h1 4 19
case 73 7 10 A True B True h1 4 19
case 74 7 10 A True B False h1 4 20
case 75 7 10 A True B True h1 4 20
case 76 7 17 A True B True h1 4 20
case 77 7 17 A True B True h1 4 20
case 78 7 17 A True B True h1 4 20
case 79 7 17 A True B True h1 4 20
case 80 7 17 A True B False h1 4 21
case 81 11 5 A True B True h1 4 21
case 82 11 5 A True B True h1 4 22
case 83 11 5 A True B True h1 4 22
case 84 11 5 A True B True h1 4 22
case 85 11 5 A True B False h1 4 23
case 86 11 13 A True B False h1 4 24
case 87 11 13 A True B True h1 4 24
case 88 11 13 A True B True h1 4 24
case 89 11 13 A True B True h1 4 24
case 90 11 13 A True B True h1 4 24
case 91 11 30 A True B False h1 4 25
case 92 11 30 A True B False h1 4 26
case 93 11 30 A True B True h1 4 26
case 94 11 30 A True B True h1 4 26
case 95 11 30 A True B False h1 4 27
case 96 15 7 A True B False h1 4 27
case 97 15 7 A True B False h1 4 28
case 98 15 7 A True B True h1 4 28
case 99 15 7 A True B True h1 4 28
case 100 15 7 A True B False h1 4 29
case 101 15 15 A True B False h1 4 30
case 102 15 15 A True B True h1 4 31
case 103 15 15 A True B True h1 6 31
case 104 15 15 A True B True h1 4 31
case 105 15 15 A True B True h1 6 31
case 106 19 3 A True B True h1 4 31
case 107 19 3 A True B True h1 4 31
case 108 19 3 A True B True h1 6 31
case 109 19 3 A True B True h1 4 32
case 110 19 3 A True B True h1 4 32
case 111 19 11 A True B True h1 4 32
case 112 19 11 A True B True h1 4 32
case 113 19 11 A True B True h1 6 32
case 114 19 11 A True B True h1 4 33
case 115 19 11 A True B True h1 4 33
case 116 19 21 A True B False h1 4 35
case 117 19 21 A True B True h1 4 35
case 118 19 21 A True B False h1 6 37
case 119 19 21 A True B True h1 4 37
case 120 19 21 A True B False h1 4 38
case 121 23 6 A True B False h1 4 38
case 122 23 6 A True B True h1 4 39
case 123 23 6 A True B True h1 4 39
case 124 23 6 A True B True h1 4 39
case 125 23 6 A True B True h1 4 39
case 126 23 14 A True B True h1 4 39
case 127 23 14 A True B True h1 4 39
case 128 23 14 A True B True h1 4 39
case 129 23 14 A True B True h1 4 40
case 130 23 14 A True B False h1 4 40
case 131 31 2 A True B True h1 4 40
case 132 31 2 A True B False h1 4 41
case 133 31 2 A True B True h1 6 41
case 134 31 2 A True B True h1 4 41
case 135 31 2 A True B True h1 6 41
case 136 31 10 A True B True h1 6 42
case 137 31 10 A True B True h1 4 42
case 138 31 10 A True B False h1 4 43
case 139 31 10 A True B False h1 4 44
case 140 31 10 A True B True h1 4 44
case 141 31 17 A True B True h1 4 44
case 142 31 17 A True B True h1 4 44
case 143 31 17 A True B True h1 4 44
case 144 31 17 A True B True h1 4 44
case 145 31 17 A True B False h1 4 45
case 146 35 5 A True B True h1 4 45
case 147 35 5 A True B True h1 4 45
case 148 35 5 A True B True h1 4 45
case 149 35 5 A True B True h1 4 45
case 150 35 5 A True B True h1 4 46
case 151 35 13 A True B True h1 4 46
case 152 35 13 A True B True h1 4 46
case 153 35 13 A True B False h1 4 47
case 154 35 13 A True B True h1 4 47
case 155 35 13 A True B True h1 6 48
case 156 35 30 A True B True h1 4 48
case 157 35 30 A True B True h1 4 48
case 158 35 30 A True B True h1 4 48
case 159 35 30 A True B False h1 4 49
case 160 35 30 A True B False h1 4 50
STATS {"cases": 160, "A_ok": 160, "B_ok": 121, "C_A_ok": 160, "C_B_ok": 121, "h1_split": 23, "h1_consistent": 160, "forced_cases": 58, "forced2_cases": 40, "B_notfound": 39, "det_formula_ok": 160, "seconds": 49.6}
FAILS 0
DONE_CHUNK rc=0
