[6T16_K4_b] F = x^6 - 2*x^5 - 4*x^4 + 6*x^3 + 4*x^2 - 3*x - 1  (6T16, |G_F| = 720),  K = x^2 + 1,  E: R = x^12 + 12*x^10 + 48*x^8 + 82*x^6 + 60*x^4 + 17*x^2 + 1
  disc(E) = [2, 12; 1134389, 2], class group cyc = [4], time 0.0s
  N (multiple of #mu(L)) = 12376209948955935621739200
  p = 2069: split completely; G_F action: Sym(6) (6T16)
   S=(1, 1, 1, 2, 2, 2) bal=True q=2069^2 sym=True |r|ok=True irr=True ord=True geom=True normrel=True rankM=6 (exact) angle_rank=5
   S=(1, 1, 2, 1, 2, 2) bal=True q=2069^4 sym=True |r|ok=True irr=True ord=True geom=True normrel=True rankM=6 (exact) angle_rank=5
   S=(1, 1, 2, 2, 1, 2) bal=True q=2069^4 sym=True |r|ok=True irr=True ord=True geom=True normrel=True rankM=6 (exact) angle_rank=5
   S=(1, 1, 2, 2, 2, 1) bal=True q=2069^2 sym=True |r|ok=True irr=True ord=True geom=True normrel=True rankM=6 (exact) angle_rank=5
   S=(1, 1, 2, 2, 2, 2) bal=False q=2069^2 sym=True |r|ok=True irr=True ord=True geom=True normrel=False rankM=7 (exact) angle_rank=6
   S=(1, 2, 1, 1, 2, 2) bal=True q=2069^4 sym=True |r|ok=True irr=True ord=True geom=True normrel=True rankM=6 (exact) angle_rank=5
   S=(1, 2, 1, 2, 1, 2) bal=True q=2069^4 sym=True |r|ok=True irr=True ord=True geom=True normrel=True rankM=6 (exact) angle_rank=5
   S=(1, 2, 1, 2, 2, 1) bal=True q=2069^2 sym=True |r|ok=True irr=True ord=True geom=True normrel=True rankM=6 (exact) angle_rank=5
   S=(1, 2, 1, 2, 2, 2) bal=False q=2069^2 sym=True |r|ok=True irr=True ord=True geom=True normrel=False rankM=7 (exact) angle_rank=6
   S=(1, 2, 2, 1, 1, 2) bal=True q=2069^1 sym=True |r|ok=True irr=True ord=True geom=True normrel=True rankM=6 (exact) angle_rank=5
   S=(1, 2, 2, 1, 2, 1) bal=True q=2069^4 sym=True |r|ok=True irr=True ord=True geom=True normrel=True rankM=6 (exact) angle_rank=5
   S=(1, 2, 2, 1, 2, 2) bal=False q=2069^4 sym=True |r|ok=True irr=True ord=True geom=True normrel=False rankM=7 (exact) angle_rank=6
   S=(1, 2, 2, 2, 1, 1) bal=True q=2069^4 sym=True |r|ok=True irr=True ord=True geom=True normrel=True rankM=6 (exact) angle_rank=5
   S=(1, 2, 2, 2, 1, 2) bal=False q=2069^4 sym=True |r|ok=True irr=True ord=True geom=True normrel=False rankM=7 (exact) angle_rank=6
   S=(1, 2, 2, 2, 2, 1) bal=False q=2069^2 sym=True |r|ok=True irr=True ord=True geom=True normrel=False rankM=7 (exact) angle_rank=6
  p = 17341: split completely; G_F action: Sym(6) (6T16)
   S=(1, 1, 1, 2, 2, 2) bal=True q=17341^2 sym=True |r|ok=True irr=True ord=True geom=True normrel=True rankM=6 (exact) angle_rank=5
   S=(1, 1, 2, 1, 2, 2) bal=True q=17341^1 sym=True |r|ok=True irr=True ord=True geom=True normrel=True rankM=6 (exact) angle_rank=5
   S=(1, 1, 2, 2, 1, 2) bal=True q=17341^4 sym=True |r|ok=True irr=True ord=True geom=True normrel=True rankM=6 (exact) angle_rank=5
   S=(1, 1, 2, 2, 2, 1) bal=True q=17341^2 sym=True |r|ok=True irr=True ord=True geom=True normrel=True rankM=6 (exact) angle_rank=5
   S=(1, 1, 2, 2, 2, 2) bal=False q=17341^4 sym=True |r|ok=True irr=True ord=True geom=True normrel=False rankM=7 (exact) angle_rank=6
   S=(1, 2, 1, 1, 2, 2) bal=True q=17341^4 sym=True |r|ok=True irr=True ord=True geom=True normrel=True rankM=6 (exact) angle_rank=5
   S=(1, 2, 1, 2, 1, 2) bal=True q=17341^1 sym=True |r|ok=True irr=True ord=True geom=True normrel=True rankM=6 (exact) angle_rank=5
   S=(1, 2, 1, 2, 2, 1) bal=True q=17341^4 sym=True |r|ok=True irr=True ord=True geom=True normrel=True rankM=6 (exact) angle_rank=5
   S=(1, 2, 1, 2, 2, 2) bal=False q=17341^2 sym=True |r|ok=True irr=True ord=True geom=True normrel=False rankM=7 (exact) angle_rank=6
   S=(1, 2, 2, 1, 1, 2) bal=True q=17341^2 sym=True |r|ok=True irr=True ord=True geom=True normrel=True rankM=6 (exact) angle_rank=5
   S=(1, 2, 2, 1, 2, 1) bal=True q=17341^4 sym=True |r|ok=True irr=True ord=True geom=True normrel=True rankM=6 (exact) angle_rank=5
   S=(1, 2, 2, 1, 2, 2) bal=False q=17341^1 sym=True |r|ok=True irr=True ord=True geom=True normrel=False rankM=7 (exact) angle_rank=6
   S=(1, 2, 2, 2, 1, 1) bal=True q=17341^1 sym=True |r|ok=True irr=True ord=True geom=True normrel=True rankM=6 (exact) angle_rank=5
   S=(1, 2, 2, 2, 1, 2) bal=False q=17341^4 sym=True |r|ok=True irr=True ord=True geom=True normrel=False rankM=7 (exact) angle_rank=6
   S=(1, 2, 2, 2, 2, 1) bal=False q=17341^2 sym=True |r|ok=True irr=True ord=True geom=True normrel=False rankM=7 (exact) angle_rank=6
  p = 66089: split completely; G_F action: Sym(6) (6T16)
   S=(1, 1, 1, 2, 2, 2) bal=True q=66089^4 sym=True |r|ok=True irr=True ord=True geom=True normrel=True rankM=6 (exact) angle_rank=5
   S=(1, 1, 2, 1, 2, 2) bal=True q=66089^4 sym=True |r|ok=True irr=True ord=True geom=True normrel=True rankM=6 (exact) angle_rank=5
   S=(1, 1, 2, 2, 1, 2) bal=True q=66089^4 sym=True |r|ok=True irr=True ord=True geom=True normrel=True rankM=6 (exact) angle_rank=5
   S=(1, 1, 2, 2, 2, 1) bal=True q=66089^4 sym=True |r|ok=True irr=True ord=True geom=True normrel=True rankM=6 (exact) angle_rank=5
   S=(1, 1, 2, 2, 2, 2) bal=False q=66089^2 sym=True |r|ok=True irr=True ord=True geom=True normrel=False rankM=7 (exact) angle_rank=6
   S=(1, 2, 1, 1, 2, 2) bal=True q=66089^2 sym=True |r|ok=True irr=True ord=True geom=True normrel=True rankM=6 (exact) angle_rank=5
   S=(1, 2, 1, 2, 1, 2) bal=True q=66089^1 sym=True |r|ok=True irr=True ord=True geom=True normrel=True rankM=6 (exact) angle_rank=5
   S=(1, 2, 1, 2, 2, 1) bal=True q=66089^1 sym=True |r|ok=True irr=True ord=True geom=True normrel=True rankM=6 (exact) angle_rank=5
   S=(1, 2, 1, 2, 2, 2) bal=False q=66089^4 sym=True |r|ok=True irr=True ord=True geom=True normrel=False rankM=7 (exact) angle_rank=6
   S=(1, 2, 2, 1, 1, 2) bal=True q=66089^2 sym=True |r|ok=True irr=True ord=True geom=True normrel=True rankM=6 (exact) angle_rank=5
   S=(1, 2, 2, 1, 2, 1) bal=True q=66089^2 sym=True |r|ok=True irr=True ord=True geom=True normrel=True rankM=6 (exact) angle_rank=5
   S=(1, 2, 2, 1, 2, 2) bal=False q=66089^4 sym=True |r|ok=True irr=True ord=True geom=True normrel=False rankM=7 (exact) angle_rank=6
   S=(1, 2, 2, 2, 1, 1) bal=True q=66089^1 sym=True |r|ok=True irr=True ord=True geom=True normrel=True rankM=6 (exact) angle_rank=5
   S=(1, 2, 2, 2, 1, 2) bal=False q=66089^4 sym=True |r|ok=True irr=True ord=True geom=True normrel=False rankM=7 (exact) angle_rank=6
   S=(1, 2, 2, 2, 2, 1) bal=False q=66089^4 sym=True |r|ok=True irr=True ord=True geom=True normrel=False rankM=7 (exact) angle_rank=6
  p = 67741: split completely; G_F action: Sym(6) (6T16)
   S=(1, 1, 1, 2, 2, 2) bal=True q=67741^1 sym=True |r|ok=True irr=True ord=True geom=True normrel=True rankM=6 (exact) angle_rank=5
   S=(1, 1, 2, 1, 2, 2) bal=True q=67741^4 sym=True |r|ok=True irr=True ord=True geom=True normrel=True rankM=6 (exact) angle_rank=5
   S=(1, 1, 2, 2, 1, 2) bal=True q=67741^2 sym=True |r|ok=True irr=True ord=True geom=True normrel=True rankM=6 (exact) angle_rank=5
   S=(1, 1, 2, 2, 2, 1) bal=True q=67741^2 sym=True |r|ok=True irr=True ord=True geom=True normrel=True rankM=6 (exact) angle_rank=5
   S=(1, 1, 2, 2, 2, 2) bal=False q=67741^4 sym=True |r|ok=True irr=True ord=True geom=True normrel=False rankM=7 (exact) angle_rank=6
   S=(1, 2, 1, 1, 2, 2) bal=True q=67741^2 sym=True |r|ok=True irr=True ord=True geom=True normrel=True rankM=6 (exact) angle_rank=5
   S=(1, 2, 1, 2, 1, 2) bal=True q=67741^4 sym=True |r|ok=True irr=True ord=True geom=True normrel=True rankM=6 (exact) angle_rank=5
   S=(1, 2, 1, 2, 2, 1) bal=True q=67741^4 sym=True |r|ok=True irr=True ord=True geom=True normrel=True rankM=6 (exact) angle_rank=5
   S=(1, 2, 1, 2, 2, 2) bal=False q=67741^1 sym=True |r|ok=True irr=True ord=True geom=True normrel=False rankM=7 (exact) angle_rank=6
   S=(1, 2, 2, 1, 1, 2) bal=True q=67741^1 sym=True |r|ok=True irr=True ord=True geom=True normrel=True rankM=6 (exact) angle_rank=5
   S=(1, 2, 2, 1, 2, 1) bal=True q=67741^1 sym=True |r|ok=True irr=True ord=True geom=True normrel=True rankM=6 (exact) angle_rank=5
   S=(1, 2, 2, 1, 2, 2) bal=False q=67741^4 sym=True |r|ok=True irr=True ord=True geom=True normrel=False rankM=7 (exact) angle_rank=6
   S=(1, 2, 2, 2, 1, 1) bal=True q=67741^4 sym=True |r|ok=True irr=True ord=True geom=True normrel=True rankM=6 (exact) angle_rank=5
   S=(1, 2, 2, 2, 1, 2) bal=False q=67741^2 sym=True |r|ok=True irr=True ord=True geom=True normrel=False rankM=7 (exact) angle_rank=6
   S=(1, 2, 2, 2, 2, 1) bal=False q=67741^2 sym=True |r|ok=True irr=True ord=True geom=True normrel=False rankM=7 (exact) angle_rank=6
  p = 78157: split completely; G_F action: Sym(6) (6T16)
   S=(1, 1, 1, 2, 2, 2) bal=True q=78157^1 sym=True |r|ok=True irr=True ord=True geom=True normrel=True rankM=6 (exact) angle_rank=5
   S=(1, 1, 2, 1, 2, 2) bal=True q=78157^4 sym=True |r|ok=True irr=True ord=True geom=True normrel=True rankM=6 (exact) angle_rank=5
   S=(1, 1, 2, 2, 1, 2) bal=True q=78157^2 sym=True |r|ok=True irr=True ord=True geom=True normrel=True rankM=6 (exact) angle_rank=5
   S=(1, 1, 2, 2, 2, 1) bal=True q=78157^4 sym=True |r|ok=True irr=True ord=True geom=True normrel=True rankM=6 (exact) angle_rank=5
   S=(1, 1, 2, 2, 2, 2) bal=False q=78157^1 sym=True |r|ok=True irr=True ord=True geom=True normrel=False rankM=7 (exact) angle_rank=6
   S=(1, 2, 1, 1, 2, 2) bal=True q=78157^1 sym=True |r|ok=True irr=True ord=True geom=True normrel=True rankM=6 (exact) angle_rank=5
   S=(1, 2, 1, 2, 1, 2) bal=True q=78157^4 sym=True |r|ok=True irr=True ord=True geom=True normrel=True rankM=6 (exact) angle_rank=5
   S=(1, 2, 1, 2, 2, 1) bal=True q=78157^1 sym=True |r|ok=True irr=True ord=True geom=True normrel=True rankM=6 (exact) angle_rank=5
   S=(1, 2, 1, 2, 2, 2) bal=False q=78157^4 sym=True |r|ok=True irr=True ord=True geom=True normrel=False rankM=7 (exact) angle_rank=6
   S=(1, 2, 2, 1, 1, 2) bal=True q=78157^2 sym=True |r|ok=True irr=True ord=True geom=True normrel=True rankM=6 (exact) angle_rank=5
   S=(1, 2, 2, 1, 2, 1) bal=True q=78157^4 sym=True |r|ok=True irr=True ord=True geom=True normrel=True rankM=6 (exact) angle_rank=5
   S=(1, 2, 2, 1, 2, 2) bal=False q=78157^1 sym=True |r|ok=True irr=True ord=True geom=True normrel=False rankM=7 (exact) angle_rank=6
   S=(1, 2, 2, 2, 1, 1) bal=True q=78157^2 sym=True |r|ok=True irr=True ord=True geom=True normrel=True rankM=6 (exact) angle_rank=5
   S=(1, 2, 2, 2, 1, 2) bal=False q=78157^4 sym=True |r|ok=True irr=True ord=True geom=True normrel=False rankM=7 (exact) angle_rank=6
   S=(1, 2, 2, 2, 2, 1) bal=False q=78157^1 sym=True |r|ok=True irr=True ord=True geom=True normrel=False rankM=7 (exact) angle_rank=6
  p = 122789: split completely; G_F action: Sym(6) (6T16)
   S=(1, 1, 1, 2, 2, 2) bal=True q=122789^1 sym=True |r|ok=True irr=True ord=True geom=True normrel=True rankM=6 (exact) angle_rank=5
   S=(1, 1, 2, 1, 2, 2) bal=True q=122789^4 sym=True |r|ok=True irr=True ord=True geom=True normrel=True rankM=6 (exact) angle_rank=5
   S=(1, 1, 2, 2, 1, 2) bal=True q=122789^4 sym=True |r|ok=True irr=True ord=True geom=True normrel=True rankM=6 (exact) angle_rank=5
   S=(1, 1, 2, 2, 2, 1) bal=True q=122789^2 sym=True |r|ok=True irr=True ord=True geom=True normrel=True rankM=6 (exact) angle_rank=5
   S=(1, 1, 2, 2, 2, 2) bal=False q=122789^2 sym=True |r|ok=True irr=True ord=True geom=True normrel=False rankM=7 (exact) angle_rank=6
   S=(1, 2, 1, 1, 2, 2) bal=True q=122789^4 sym=True |r|ok=True irr=True ord=True geom=True normrel=True rankM=6 (exact) angle_rank=5
   S=(1, 2, 1, 2, 1, 2) bal=True q=122789^4 sym=True |r|ok=True irr=True ord=True geom=True normrel=True rankM=6 (exact) angle_rank=5
   S=(1, 2, 1, 2, 2, 1) bal=True q=122789^2 sym=True |r|ok=True irr=True ord=True geom=True normrel=True rankM=6 (exact) angle_rank=5
   S=(1, 2, 1, 2, 2, 2) bal=False q=122789^2 sym=True |r|ok=True irr=True ord=True geom=True normrel=False rankM=7 (exact) angle_rank=6
   S=(1, 2, 2, 1, 1, 2) bal=True q=122789^1 sym=True |r|ok=True irr=True ord=True geom=True normrel=True rankM=6 (exact) angle_rank=5
   S=(1, 2, 2, 1, 2, 1) bal=True q=122789^4 sym=True |r|ok=True irr=True ord=True geom=True normrel=True rankM=6 (exact) angle_rank=5
   S=(1, 2, 2, 1, 2, 2) bal=False q=122789^4 sym=True |r|ok=True irr=True ord=True geom=True normrel=False rankM=7 (exact) angle_rank=6
   S=(1, 2, 2, 2, 1, 1) bal=True q=122789^4 sym=True |r|ok=True irr=True ord=True geom=True normrel=True rankM=6 (exact) angle_rank=5
   S=(1, 2, 2, 2, 1, 2) bal=False q=122789^4 sym=True |r|ok=True irr=True ord=True geom=True normrel=False rankM=7 (exact) angle_rank=6
   S=(1, 2, 2, 2, 2, 1) bal=False q=122789^1 sym=True |r|ok=True irr=True ord=True geom=True normrel=False rankM=7 (exact) angle_rank=6
  p = 162493: split completely; G_F action: Sym(6) (6T16)
   S=(1, 1, 1, 2, 2, 2) bal=True q=162493^4 sym=True |r|ok=True irr=True ord=True geom=True normrel=True rankM=6 (exact) angle_rank=5
   S=(1, 1, 2, 1, 2, 2) bal=True q=162493^2 sym=True |r|ok=True irr=True ord=True geom=True normrel=True rankM=6 (exact) angle_rank=5
   S=(1, 1, 2, 2, 1, 2) bal=True q=162493^4 sym=True |r|ok=True irr=True ord=True geom=True normrel=True rankM=6 (exact) angle_rank=5
   S=(1, 1, 2, 2, 2, 1) bal=True q=162493^1 sym=True |r|ok=True irr=True ord=True geom=True normrel=True rankM=6 (exact) angle_rank=5
   S=(1, 1, 2, 2, 2, 2) bal=False q=162493^1 sym=True |r|ok=True irr=True ord=True geom=True normrel=False rankM=7 (exact) angle_rank=6
   S=(1, 2, 1, 1, 2, 2) bal=True q=162493^4 sym=True |r|ok=True irr=True ord=True geom=True normrel=True rankM=6 (exact) angle_rank=5
   S=(1, 2, 1, 2, 1, 2) bal=True q=162493^2 sym=True |r|ok=True irr=True ord=True geom=True normrel=True rankM=6 (exact) angle_rank=5
   S=(1, 2, 1, 2, 2, 1) bal=True q=162493^4 sym=True |r|ok=True irr=True ord=True geom=True normrel=True rankM=6 (exact) angle_rank=5
   S=(1, 2, 1, 2, 2, 2) bal=False q=162493^4 sym=True |r|ok=True irr=True ord=True geom=True normrel=False rankM=7 (exact) angle_rank=6
   S=(1, 2, 2, 1, 1, 2) bal=True q=162493^4 sym=True |r|ok=True irr=True ord=True geom=True normrel=True rankM=6 (exact) angle_rank=5
   S=(1, 2, 2, 1, 2, 1) bal=True q=162493^2 sym=True |r|ok=True irr=True ord=True geom=True normrel=True rankM=6 (exact) angle_rank=5
   S=(1, 2, 2, 1, 2, 2) bal=False q=162493^2 sym=True |r|ok=True irr=True ord=True geom=True normrel=False rankM=7 (exact) angle_rank=6
   S=(1, 2, 2, 2, 1, 1) bal=True q=162493^4 sym=True |r|ok=True irr=True ord=True geom=True normrel=True rankM=6 (exact) angle_rank=5
   S=(1, 2, 2, 2, 1, 2) bal=False q=162493^4 sym=True |r|ok=True irr=True ord=True geom=True normrel=False rankM=7 (exact) angle_rank=6
   S=(1, 2, 2, 2, 2, 1) bal=False q=162493^1 sym=True |r|ok=True irr=True ord=True geom=True normrel=False rankM=7 (exact) angle_rank=6
  p = 174457: split completely; G_F action: Sym(6) (6T16)
   S=(1, 1, 1, 2, 2, 2) bal=True q=174457^4 sym=True |r|ok=True irr=True ord=True geom=True normrel=True rankM=6 (exact) angle_rank=5
   S=(1, 1, 2, 1, 2, 2) bal=True q=174457^4 sym=True |r|ok=True irr=True ord=True geom=True normrel=True rankM=6 (exact) angle_rank=5
   S=(1, 1, 2, 2, 1, 2) bal=True q=174457^4 sym=True |r|ok=True irr=True ord=True geom=True normrel=True rankM=6 (exact) angle_rank=5
   S=(1, 1, 2, 2, 2, 1) bal=True q=174457^1 sym=True |r|ok=True irr=True ord=True geom=True normrel=True rankM=6 (exact) angle_rank=5
   S=(1, 1, 2, 2, 2, 2) bal=False q=174457^4 sym=True |r|ok=True irr=True ord=True geom=True normrel=False rankM=7 (exact) angle_rank=6
   S=(1, 2, 1, 1, 2, 2) bal=True q=174457^1 sym=True |r|ok=True irr=True ord=True geom=True normrel=True rankM=6 (exact) angle_rank=5
   S=(1, 2, 1, 2, 1, 2) bal=True q=174457^1 sym=True |r|ok=True irr=True ord=True geom=True normrel=True rankM=6 (exact) angle_rank=5
   S=(1, 2, 1, 2, 2, 1) bal=True q=174457^4 sym=True |r|ok=True irr=True ord=True geom=True normrel=True rankM=6 (exact) angle_rank=5
   S=(1, 2, 1, 2, 2, 2) bal=False q=174457^1 sym=True |r|ok=True irr=True ord=True geom=True normrel=False rankM=7 (exact) angle_rank=6
   S=(1, 2, 2, 1, 1, 2) bal=True q=174457^1 sym=True |r|ok=True irr=True ord=True geom=True normrel=True rankM=6 (exact) angle_rank=5
   S=(1, 2, 2, 1, 2, 1) bal=True q=174457^4 sym=True |r|ok=True irr=True ord=True geom=True normrel=True rankM=6 (exact) angle_rank=5
   S=(1, 2, 2, 1, 2, 2) bal=False q=174457^1 sym=True |r|ok=True irr=True ord=True geom=True normrel=False rankM=7 (exact) angle_rank=6
   S=(1, 2, 2, 2, 1, 1) bal=True q=174457^4 sym=True |r|ok=True irr=True ord=True geom=True normrel=True rankM=6 (exact) angle_rank=5
   S=(1, 2, 2, 2, 1, 2) bal=False q=174457^1 sym=True |r|ok=True irr=True ord=True geom=True normrel=False rankM=7 (exact) angle_rank=6
   S=(1, 2, 2, 2, 2, 1) bal=False q=174457^4 sym=True |r|ok=True irr=True ord=True geom=True normrel=False rankM=7 (exact) angle_rank=6
  p = 225613: split completely; G_F action: Sym(6) (6T16)
   S=(1, 1, 1, 2, 2, 2) bal=True q=225613^1 sym=True |r|ok=True irr=True ord=True geom=True normrel=True rankM=6 (exact) angle_rank=5
   S=(1, 1, 2, 1, 2, 2) bal=True q=225613^4 sym=True |r|ok=True irr=True ord=True geom=True normrel=True rankM=6 (exact) angle_rank=5
   S=(1, 1, 2, 2, 1, 2) bal=True q=225613^1 sym=True |r|ok=True irr=True ord=True geom=True normrel=True rankM=6 (exact) angle_rank=5
   S=(1, 1, 2, 2, 2, 1) bal=True q=225613^2 sym=True |r|ok=True irr=True ord=True geom=True normrel=True rankM=6 (exact) angle_rank=5
   S=(1, 1, 2, 2, 2, 2) bal=False q=225613^4 sym=True |r|ok=True irr=True ord=True geom=True normrel=False rankM=7 (exact) angle_rank=6
   S=(1, 2, 1, 1, 2, 2) bal=True q=225613^1 sym=True |r|ok=True irr=True ord=True geom=True normrel=True rankM=6 (exact) angle_rank=5
   S=(1, 2, 1, 2, 1, 2) bal=True q=225613^4 sym=True |r|ok=True irr=True ord=True geom=True normrel=True rankM=6 (exact) angle_rank=5
   S=(1, 2, 1, 2, 2, 1) bal=True q=225613^4 sym=True |r|ok=True irr=True ord=True geom=True normrel=True rankM=6 (exact) angle_rank=5
   S=(1, 2, 1, 2, 2, 2) bal=False q=225613^1 sym=True |r|ok=True irr=True ord=True geom=True normrel=False rankM=7 (exact) angle_rank=6
   S=(1, 2, 2, 1, 1, 2) bal=True q=225613^1 sym=True |r|ok=True irr=True ord=True geom=True normrel=True rankM=6 (exact) angle_rank=5
   S=(1, 2, 2, 1, 2, 1) bal=True q=225613^2 sym=True |r|ok=True irr=True ord=True geom=True normrel=True rankM=6 (exact) angle_rank=5
   S=(1, 2, 2, 1, 2, 2) bal=False q=225613^4 sym=True |r|ok=True irr=True ord=True geom=True normrel=False rankM=7 (exact) angle_rank=6
   S=(1, 2, 2, 2, 1, 1) bal=True q=225613^4 sym=True |r|ok=True irr=True ord=True geom=True normrel=True rankM=6 (exact) angle_rank=5
   S=(1, 2, 2, 2, 1, 2) bal=False q=225613^1 sym=True |r|ok=True irr=True ord=True geom=True normrel=False rankM=7 (exact) angle_rank=6
   S=(1, 2, 2, 2, 2, 1) bal=False q=225613^2 sym=True |r|ok=True irr=True ord=True geom=True normrel=False rankM=7 (exact) angle_rank=6
  p = 229837: split completely; G_F action: Sym(6) (6T16)
   S=(1, 1, 1, 2, 2, 2) bal=True q=229837^4 sym=True |r|ok=True irr=True ord=True geom=True normrel=True rankM=6 (exact) angle_rank=5
   S=(1, 1, 2, 1, 2, 2) bal=True q=229837^4 sym=True |r|ok=True irr=True ord=True geom=True normrel=True rankM=6 (exact) angle_rank=5
   S=(1, 1, 2, 2, 1, 2) bal=True q=229837^2 sym=True |r|ok=True irr=True ord=True geom=True normrel=True rankM=6 (exact) angle_rank=5
   S=(1, 1, 2, 2, 2, 1) bal=True q=229837^4 sym=True |r|ok=True irr=True ord=True geom=True normrel=True rankM=6 (exact) angle_rank=5
   S=(1, 1, 2, 2, 2, 2) bal=False q=229837^4 sym=True |r|ok=True irr=True ord=True geom=True normrel=False rankM=7 (exact) angle_rank=6
   S=(1, 2, 1, 1, 2, 2) bal=True q=229837^2 sym=True |r|ok=True irr=True ord=True geom=True normrel=True rankM=6 (exact) angle_rank=5
   S=(1, 2, 1, 2, 1, 2) bal=True q=229837^4 sym=True |r|ok=True irr=True ord=True geom=True normrel=True rankM=6 (exact) angle_rank=5
   S=(1, 2, 1, 2, 2, 1) bal=True q=229837^1 sym=True |r|ok=True irr=True ord=True geom=True normrel=True rankM=6 (exact) angle_rank=5
   S=(1, 2, 1, 2, 2, 2) bal=False q=229837^2 sym=True |r|ok=True irr=True ord=True geom=True normrel=False rankM=7 (exact) angle_rank=6
   S=(1, 2, 2, 1, 1, 2) bal=True q=229837^4 sym=True |r|ok=True irr=True ord=True geom=True normrel=True rankM=6 (exact) angle_rank=5
   S=(1, 2, 2, 1, 2, 1) bal=True q=229837^1 sym=True |r|ok=True irr=True ord=True geom=True normrel=True rankM=6 (exact) angle_rank=5
   S=(1, 2, 2, 1, 2, 2) bal=False q=229837^2 sym=True |r|ok=True irr=True ord=True geom=True normrel=False rankM=7 (exact) angle_rank=6
   S=(1, 2, 2, 2, 1, 1) bal=True q=229837^4 sym=True |r|ok=True irr=True ord=True geom=True normrel=True rankM=6 (exact) angle_rank=5
   S=(1, 2, 2, 2, 1, 2) bal=False q=229837^4 sym=True |r|ok=True irr=True ord=True geom=True normrel=False rankM=7 (exact) angle_rank=6
   S=(1, 2, 2, 2, 2, 1) bal=False q=229837^1 sym=True |r|ok=True irr=True ord=True geom=True normrel=False rankM=7 (exact) angle_rank=6
  p = 244429: split completely; G_F action: Sym(6) (6T16)
   S=(1, 1, 1, 2, 2, 2) bal=True q=244429^2 sym=True |r|ok=True irr=True ord=True geom=True normrel=True rankM=6 (exact) angle_rank=5
   S=(1, 1, 2, 1, 2, 2) bal=True q=244429^1 sym=True |r|ok=True irr=True ord=True geom=True normrel=True rankM=6 (exact) angle_rank=5
   S=(1, 1, 2, 2, 1, 2) bal=True q=244429^4 sym=True |r|ok=True irr=True ord=True geom=True normrel=True rankM=6 (exact) angle_rank=5
   S=(1, 1, 2, 2, 2, 1) bal=True q=244429^1 sym=True |r|ok=True irr=True ord=True geom=True normrel=True rankM=6 (exact) angle_rank=5
   S=(1, 1, 2, 2, 2, 2) bal=False q=244429^4 sym=True |r|ok=True irr=True ord=True geom=True normrel=False rankM=7 (exact) angle_rank=6
   S=(1, 2, 1, 1, 2, 2) bal=True q=244429^4 sym=True |r|ok=True irr=True ord=True geom=True normrel=True rankM=6 (exact) angle_rank=5
   S=(1, 2, 1, 2, 1, 2) bal=True q=244429^2 sym=True |r|ok=True irr=True ord=True geom=True normrel=True rankM=6 (exact) angle_rank=5
   S=(1, 2, 1, 2, 2, 1) bal=True q=244429^4 sym=True |r|ok=True irr=True ord=True geom=True normrel=True rankM=6 (exact) angle_rank=5
   S=(1, 2, 1, 2, 2, 2) bal=False q=244429^2 sym=True |r|ok=True irr=True ord=True geom=True normrel=False rankM=7 (exact) angle_rank=6
   S=(1, 2, 2, 1, 1, 2) bal=True q=244429^1 sym=True |r|ok=True irr=True ord=True geom=True normrel=True rankM=6 (exact) angle_rank=5
   S=(1, 2, 2, 1, 2, 1) bal=True q=244429^4 sym=True |r|ok=True irr=True ord=True geom=True normrel=True rankM=6 (exact) angle_rank=5
   S=(1, 2, 2, 1, 2, 2) bal=False q=244429^1 sym=True |r|ok=True irr=True ord=True geom=True normrel=False rankM=7 (exact) angle_rank=6
   S=(1, 2, 2, 2, 1, 1) bal=True q=244429^1 sym=True |r|ok=True irr=True ord=True geom=True normrel=True rankM=6 (exact) angle_rank=5
   S=(1, 2, 2, 2, 1, 2) bal=False q=244429^4 sym=True |r|ok=True irr=True ord=True geom=True normrel=False rankM=7 (exact) angle_rank=6
   S=(1, 2, 2, 2, 2, 1) bal=False q=244429^1 sym=True |r|ok=True irr=True ord=True geom=True normrel=False rankM=7 (exact) angle_rank=6
  p = 265781: split completely; G_F action: Sym(6) (6T16)
   S=(1, 1, 1, 2, 2, 2) bal=True q=265781^1 sym=True |r|ok=True irr=True ord=True geom=True normrel=True rankM=6 (exact) angle_rank=5
   S=(1, 1, 2, 1, 2, 2) bal=True q=265781^1 sym=True |r|ok=True irr=True ord=True geom=True normrel=True rankM=6 (exact) angle_rank=5
   S=(1, 1, 2, 2, 1, 2) bal=True q=265781^4 sym=True |r|ok=True irr=True ord=True geom=True normrel=True rankM=6 (exact) angle_rank=5
   S=(1, 1, 2, 2, 2, 1) bal=True q=265781^2 sym=True |r|ok=True irr=True ord=True geom=True normrel=True rankM=6 (exact) angle_rank=5
   S=(1, 1, 2, 2, 2, 2) bal=False q=265781^4 sym=True |r|ok=True irr=True ord=True geom=True normrel=False rankM=7 (exact) angle_rank=6
   S=(1, 2, 1, 1, 2, 2) bal=True q=265781^4 sym=True |r|ok=True irr=True ord=True geom=True normrel=True rankM=6 (exact) angle_rank=5
   S=(1, 2, 1, 2, 1, 2) bal=True q=265781^1 sym=True |r|ok=True irr=True ord=True geom=True normrel=True rankM=6 (exact) angle_rank=5
   S=(1, 2, 1, 2, 2, 1) bal=True q=265781^4 sym=True |r|ok=True irr=True ord=True geom=True normrel=True rankM=6 (exact) angle_rank=5
   S=(1, 2, 1, 2, 2, 2) bal=False q=265781^1 sym=True |r|ok=True irr=True ord=True geom=True normrel=False rankM=7 (exact) angle_rank=6
   S=(1, 2, 2, 1, 1, 2) bal=True q=265781^1 sym=True |r|ok=True irr=True ord=True geom=True normrel=True rankM=6 (exact) angle_rank=5
   S=(1, 2, 2, 1, 2, 1) bal=True q=265781^4 sym=True |r|ok=True irr=True ord=True geom=True normrel=True rankM=6 (exact) angle_rank=5
   S=(1, 2, 2, 1, 2, 2) bal=False q=265781^1 sym=True |r|ok=True irr=True ord=True geom=True normrel=False rankM=7 (exact) angle_rank=6
   S=(1, 2, 2, 2, 1, 1) bal=True q=265781^2 sym=True |r|ok=True irr=True ord=True geom=True normrel=True rankM=6 (exact) angle_rank=5
   S=(1, 2, 2, 2, 1, 2) bal=False q=265781^4 sym=True |r|ok=True irr=True ord=True geom=True normrel=False rankM=7 (exact) angle_rank=6
   S=(1, 2, 2, 2, 2, 1) bal=False q=265781^2 sym=True |r|ok=True irr=True ord=True geom=True normrel=False rankM=7 (exact) angle_rank=6
done 9.9s
